Component: ARM Compiler 5.06 update 6 (build 750) Tool: armlink [4d35ed]

==============================================================================

Section Cross References

    startup_stm32f427xx.o(RESET) refers to startup_stm32f427xx.o(STACK) for __initial_sp
    startup_stm32f427xx.o(RESET) refers to startup_stm32f427xx.o(.text) for Reset_Handler
    startup_stm32f427xx.o(RESET) refers to stm32f4xx_it.o(i.NMI_Handler) for NMI_Handler
    startup_stm32f427xx.o(RESET) refers to stm32f4xx_it.o(i.HardFault_Handler) for HardFault_Handler
    startup_stm32f427xx.o(RESET) refers to stm32f4xx_it.o(i.MemManage_Handler) for MemManage_Handler
    startup_stm32f427xx.o(RESET) refers to stm32f4xx_it.o(i.BusFault_Handler) for BusFault_Handler
    startup_stm32f427xx.o(RESET) refers to stm32f4xx_it.o(i.UsageFault_Handler) for UsageFault_Handler
    startup_stm32f427xx.o(RESET) refers to stm32f4xx_it.o(i.SVC_Handler) for SVC_Handler
    startup_stm32f427xx.o(RESET) refers to stm32f4xx_it.o(i.DebugMon_Handler) for DebugMon_Handler
    startup_stm32f427xx.o(RESET) refers to stm32f4xx_it.o(i.PendSV_Handler) for PendSV_Handler
    startup_stm32f427xx.o(RESET) refers to stm32f4xx_it.o(i.SysTick_Handler) for SysTick_Handler
    startup_stm32f427xx.o(RESET) refers to stm32f4xx_it.o(i.TIM2_IRQHandler) for TIM2_IRQHandler
    startup_stm32f427xx.o(RESET) refers to stm32f4xx_it.o(i.TIM3_IRQHandler) for TIM3_IRQHandler
    startup_stm32f427xx.o(RESET) refers to stm32f4xx_it.o(i.USART1_IRQHandler) for USART1_IRQHandler
    startup_stm32f427xx.o(RESET) refers to stm32f4xx_it.o(i.USART2_IRQHandler) for USART2_IRQHandler
    startup_stm32f427xx.o(RESET) refers to stm32f4xx_it.o(i.USART3_IRQHandler) for USART3_IRQHandler
    startup_stm32f427xx.o(.text) refers to system_stm32f4xx.o(i.SystemInit) for SystemInit
    startup_stm32f427xx.o(.text) refers to entry.o(.ARM.Collect$$$$00000000) for __main
    cmd.o(i.cmd_help) refers to memseta.o(.text) for __aeabi_memset
    cmd.o(i.cmd_help) refers to strcmp.o(.text) for strcmp
    cmd.o(i.cmd_help) refers to strlen.o(.text) for strlen
    cmd.o(i.cmd_help) refers to printfa.o(i.__0sprintf) for __2sprintf
    cmd.o(i.cmd_help) refers to usart.o(i.serial_tx) for serial_tx
    cmd.o(i.cmd_help) refers to stm32f4xx_hal_uart.o(i.HAL_UART_Transmit) for HAL_UART_Transmit
    cmd.o(i.cmd_help) refers to stm32f4xx_hal.o(i.HAL_Delay) for HAL_Delay
    cmd.o(i.cmd_help) refers to main.o(.data) for uart1_irq_sel
    cmd.o(i.cmd_help) refers to main.o(.data) for cmdlist
    cmd.o(i.cmd_help) refers to main.o(.constdata) for cmd_count
    cmd.o(i.cmd_help) refers to main.o(.bss) for usart1_tx_buf
    cmd.o(i.cmd_help) refers to usart.o(.bss) for huart3
    cmd.o(i.cmd_help2) refers to strcasecmp.o(.text) for strcasecmp
    cmd.o(i.cmd_help2) refers to printfa.o(i.__0sprintf) for __2sprintf
    cmd.o(i.cmd_help2) refers to strlen.o(.text) for strlen
    cmd.o(i.cmd_help2) refers to usart.o(i.serial_tx) for serial_tx
    cmd.o(i.cmd_help2) refers to stm32f4xx_hal_uart.o(i.HAL_UART_Transmit) for HAL_UART_Transmit
    cmd.o(i.cmd_help2) refers to main.o(.data) for cmdlist
    cmd.o(i.cmd_help2) refers to main.o(.constdata) for cmd_count
    cmd.o(i.cmd_help2) refers to main.o(.bss) for usart1_tx_buf
    cmd.o(i.cmd_help2) refers to main.o(.data) for uart1_irq_sel
    cmd.o(i.cmd_help2) refers to usart.o(.bss) for huart3
    cmd.o(i.process_cmd) refers to strtok.o(.text) for strtok
    cmd.o(i.process_cmd) refers to strcasecmp.o(.text) for strcasecmp
    cmd.o(i.process_cmd) refers to printfa.o(i.__0sprintf) for __2sprintf
    cmd.o(i.process_cmd) refers to strlen.o(.text) for strlen
    cmd.o(i.process_cmd) refers to usart.o(i.serial_tx) for serial_tx
    cmd.o(i.process_cmd) refers to stm32f4xx_hal_uart.o(i.HAL_UART_Transmit) for HAL_UART_Transmit
    cmd.o(i.process_cmd) refers to main.o(.data) for uart1_irq_sel
    cmd.o(i.process_cmd) refers to main.o(.data) for cmdlist
    cmd.o(i.process_cmd) refers to main.o(.constdata) for cmd_count
    cmd.o(i.process_cmd) refers to main.o(.bss) for usart1_tx_buf
    cmd.o(i.process_cmd) refers to usart.o(.bss) for huart3
    function.o(i.Cal_CRC16) refers to function.o(i.UpdateCRC16) for UpdateCRC16
    function.o(i.Cal_CRC32) refers to function.o(.data) for .data
    function.o(i.PRINT_CHAR) refers to printfa.o(i.__0sprintf) for __2sprintf
    function.o(i.PRINT_CHAR) refers to strlen.o(.text) for strlen
    function.o(i.PRINT_CHAR) refers to usart.o(i.serial_tx) for serial_tx
    function.o(i.PRINT_CHAR) refers to stm32f4xx_hal_uart.o(i.HAL_UART_Transmit) for HAL_UART_Transmit
    function.o(i.PRINT_CHAR) refers to stm32f4xx_hal.o(i.HAL_Delay) for HAL_Delay
    function.o(i.PRINT_CHAR) refers to main.o(.bss) for usart1_tx_buf
    function.o(i.PRINT_CHAR) refers to main.o(.data) for uart1_irq_sel
    function.o(i.PRINT_CHAR) refers to usart.o(.bss) for huart3
    function.o(i.PRINT_HEX) refers to printfa.o(i.__0sprintf) for __2sprintf
[...]
    .text                                    0x08020dd4   Section        0  llsshr.o(.text)
    .text                                    0x08020df8   Section        0  _scanf.o(.text)
    .text                                    0x08021124   Section        0  scanf_fp.o(.text)
    _fp_value                                0x08021125   Thumb Code   296  scanf_fp.o(.text)
    .text                                    0x08021484   Section        0  dfltul.o(.text)
    .text                                    0x0802149c   Section        0  __dczerorl2.o(.text)
    i.BE32_To_Buffer                         0x080214f2   Section        0  function.o(i.BE32_To_Buffer)
    i.Buffer_To_BE32                         0x08021502   Section        0  function.o(i.Buffer_To_BE32)
    i.BusFault_Handler                       0x08021510   Section        0  stm32f4xx_it.o(i.BusFault_Handler)
    i.Cal_CRC32                              0x08021514   Section        0  function.o(i.Cal_CRC32)
    i.DebugMon_Handler                       0x0802153c   Section        0  stm32f4xx_it.o(i.DebugMon_Handler)
    i.Error_Handler                          0x0802153e   Section        0  main.o(i.Error_Handler)
    i.HAL_DMA_Abort_IT                       0x08021540   Section        0  stm32f4xx_hal_dma.o(i.HAL_DMA_Abort_IT)
    i.HAL_Delay                              0x08021564   Section        0  stm32f4xx_hal.o(i.HAL_Delay)
    i.HAL_GPIO_Init                          0x08021588   Section        0  stm32f4xx_hal_gpio.o(i.HAL_GPIO_Init)
    i.HAL_GPIO_ReadPin                       0x0802175c   Section        0  stm32f4xx_hal_gpio.o(i.HAL_GPIO_ReadPin)
    i.HAL_GPIO_WritePin                      0x08021766   Section        0  stm32f4xx_hal_gpio.o(i.HAL_GPIO_WritePin)
    i.HAL_GetTick                            0x08021770   Section        0  stm32f4xx_hal.o(i.HAL_GetTick)
    i.HAL_IncTick                            0x0802177c   Section        0  stm32f4xx_hal.o(i.HAL_IncTick)
    i.HAL_Init                               0x0802178c   Section        0  stm32f4xx_hal.o(i.HAL_Init)
    i.HAL_InitTick                           0x080217c0   Section        0  stm32f4xx_hal.o(i.HAL_InitTick)
    i.HAL_MspInit                            0x08021800   Section        0  stm32f4xx_hal_msp.o(i.HAL_MspInit)
    i.HAL_NVIC_EnableIRQ                     0x08021830   Section        0  stm32f4xx_hal_cortex.o(i.HAL_NVIC_EnableIRQ)
    i.HAL_NVIC_SetPriority                   0x0802184c   Section        0  stm32f4xx_hal_cortex.o(i.HAL_NVIC_SetPriority)
    i.HAL_NVIC_SetPriorityGrouping           0x0802188c   Section        0  stm32f4xx_hal_cortex.o(i.HAL_NVIC_SetPriorityGrouping)
    i.HAL_PWREx_EnableOverDrive              0x080218b0   Section        0  stm32f4xx_hal_pwr_ex.o(i.HAL_PWREx_EnableOverDrive)
    i.HAL_RCC_ClockConfig                    0x08021920   Section        0  stm32f4xx_hal_rcc.o(i.HAL_RCC_ClockConfig)
    i.HAL_RCC_GetPCLK1Freq                   0x08021a54   Section        0  stm32f4xx_hal_rcc.o(i.HAL_RCC_GetPCLK1Freq)
    i.HAL_RCC_GetPCLK2Freq                   0x08021a74   Section        0  stm32f4xx_hal_rcc.o(i.HAL_RCC_GetPCLK2Freq)
    i.HAL_RCC_GetSysClockFreq                0x08021a94   Section        0  stm32f4xx_hal_rcc.o(i.HAL_RCC_GetSysClockFreq)
    i.HAL_RCC_OscConfig                      0x08021af8   Section        0  stm32f4xx_hal_rcc.o(i.HAL_RCC_OscConfig)
    i.HAL_SYSTICK_Config                     0x08021e54   Section        0  stm32f4xx_hal_cortex.o(i.HAL_SYSTICK_Config)
    i.HAL_TIMEx_BreakCallback                0x08021e7c   Section        0  stm32f4xx_hal_tim_ex.o(i.HAL_TIMEx_BreakCallback)
    i.HAL_TIMEx_CommutCallback               0x08021e7e   Section        0  stm32f4xx_hal_tim_ex.o(i.HAL_TIMEx_CommutCallback)
    i.HAL_TIMEx_MasterConfigSynchronization  0x08021e80   Section        0  stm32f4xx_hal_tim_ex.o(i.HAL_TIMEx_MasterConfigSynchronization)
    i.HAL_TIM_Base_Init                      0x08021f10   Section        0  stm32f4xx_hal_tim.o(i.HAL_TIM_Base_Init)
    i.HAL_TIM_Base_MspInit                   0x08021f48   Section        0  tim.o(i.HAL_TIM_Base_MspInit)
    i.HAL_TIM_ConfigClockSource              0x08021fa8   Section        0  stm32f4xx_hal_tim.o(i.HAL_TIM_ConfigClockSource)
    i.HAL_TIM_IC_CaptureCallback             0x0802207e   Section        0  stm32f4xx_hal_tim.o(i.HAL_TIM_IC_CaptureCallback)
    i.HAL_TIM_IRQHandler                     0x08022080   Section        0  stm32f4xx_hal_tim.o(i.HAL_TIM_IRQHandler)
    i.HAL_TIM_OC_DelayElapsedCallback        0x080221e6   Section        0  stm32f4xx_hal_tim.o(i.HAL_TIM_OC_DelayElapsedCallback)
    i.HAL_TIM_PWM_PulseFinishedCallback      0x080221e8   Section        0  stm32f4xx_hal_tim.o(i.HAL_TIM_PWM_PulseFinishedCallback)
    i.HAL_TIM_PeriodElapsedCallback          0x080221ea   Section        0  main.o(i.HAL_TIM_PeriodElapsedCallback)
    i.HAL_TIM_TriggerCallback                0x080221ec   Section        0  stm32f4xx_hal_tim.o(i.HAL_TIM_TriggerCallback)
    i.HAL_UART_ErrorCallback                 0x080221ee   Section        0  stm32f4xx_hal_uart.o(i.HAL_UART_ErrorCallback)
    i.HAL_UART_IRQHandler                    0x080221f0   Section        0  stm32f4xx_hal_uart.o(i.HAL_UART_IRQHandler)
    i.HAL_UART_Init                          0x08022304   Section        0  stm32f4xx_hal_uart.o(i.HAL_UART_Init)
    i.HAL_UART_MspInit                       0x08022368   Section        0  usart.o(i.HAL_UART_MspInit)
    i.HAL_UART_Receive                       0x08022484   Section        0  stm32f4xx_hal_uart.o(i.HAL_UART_Receive)
    i.HAL_UART_Receive_IT                    0x08022542   Section        0  stm32f4xx_hal_uart.o(i.HAL_UART_Receive_IT)
    i.HAL_UART_RxCpltCallback                0x08022594   Section        0  main.o(i.HAL_UART_RxCpltCallback)
    i.HAL_UART_Transmit                      0x08022608   Section        0  stm32f4xx_hal_uart.o(i.HAL_UART_Transmit)
    i.HAL_UART_TxCpltCallback                0x080226c2   Section        0  stm32f4xx_hal_uart.o(i.HAL_UART_TxCpltCallback)
    i.HardFault_Handler                      0x080226c4   Section        0  stm32f4xx_it.o(i.HardFault_Handler)
    i.MX_GPIO_Init                           0x080226c8   Section        0  gpio.o(i.MX_GPIO_Init)
    i.MX_TIM2_Init                           0x080227d4   Section        0  tim.o(i.MX_TIM2_Init)
    i.MX_TIM3_Init                           0x0802283c   Section        0  tim.o(i.MX_TIM3_Init)
    i.MX_USART1_UART_Init                    0x080228a4   Section        0  usart.o(i.MX_USART1_UART_Init)
    i.MX_USART2_UART_Init                    0x080228dc   Section        0  usart.o(i.MX_USART2_UART_Init)
    i.MX_USART3_UART_Init                    0x08022914   Section        0  usart.o(i.MX_USART3_UART_Init)
    i.MemManage_Handler                      0x0802294c   Section        0  stm32f4xx_it.o(i.MemManage_Handler)
    i.NMI_Handler                            0x0802294e   Section        0  stm32f4xx_it.o(i.NMI_Handler)
    i.PRINT_CHAR                             0x08022950   Section        0  function.o(i.PRINT_CHAR)
    i.PRINT_HEX                              0x08022adc   Section        0  function.o(i.PRINT_HEX)
    i.PendSV_Handler                         0x08022c84   Section        0  stm32f4xx_it.o(i.PendSV_Handler)
    i.SVC_Handler                            0x08022c86   Section        0  stm32f4xx_it.o(i.SVC_Handler)
    i.SysTick_Handler                        0x08022c88   Section        0  stm32f4xx_it.o(i.SysTick_Handler)
    i.SystemClock_Config                     0x08022c8c   Section        0  main.o(i.SystemClock_Config)
    i.SystemInit                             0x08022d18   Section        0  system_stm32f4xx.o(i.SystemInit)
    i.TIM2_IRQHandler                        0x08022d34   Section        0  stm32f4xx_it.o(i.TIM2_IRQHandler)
    i.TIM3_IRQHandler                        0x08022d40   Section        0  stm32f4xx_it.o(i.TIM3_IRQHandler)
    i.TIM_Base_SetConfig                     0x08022d4c   Section        0  stm32f4xx_hal_tim.o(i.TIM_Base_SetConfig)
    i.TIM_ETR_SetConfig                      0x08022e14   Section        0  stm32f4xx_hal_tim.o(i.TIM_ETR_SetConfig)
    i.TIM_ITRx_SetConfig                     0x08022e28   Section        0  stm32f4xx_hal_tim.o(i.TIM_ITRx_SetConfig)
    TIM_ITRx_SetConfig                       0x08022e29   Thumb Code    16  stm32f4xx_hal_tim.o(i.TIM_ITRx_SetConfig)
    i.TIM_TI1_ConfigInputStage               0x08022e38   Section        0  stm32f4xx_hal_tim.o(i.TIM_TI1_ConfigInputStage)
    TIM_TI1_ConfigInputStage                 0x08022e39   Thumb Code    34  stm32f4xx_hal_tim.o(i.TIM_TI1_ConfigInputStage)
    i.TIM_TI2_ConfigInputStage               0x08022e5a   Section        0  stm32f4xx_hal_tim.o(i.TIM_TI2_ConfigInputStage)
    TIM_TI2_ConfigInputStage                 0x08022e5b   Thumb Code    36  stm32f4xx_hal_tim.o(i.TIM_TI2_ConfigInputStage)
    i.UART_DMAAbortOnError                   0x08022e7e   Section        0  stm32f4xx_hal_uart.o(i.UART_DMAAbortOnError)
    UART_DMAAbortOnError                     0x08022e7f   Thumb Code    16  stm32f4xx_hal_uart.o(i.UART_DMAAbortOnError)
    i.UART_EndRxTransfer                     0x08022e8e   Section        0  stm32f4xx_hal_uart.o(i.UART_EndRxTransfer)
    UART_EndRxTransfer                       0x08022e8f   Thumb Code    28  stm32f4xx_hal_uart.o(i.UART_EndRxTransfer)
    i.UART_Receive_IT                        0x08022eaa   Section        0  stm32f4xx_hal_uart.o(i.UART_Receive_IT)
    UART_Receive_IT                          0x08022eab   Thumb Code   150  stm32f4xx_hal_uart.o(i.UART_Receive_IT)
    i.UART_SetConfig                         0x08022f40   Section        0  stm32f4xx_hal_uart.o(i.UART_SetConfig)
    UART_SetConfig                           0x08022f41   Thumb Code   286  stm32f4xx_hal_uart.o(i.UART_SetConfig)
    i.UART_Transmit_IT                       0x08023068   Section        0  stm32f4xx_hal_uart.o(i.UART_Transmit_IT)
    UART_Transmit_IT                         0x08023069   Thumb Code    98  stm32f4xx_hal_uart.o(i.UART_Transmit_IT)
    i.UART_WaitOnFlagUntilTimeout            0x080230ca   Section        0  stm32f4xx_hal_uart.o(i.UART_WaitOnFlagUntilTimeout)
    UART_WaitOnFlagUntilTimeout              0x080230cb   Thumb Code   100  stm32f4xx_hal_uart.o(i.UART_WaitOnFlagUntilTimeout)
    i.USART1_IRQHandler                      0x08023130   Section        0  stm32f4xx_it.o(i.USART1_IRQHandler)
    i.USART2_IRQHandler                      0x0802313c   Section        0  stm32f4xx_it.o(i.USART2_IRQHandler)
    i.USART3_IRQHandler                      0x080231b8   Section        0  stm32f4xx_it.o(i.USART3_IRQHandler)
    i.UsageFault_Handler                     0x08023228   Section        0  stm32f4xx_it.o(i.UsageFault_Handler)
    i.__0sprintf                             0x0802322c   Section        0  printfa.o(i.__0sprintf)
    i.__NVIC_SetPriority                     0x08023254   Section        0  stm32f4xx_hal_cortex.o(i.__NVIC_SetPriority)
    __NVIC_SetPriority                       0x08023255   Thumb Code    32  stm32f4xx_hal_cortex.o(i.__NVIC_SetPriority)
    i.__aeabi_errno_addr                     0x08023274   Section        0  errno.o(i.__aeabi_errno_addr)
    i.__hardfp_atof                          0x08023280   Section        0  atof.o(i.__hardfp_atof)
    i.__read_errno                           0x080232b8   Section        0  errno.o(i.__read_errno)
    i.__scatterload_copy                     0x080232c4   Section       14  handlers.o(i.__scatterload_copy)
    i.__scatterload_null                     0x080232d2   Section        2  handlers.o(i.__scatterload_null)
    i.__scatterload_zeroinit                 0x080232d4   Section       14  handlers.o(i.__scatterload_zeroinit)
    i.__set_errno                            0x080232e4   Section        0  errno.o(i.__set_errno)
    i._fp_digits                             0x080232f0   Section        0  printfa.o(i._fp_digits)
    _fp_digits                               0x080232f1   Thumb Code   366  printfa.o(i._fp_digits)
    i._is_digit                              0x08023474   Section        0  scanf_fp.o(i._is_digit)
    i._printf_core                           0x08023484   Section        0  printfa.o(i._printf_core)
    _printf_core                             0x08023485   Thumb Code  1744  printfa.o(i._printf_core)
    i._printf_post_padding                   0x08023b60   Section        0  printfa.o(i._printf_post_padding)
    _printf_post_padding                     0x08023b61   Thumb Code    36  printfa.o(i._printf_post_padding)
    i._printf_pre_padding                    0x08023b84   Section        0  printfa.o(i._printf_pre_padding)
    _printf_pre_padding                      0x08023b85   Thumb Code    46  printfa.o(i._printf_pre_padding)
    i._sputc                                 0x08023bb2   Section        0  printfa.o(i._sputc)
    _sputc                                   0x08023bb3   Thumb Code    10  printfa.o(i._sputc)
    i.cmd_IL                                 0x08023bbc   Section        0  function.o(i.cmd_IL)
    i.cmd_device_status                      0x08023cc8   Section        0  function.o(i.cmd_device_status)
    i.cmd_for_debug                          0x08023da4   Section        0  function.o(i.cmd_for_debug)
    i.cmd_help                               0x0802409c   Section        0  cmd.o(i.cmd_help)
    i.cmd_help2                              0x080241ac   Section        0  cmd.o(i.cmd_help2)
    i.cmd_log                                0x08024348   Section        0  function.o(i.cmd_log)
    i.cmd_maintain                           0x08024394   Section        0  function.o(i.cmd_maintain)
    i.cmd_power                              0x080244d0   Section        0  function.o(i.cmd_power)
    i.cmd_reset                              0x08024530   Section        0  function.o(i.cmd_reset)
    i.cmd_switch                             0x08024714   Section        0  function.o(i.cmd_switch)
    i.cmd_temp                               0x08024768   Section        0  function.o(i.cmd_temp)
    i.cmd_time                               0x08024824   Section        0  function.o(i.cmd_time)
    i.cmd_upgrade                            0x08024870   Section        0  function.o(i.cmd_upgrade)
    i.cmd_version                            0x08024914   Section        0  function.o(i.cmd_version)
    i.cmd_voltage                            0x08024b30   Section        0  function.o(i.cmd_voltage)
    i.debug_adc                              0x08024b80   Section        0  function.o(i.debug_adc)
    i.debug_cal                              0x08024dd4   Section        0  function.o(i.debug_cal)
    i.debug_check_cali                       0x08024fb4   Section        0  function.o(i.debug_check_cali)
    i.debug_crc32                            0x08025048   Section        0  function.o(i.debug_crc32)
    i.debug_dac                              0x080250c0   Section        0  function.o(i.debug_dac)
    i.debug_dump                             0x08025278   Section        0  function.o(i.debug_dump)
    i.debug_eeprom                           0x08025a54   Section        0  function.o(i.debug_eeprom)
    i.debug_get_inter_exp                    0x08025b54   Section        0  function.o(i.debug_get_inter_exp)
    i.debug_monitor                          0x08025bfc   Section        0  function.o(i.debug_monitor)
    i.debug_pin                              0x08025ce0   Section        0  function.o(i.debug_pin)
    i.debug_print_hex                        0x08025ebc   Section        0  function.o(i.debug_print_hex)
    i.debug_reset_fw                         0x08025ef4   Section        0  function.o(i.debug_reset_fw)
    i.debug_reset_log                        0x08025f2c   Section        0  function.o(i.debug_reset_log)
    i.debug_send_hex                         0x08025f64   Section        0  function.o(i.debug_send_hex)
    i.debug_switch_io                        0x0802641c   Section        0  function.o(i.debug_switch_io)
    i.debug_tag                              0x08026520   Section        0  function.o(i.debug_tag)
    i.debug_unlock                           0x08026754   Section        0  function.o(i.debug_unlock)
    i.debug_upgrade_bootloader_install       0x08026790   Section        0  function.o(i.debug_upgrade_bootloader_install)
    i.debug_upgrade_bootloader_mode          0x0802689c   Section        0  function.o(i.debug_upgrade_bootloader_mode)
    i.debug_write_log                        0x08026938   Section        0  function.o(i.debug_write_log)
    i.get_log_time                           0x080269a0   Section        0  function.o(i.get_log_time)
    i.get_switch                             0x08026a24   Section        0  function.o(i.get_switch)
    i.get_voltage                            0x08026ab4   Section        0  function.o(i.get_voltage)
    i.get_voltage_threshold                  0x08026bf0   Section        0  function.o(i.get_voltage_threshold)
    i.log_content                            0x08026db0   Section        0  function.o(i.log_content)
    i.log_packets                            0x08026f6c   Section        0  function.o(i.log_packets)
    i.main                                   0x08027008   Section        0  main.o(i.main)
    i.process_cmd                            0x08027294   Section        0  cmd.o(i.process_cmd)
    i.process_command                        0x080273e0   Section        0  function.o(i.process_command)
    i.rb_init                                0x08027794   Section        0  main.o(i.rb_init)
    rb_init                                  0x08027795   Thumb Code    14  main.o(i.rb_init)
    i.rb_is_empty                            0x080277a2   Section        0  usart.o(i.rb_is_empty)
    rb_is_empty                              0x080277a3   Thumb Code    16  usart.o(i.rb_is_empty)
    i.rb_is_empty                            0x080277b2   Section        0  stm32f4xx_it.o(i.rb_is_empty)
    rb_is_empty                              0x080277b3   Thumb Code    16  stm32f4xx_it.o(i.rb_is_empty)
    i.rb_push_insert                         0x080277c2   Section        0  stm32f4xx_it.o(i.rb_push_insert)
    rb_push_insert                           0x080277c3   Thumb Code    64  stm32f4xx_it.o(i.rb_push_insert)
    i.rb_remove                              0x08027802   Section        0  stm32f4xx_it.o(i.rb_remove)
    rb_remove                                0x08027803   Thumb Code    28  stm32f4xx_it.o(i.rb_remove)
    i.serial_available                       0x08027820   Section        0  usart.o(i.serial_available)
    i.serial_read                            0x08027844   Section        0  usart.o(i.serial_read)
    i.serial_tx                              0x08027868   Section        0  usart.o(i.serial_tx)
    i.set_log_time                           0x08027900   Section        0  function.o(i.set_log_time)
    i.set_switch                             0x08027a04   Section        0  function.o(i.set_switch)
    i.upgrade_file                           0x08027a40   Section        0  function.o(i.upgrade_file)
    i.upgrade_init                           0x08027d48   Section        0  function.o(i.upgrade_init)
    i.upgrade_init_with_size                 0x08027ddc   Section        0  function.o(i.upgrade_init_with_size)
    i.upgrade_install                        0x08027ebc   Section        0  function.o(i.upgrade_install)
    .constdata                               0x08027ee8   Section       54  function.o(.constdata)
    __func__                                 0x08027ee8   Data          23  function.o(.constdata)
    __func__                                 0x08027eff   Data          15  function.o(.constdata)
    __func__                                 0x08027f0e   Data          16  function.o(.constdata)
    .constdata                               0x08027f20   Section        4  main.o(.constdata)
    .constdata                               0x08027f24   Section       16  system_stm32f4xx.o(.constdata)
    .constdata                               0x08027f34   Section        8  system_stm32f4xx.o(.constdata)
    .constdata                               0x08027f3c   Section      129  ctype_o.o(.constdata)
    .constdata                               0x08027fc0   Section        4  ctype_o.o(.constdata)
    table                                    0x08027fc0   Data           4  ctype_o.o(.constdata)
    .conststring                             0x08027fc4   Section       68  function.o(.conststring)
    .conststring                             0x08028008   Section      779  main.o(.conststring)
    .data                                    0x20000000   Section     1032  function.o(.data)
    CRC32_TABLE                              0x20000008   Data        1024  function.o(.data)
    .data                                    0x20000408   Section      300  main.o(.data)
    .data                                    0x20000534   Section        3  main.o(.data)
    .data                                    0x20000538   Section     2056  usart.o(.data)
    usart1_tr_s                              0x20000538   Data        2056  usart.o(.data)
    .data                                    0x20000d40   Section        4  usart.o(.data)
    .data                                    0x20000d44   Section       12  stm32f4xx_hal.o(.data)
    .data                                    0x20000d50   Section        4  system_stm32f4xx.o(.data)
    .data                                    0x20000d54   Section        4  strtok.o(.data)
    state                                    0x20000d54   Data           4  strtok.o(.data)
    .data                                    0x20000d58   Section        4  errno.o(.data)
    _errno                                   0x20000d58   Data           4  errno.o(.data)
    .bss                                     0x20000d5c   Section    100540  function.o(.bss)
    .bss                                     0x20019618   Section      256  main.o(.bss)
    .bss                                     0x20019718   Section     1200  main.o(.bss)
    .bss                                     0x20019bc8   Section      128  tim.o(.bss)
    .bss                                     0x20019c48   Section      192  usart.o(.bss)
    .bss                                     0x20019d08   Section       12  usart.o(.bss)
    usart1_rb                                0x20019d08   Data          12  usart.o(.bss)
    .bss                                     0x20019d14   Section       12  usart.o(.bss)
    usart1_wb                                0x20019d14   Data          12  usart.o(.bss)
    STACK                                    0x20019d20   Section     1024  startup_stm32f427xx.o(STACK)

    Global Symbols

    Symbol Name                              Value     Ov Type        Size  Object(Section)

    BuildAttributes$$THM_ISAv4$E$P$D$K$B$S$7EM$VFPi3$EXTD16$VFPS$VFMA$PE$A:L22UL41UL21$X:L11$S22US41US21$IEEE1$IW$USESV6$~STKCKD$USESV7$~SHL$OTIME$ROPI$IEEEJ$EBA8$MICROLIB$REQ8$PRES8$EABIv2 0x00000000   Number         0  anon$$obj.o ABSOLUTE
    __ARM_use_no_argv                        0x00000000   Number         0  main.o ABSOLUTE
    _printf_a                                0x00000000   Number         0  stubs.o ABSOLUTE
    _printf_c                                0x00000000   Number         0  stubs.o ABSOLUTE
    _printf_charcount                        0x00000000   Number         0  stubs.o ABSOLUTE
    _printf_d                                0x00000000   Number         0  stubs.o ABSOLUTE
    _printf_e                                0x00000000   Number         0  stubs.o ABSOLUTE
    _printf_f                                0x00000000   Number         0  stubs.o ABSOLUTE
    _printf_flags                            0x00000000   Number         0  stubs.o ABSOLUTE
    _printf_fp_dec                           0x00000000   Number         0  stubs.o ABSOLUTE
    _printf_fp_hex                           0x00000000   Number         0  stubs.o ABSOLUTE
    _printf_g                                0x00000000   Number         0  stubs.o ABSOLUTE
    _printf_i                                0x00000000   Number         0  stubs.o ABSOLUTE
    _printf_int_dec                          0x00000000   Number         0  stubs.o ABSOLUTE
    _printf_l                                0x00000000   Number         0  stubs.o ABSOLUTE
    _printf_lc                               0x00000000   Number         0  stubs.o ABSOLUTE
    _printf_ll                               0x00000000   Number         0  stubs.o ABSOLUTE
    _printf_lld                              0x00000000   Number         0  stubs.o ABSOLUTE
    _printf_lli                              0x00000000   Number         0  stubs.o ABSOLUTE
    _printf_llo                              0x00000000   Number         0  stubs.o ABSOLUTE
    _printf_llu                              0x00000000   Number         0  stubs.o ABSOLUTE
    _printf_llx                              0x00000000   Number         0  stubs.o ABSOLUTE
    _printf_longlong_dec                     0x00000000   Number         0  stubs.o ABSOLUTE
    _printf_longlong_hex                     0x00000000   Number         0  stubs.o ABSOLUTE
    _printf_longlong_oct                     0x00000000   Number         0  stubs.o ABSOLUTE
    _printf_ls                               0x00000000   Number         0  stubs.o ABSOLUTE
    _printf_mbtowc                           0x00000000   Number         0  stubs.o ABSOLUTE
    _printf_n                                0x00000000   Number         0  stubs.o ABSOLUTE
    _printf_o                                0x00000000   Number         0  stubs.o ABSOLUTE
    _printf_p                                0x00000000   Number         0  stubs.o ABSOLUTE
    _printf_percent                          0x00000000   Number         0  stubs.o ABSOLUTE
    _printf_pre_padding                      0x00000000   Number         0  stubs.o ABSOLUTE
    _printf_return_value                     0x00000000   Number         0  stubs.o ABSOLUTE
    _printf_s                                0x00000000   Number         0  stubs.o ABSOLUTE
    _printf_sizespec                         0x00000000   Number         0  stubs.o ABSOLUTE
    _printf_str                              0x00000000   Number         0  stubs.o ABSOLUTE
    _printf_truncate_signed                  0x00000000   Number         0  stubs.o ABSOLUTE
    _printf_truncate_unsigned                0x00000000   Number         0  stubs.o ABSOLUTE
    _printf_u                                0x00000000   Number         0  stubs.o ABSOLUTE
    _printf_wc                               0x00000000   Number         0  stubs.o ABSOLUTE
    _printf_wctomb                           0x00000000   Number         0  stubs.o ABSOLUTE
    _printf_widthprec                        0x00000000   Number         0  stubs.o ABSOLUTE
    _printf_x                                0x00000000   Number         0  stubs.o ABSOLUTE
    __cpp_initialize__aeabi_                  - Undefined Weak Reference
    __cxa_finalize                            - Undefined Weak Reference
    _clock_init                               - Undefined Weak Reference
    _microlib_exit                            - Undefined Weak Reference
    _scanf_longlong                           - Undefined Weak Reference
    __Vectors_Size                           0x000001ac   Number         0  startup_stm32f427xx.o ABSOLUTE
    __Vectors                                0x08020000   Data           4  startup_stm32f427xx.o(RESET)
    __Vectors_End                            0x080201ac   Data           0  startup_stm32f427xx.o(RESET)
    __main                                   0x080201ad   Thumb Code     0  entry.o(.ARM.Collect$$$$00000000)
    _main_stk                                0x080201ad   Thumb Code     0  entry2.o(.ARM.Collect$$$$00000001)
    _main_scatterload                        0x080201b1   Thumb Code     0  entry5.o(.ARM.Collect$$$$00000004)
    __main_after_scatterload                 0x080201b5   Thumb Code     0  entry5.o(.ARM.Collect$$$$00000004)
    _main_clock                              0x080201b5   Thumb Code     0  entry7b.o(.ARM.Collect$$$$00000008)
    _main_cpp_init                           0x080201b5   Thumb Code     0  entry8b.o(.ARM.Collect$$$$0000000A)
    _main_init                               0x080201b5   Thumb Code     0  entry9a.o(.ARM.Collect$$$$0000000B)
    __rt_final_cpp                           0x080201bd   Thumb Code     0  entry10a.o(.ARM.Collect$$$$0000000D)
    __rt_final_exit                          0x080201bd   Thumb Code     0  entry11a.o(.ARM.Collect$$$$0000000F)
    Reset_Handler                            0x080201c1   Thumb Code     8  startup_stm32f427xx.o(.text)
    ADC_IRQHandler                           0x080201db   Thumb Code     0  startup_stm32f427xx.o(.text)
    CAN1_RX0_IRQHandler                      0x080201db   Thumb Code     0  startup_stm32f427xx.o(.text)
    CAN1_RX1_IRQHandler                      0x080201db   Thumb Code     0  startup_stm32f427xx.o(.text)
    CAN1_SCE_IRQHandler                      0x080201db   Thumb Code     0  startup_stm32f427xx.o(.text)
    CAN1_TX_IRQHandler                       0x080201db   Thumb Code     0  startup_stm32f427xx.o(.text)
    CAN2_RX0_IRQHandler                      0x080201db   Thumb Code     0  startup_stm32f427xx.o(.text)
    CAN2_RX1_IRQHandler                      0x080201db   Thumb Code     0  startup_stm32f427xx.o(.text)
    CAN2_SCE_IRQHandler                      0x080201db   Thumb Code     0  startup_stm32f427xx.o(.text)
    CAN2_TX_IRQHandler                       0x080201db   Thumb Code     0  startup_stm32f427xx.o(.text)
    DCMI_IRQHandler                          0x080201db   Thumb Code     0  startup_stm32f427xx.o(.text)
    DMA1_Stream0_IRQHandler                  0x080201db   Thumb Code     0  startup_stm32f427xx.o(.text)
    DMA1_Stream1_IRQHandler                  0x080201db   Thumb Code     0  startup_stm32f427xx.o(.text)
    DMA1_Stream2_IRQHandler                  0x080201db   Thumb Code     0  startup_stm32f427xx.o(.text)
    DMA1_Stream3_IRQHandler                  0x080201db   Thumb Code     0  startup_stm32f427xx.o(.text)
    DMA1_Stream4_IRQHandler                  0x080201db   Thumb Code     0  startup_stm32f427xx.o(.text)
    DMA1_Stream5_IRQHandler                  0x080201db   Thumb Code     0  startup_stm32f427xx.o(.text)
    DMA1_Stream6_IRQHandler                  0x080201db   Thumb Code     0  startup_stm32f427xx.o(.text)
    DMA1_Stream7_IRQHandler                  0x080201db   Thumb Code     0  startup_stm32f427xx.o(.text)
    DMA2D_IRQHandler                         0x080201db   Thumb Code     0  startup_stm32f427xx.o(.text)
    DMA2_Stream0_IRQHandler                  0x080201db   Thumb Code     0  startup_stm32f427xx.o(.text)
    DMA2_Stream1_IRQHandler                  0x080201db   Thumb Code     0  startup_stm32f427xx.o(.text)
    DMA2_Stream2_IRQHandler                  0x080201db   Thumb Code     0  startup_stm32f427xx.o(.text)
    DMA2_Stream3_IRQHandler                  0x080201db   Thumb Code     0  startup_stm32f427xx.o(.text)
    DMA2_Stream4_IRQHandler                  0x080201db   Thumb Code     0  startup_stm32f427xx.o(.text)
    DMA2_Stream5_IRQHandler                  0x080201db   Thumb Code     0  startup_stm32f427xx.o(.text)
    DMA2_Stream6_IRQHandler                  0x080201db   Thumb Code     0  startup_stm32f427xx.o(.text)
    DMA2_Stream7_IRQHandler                  0x080201db   Thumb Code     0  startup_stm32f427xx.o(.text)
    ETH_IRQHandler                           0x080201db   Thumb Code     0  startup_stm32f427xx.o(.text)
    ETH_WKUP_IRQHandler                      0x080201db   Thumb Code     0  startup_stm32f427xx.o(.text)
    EXTI0_IRQHandler                         0x080201db   Thumb Code     0  startup_stm32f427xx.o(.text)
    EXTI15_10_IRQHandler                     0x080201db   Thumb Code     0  startup_stm32f427xx.o(.text)
    EXTI1_IRQHandler                         0x080201db   Thumb Code     0  startup_stm32f427xx.o(.text)
    EXTI2_IRQHandler                         0x080201db   Thumb Code     0  startup_stm32f427xx.o(.text)
    EXTI3_IRQHandler                         0x080201db   Thumb Code     0  startup_stm32f427xx.o(.text)
    EXTI4_IRQHandler                         0x080201db   Thumb Code     0  startup_stm32f427xx.o(.text)
    EXTI9_5_IRQHandler                       0x080201db   Thumb Code     0  startup_stm32f427xx.o(.text)
    FLASH_IRQHandler                         0x080201db   Thumb Code     0  startup_stm32f427xx.o(.text)
    FMC_IRQHandler                           0x080201db   Thumb Code     0  startup_stm32f427xx.o(.text)
    FPU_IRQHandler                           0x080201db   Thumb Code     0  startup_stm32f427xx.o(.text)
    HASH_RNG_IRQHandler                      0x080201db   Thumb Code     0  startup_stm32f427xx.o(.text)
    I2C1_ER_IRQHandler                       0x080201db   Thumb Code     0  startup_stm32f427xx.o(.text)
    I2C1_EV_IRQHandler                       0x080201db   Thumb Code     0  startup_stm32f427xx.o(.text)
    I2C2_ER_IRQHandler                       0x080201db   Thumb Code     0  startup_stm32f427xx.o(.text)
    I2C2_EV_IRQHandler                       0x080201db   Thumb Code     0  startup_stm32f427xx.o(.text)
    I2C3_ER_IRQHandler                       0x080201db   Thumb Code     0  startup_stm32f427xx.o(.text)
    I2C3_EV_IRQHandler                       0x080201db   Thumb Code     0  startup_stm32f427xx.o(.text)
    OTG_FS_IRQHandler                        0x080201db   Thumb Code     0  startup_stm32f427xx.o(.text)
    OTG_FS_WKUP_IRQHandler                   0x080201db   Thumb Code     0  startup_stm32f427xx.o(.text)
    OTG_HS_EP1_IN_IRQHandler                 0x080201db   Thumb Code     0  startup_stm32f427xx.o(.text)
    OTG_HS_EP1_OUT_IRQHandler                0x080201db   Thumb Code     0  startup_stm32f427xx.o(.text)
    OTG_HS_IRQHandler                        0x080201db   Thumb Code     0  startup_stm32f427xx.o(.text)
    OTG_HS_WKUP_IRQHandler                   0x080201db   Thumb Code     0  startup_stm32f427xx.o(.text)
    PVD_IRQHandler                           0x080201db   Thumb Code     0  startup_stm32f427xx.o(.text)
    RCC_IRQHandler                           0x080201db   Thumb Code     0  startup_stm32f427xx.o(.text)
    RTC_Alarm_IRQHandler                     0x080201db   Thumb Code     0  startup_stm32f427xx.o(.text)
    RTC_WKUP_IRQHandler                      0x080201db   Thumb Code     0  startup_stm32f427xx.o(.text)
    SAI1_IRQHandler                          0x080201db   Thumb Code     0  startup_stm32f427xx.o(.text)
    SDIO_IRQHandler                          0x080201db   Thumb Code     0  startup_stm32f427xx.o(.text)
    SPI1_IRQHandler                          0x080201db   Thumb Code     0  startup_stm32f427xx.o(.text)
    SPI2_IRQHandler                          0x080201db   Thumb Code     0  startup_stm32f427xx.o(.text)
    SPI3_IRQHandler                          0x080201db   Thumb Code     0  startup_stm32f427xx.o(.text)
    SPI4_IRQHandler                          0x080201db   Thumb Code     0  startup_stm32f427xx.o(.text)
    SPI5_IRQHandler                          0x080201db   Thumb Code     0  startup_stm32f427xx.o(.text)
    SPI6_IRQHandler                          0x080201db   Thumb Code     0  startup_stm32f427xx.o(.text)
    TAMP_STAMP_IRQHandler                    0x080201db   Thumb Code     0  startup_stm32f427xx.o(.text)
    TIM1_BRK_TIM9_IRQHandler                 0x080201db   Thumb Code     0  startup_stm32f427xx.o(.text)
    TIM1_CC_IRQHandler                       0x080201db   Thumb Code     0  startup_stm32f427xx.o(.text)
    TIM1_TRG_COM_TIM11_IRQHandler            0x080201db   Thumb Code     0  startup_stm32f427xx.o(.text)
    TIM1_UP_TIM10_IRQHandler                 0x080201db   Thumb Code     0  startup_stm32f427xx.o(.text)
    TIM4_IRQHandler                          0x080201db   Thumb Code     0  startup_stm32f427xx.o(.text)
    TIM5_IRQHandler                          0x080201db   Thumb Code     0  startup_stm32f427xx.o(.text)
    TIM6_DAC_IRQHandler                      0x080201db   Thumb Code     0  startup_stm32f427xx.o(.text)
    TIM7_IRQHandler                          0x080201db   Thumb Code     0  startup_stm32f427xx.o(.text)
    TIM8_BRK_TIM12_IRQHandler                0x080201db   Thumb Code     0  startup_stm32f427xx.o(.text)
    TIM8_CC_IRQHandler                       0x080201db   Thumb Code     0  startup_stm32f427xx.o(.text)
    TIM8_TRG_COM_TIM14_IRQHandler            0x080201db   Thumb Code     0  startup_stm32f427xx.o(.text)
    TIM8_UP_TIM13_IRQHandler                 0x080201db   Thumb Code     0  startup_stm32f427xx.o(.text)
    UART4_IRQHandler                         0x080201db   Thumb Code     0  startup_stm32f427xx.o(.text)
    UART5_IRQHandler                         0x080201db   Thumb Code     0  startup_stm32f427xx.o(.text)
    UART7_IRQHandler                         0x080201db   Thumb Code     0  startup_stm32f427xx.o(.text)
    UART8_IRQHandler                         0x080201db   Thumb Code     0  startup_stm32f427xx.o(.text)
    USART6_IRQHandler                        0x080201db   Thumb Code     0  startup_stm32f427xx.o(.text)
    WWDG_IRQHandler                          0x080201db   Thumb Code     0  startup_stm32f427xx.o(.text)
    __aeabi_uldivmod                         0x080201e5   Thumb Code    98  uldiv.o(.text)
    __aeabi_memcpy                           0x08020247   Thumb Code    36  memcpya.o(.text)
    __aeabi_memcpy4                          0x08020247   Thumb Code     0  memcpya.o(.text)
    __aeabi_memcpy8                          0x08020247   Thumb Code     0  memcpya.o(.text)
    __aeabi_memset                           0x0802026b   Thumb Code    14  memseta.o(.text)
    __aeabi_memset4                          0x0802026b   Thumb Code     0  memseta.o(.text)
    __aeabi_memset8                          0x0802026b   Thumb Code     0  memseta.o(.text)
    __aeabi_memclr                           0x08020279   Thumb Code     4  memseta.o(.text)
    __aeabi_memclr4                          0x08020279   Thumb Code     0  memseta.o(.text)
    __aeabi_memclr8                          0x08020279   Thumb Code     0  memseta.o(.text)
    _memset$wrapper                          0x0802027d   Thumb Code    18  memseta.o(.text)
    strlen                                   0x0802028f   Thumb Code    14  strlen.o(.text)
    strcmp                                   0x0802029d   Thumb Code    28  strcmp.o(.text)
    strcpy                                   0x080202b9   Thumb Code    18  strcpy.o(.text)
    strtok                                   0x080202cd   Thumb Code    62  strtok.o(.text)
    strcasecmp                               0x08020311   Thumb Code    42  strcasecmp.o(.text)
    strncasecmp                              0x0802033b   Thumb Code    50  strncasecmp.o(.text)
    __0sscanf                                0x0802036d   Thumb Code    48  __0sscanf.o(.text)
    _scanf_int                               0x080203a5   Thumb Code   332  _scanf_int.o(.text)
    _scanf_string                            0x080204f1   Thumb Code   224  _scanf_str.o(.text)
    strtoul                                  0x080205d1   Thumb Code   114  strtoul.o(.text)
    __aeabi_ddiv                             0x08020643   Thumb Code   222  ddiv.o(.text)
    __aeabi_i2d                              0x08020721   Thumb Code    34  dflti.o(.text)
    __aeabi_f2d                              0x08020743   Thumb Code    38  f2d.o(.text)
    __aeabi_d2f                              0x08020769   Thumb Code    56  d2f.o(.text)
    __aeabi_uidiv                            0x080207a1   Thumb Code     0  uidiv.o(.text)
    __aeabi_uidivmod                         0x080207a1   Thumb Code    44  uidiv.o(.text)
    __aeabi_llsl                             0x080207cd   Thumb Code    30  llshl.o(.text)
    _ll_shift_l                              0x080207cd   Thumb Code     0  llshl.o(.text)
    __aeabi_llsr                             0x080207eb   Thumb Code    32  llushr.o(.text)
    _ll_ushift_r                             0x080207eb   Thumb Code     0  llushr.o(.text)
    __rt_ctype_table                         0x0802080d   Thumb Code     4  ctype_o.o(.text)
    isspace                                  0x08020815   Thumb Code    18  isspace_o.o(.text)
    tolower                                  0x08020827   Thumb Code    12  tolower.o(.text)
    _chval                                   0x08020833   Thumb Code    28  _chval.o(.text)
    __vfscanf_char                           0x0802085d   Thumb Code    20  scanf_char.o(.text)
    _sgetc                                   0x08020879   Thumb Code    30  _sgetc.o(.text)
    _sbackspace                              0x08020897   Thumb Code    34  _sgetc.o(.text)
    _strtoul                                 0x080208b9   Thumb Code   158  _strtoul.o(.text)
    __strtod_int                             0x0802098f   Thumb Code    90  strtod.o(.text)
    __I$use$fp                               0x080209f5   Thumb Code     0  iusefp.o(.text)
    _float_round                             0x080209f5   Thumb Code    18  fepilogue.o(.text)
    _float_epilogue                          0x08020a07   Thumb Code    92  fepilogue.o(.text)
    _double_round                            0x08020a63   Thumb Code    30  depilogue.o(.text)
    _double_epilogue                         0x08020a81   Thumb Code   156  depilogue.o(.text)
    __aeabi_dadd                             0x08020b1d   Thumb Code   322  dadd.o(.text)
    __aeabi_dsub                             0x08020c5f   Thumb Code     6  dadd.o(.text)
    __aeabi_drsub                            0x08020c65   Thumb Code     6  dadd.o(.text)
    __aeabi_dmul                             0x08020c6b   Thumb Code   228  dmul.o(.text)
    __aeabi_d2ulz                            0x08020d4f   Thumb Code    48  dfixul.o(.text)
    __aeabi_cdrcmple                         0x08020d81   Thumb Code    48  cdrcmple.o(.text)
    __scatterload                            0x08020db1   Thumb Code    28  init.o(.text)
    __scatterload_rt2                        0x08020db1   Thumb Code     0  init.o(.text)
    __aeabi_lasr                             0x08020dd5   Thumb Code    36  llsshr.o(.text)
    _ll_sshift_r                             0x08020dd5   Thumb Code     0  llsshr.o(.text)
    __vfscanf                                0x08020df9   Thumb Code   808  _scanf.o(.text)
    _scanf_real                              0x0802124d   Thumb Code     0  scanf_fp.o(.text)
    _scanf_really_real                       0x0802124d   Thumb Code   556  scanf_fp.o(.text)
    __aeabi_ul2d                             0x08021485   Thumb Code    24  dfltul.o(.text)
    __decompress                             0x0802149d   Thumb Code     0  __dczerorl2.o(.text)
    __decompress1                            0x0802149d   Thumb Code    86  __dczerorl2.o(.text)
    BE32_To_Buffer                           0x080214f3   Thumb Code    16  function.o(i.BE32_To_Buffer)
    Buffer_To_BE32                           0x08021503   Thumb Code    14  function.o(i.Buffer_To_BE32)
    BusFault_Handler                         0x08021511   Thumb Code     2  stm32f4xx_it.o(i.BusFault_Handler)
    Cal_CRC32                                0x08021515   Thumb Code    36  function.o(i.Cal_CRC32)
    DebugMon_Handler                         0x0802153d   Thumb Code     2  stm32f4xx_it.o(i.DebugMon_Handler)
    Error_Handler                            0x0802153f   Thumb Code     2  main.o(i.Error_Handler)
    HAL_DMA_Abort_IT                         0x08021541   Thumb Code    36  stm32f4xx_hal_dma.o(i.HAL_DMA_Abort_IT)
    HAL_Delay                                0x08021565   Thumb Code    32  stm32f4xx_hal.o(i.HAL_Delay)
    HAL_GPIO_Init                            0x08021589   Thumb Code   414  stm32f4xx_hal_gpio.o(i.HAL_GPIO_Init)
    HAL_GPIO_ReadPin                         0x0802175d   Thumb Code    10  stm32f4xx_hal_gpio.o(i.HAL_GPIO_ReadPin)
    HAL_GPIO_WritePin                        0x08021767   Thumb Code    10  stm32f4xx_hal_gpio.o(i.HAL_GPIO_WritePin)
    HAL_GetTick                              0x08021771   Thumb Code     6  stm32f4xx_hal.o(i.HAL_GetTick)
    HAL_IncTick                              0x0802177d   Thumb Code    12  stm32f4xx_hal.o(i.HAL_IncTick)
    HAL_Init                                 0x0802178d   Thumb Code    48  stm32f4xx_hal.o(i.HAL_Init)
    HAL_InitTick                             0x080217c1   Thumb Code    54  stm32f4xx_hal.o(i.HAL_InitTick)
    HAL_MspInit                              0x08021801   Thumb Code    42  stm32f4xx_hal_msp.o(i.HAL_MspInit)
    HAL_NVIC_EnableIRQ                       0x08021831   Thumb Code    26  stm32f4xx_hal_cortex.o(i.HAL_NVIC_EnableIRQ)
    HAL_NVIC_SetPriority                     0x0802184d   Thumb Code    60  stm32f4xx_hal_cortex.o(i.HAL_NVIC_SetPriority)
    HAL_NVIC_SetPriorityGrouping             0x0802188d   Thumb Code    26  stm32f4xx_hal_cortex.o(i.HAL_NVIC_SetPriorityGrouping)
    HAL_PWREx_EnableOverDrive                0x080218b1   Thumb Code    98  stm32f4xx_hal_pwr_ex.o(i.HAL_PWREx_EnableOverDrive)
    HAL_RCC_ClockConfig                      0x08021921   Thumb Code   288  stm32f4xx_hal_rcc.o(i.HAL_RCC_ClockConfig)
    HAL_RCC_GetPCLK1Freq                     0x08021a55   Thumb Code    20  stm32f4xx_hal_rcc.o(i.HAL_RCC_GetPCLK1Freq)
    HAL_RCC_GetPCLK2Freq                     0x08021a75   Thumb Code    20  stm32f4xx_hal_rcc.o(i.HAL_RCC_GetPCLK2Freq)
    HAL_RCC_GetSysClockFreq                  0x08021a95   Thumb Code    88  stm32f4xx_hal_rcc.o(i.HAL_RCC_GetSysClockFreq)
    HAL_RCC_OscConfig                        0x08021af9   Thumb Code   834  stm32f4xx_hal_rcc.o(i.HAL_RCC_OscConfig)
    HAL_SYSTICK_Config                       0x08021e55   Thumb Code    40  stm32f4xx_hal_cortex.o(i.HAL_SYSTICK_Config)
    HAL_TIMEx_BreakCallback                  0x08021e7d   Thumb Code     2  stm32f4xx_hal_tim_ex.o(i.HAL_TIMEx_BreakCallback)
    HAL_TIMEx_CommutCallback                 0x08021e7f   Thumb Code     2  stm32f4xx_hal_tim_ex.o(i.HAL_TIMEx_CommutCallback)
    HAL_TIMEx_MasterConfigSynchronization    0x08021e81   Thumb Code   116  stm32f4xx_hal_tim_ex.o(i.HAL_TIMEx_MasterConfigSynchronization)
    HAL_TIM_Base_Init                        0x08021f11   Thumb Code    54  stm32f4xx_hal_tim.o(i.HAL_TIM_Base_Init)
    HAL_TIM_Base_MspInit                     0x08021f49   Thumb Code    86  tim.o(i.HAL_TIM_Base_MspInit)
    HAL_TIM_ConfigClockSource                0x08021fa9   Thumb Code   214  stm32f4xx_hal_tim.o(i.HAL_TIM_ConfigClockSource)
    HAL_TIM_IC_CaptureCallback               0x0802207f   Thumb Code     2  stm32f4xx_hal_tim.o(i.HAL_TIM_IC_CaptureCallback)
    HAL_TIM_IRQHandler                       0x08022081   Thumb Code   358  stm32f4xx_hal_tim.o(i.HAL_TIM_IRQHandler)
    HAL_TIM_OC_DelayElapsedCallback          0x080221e7   Thumb Code     2  stm32f4xx_hal_tim.o(i.HAL_TIM_OC_DelayElapsedCallback)
    HAL_TIM_PWM_PulseFinishedCallback        0x080221e9   Thumb Code     2  stm32f4xx_hal_tim.o(i.HAL_TIM_PWM_PulseFinishedCallback)
    HAL_TIM_PeriodElapsedCallback            0x080221eb   Thumb Code     2  main.o(i.HAL_TIM_PeriodElapsedCallback)
    HAL_TIM_TriggerCallback                  0x080221ed   Thumb Code     2  stm32f4xx_hal_tim.o(i.HAL_TIM_TriggerCallback)
    HAL_UART_ErrorCallback                   0x080221ef   Thumb Code     2  stm32f4xx_hal_uart.o(i.HAL_UART_ErrorCallback)
    HAL_UART_IRQHandler                      0x080221f1   Thumb Code   270  stm32f4xx_hal_uart.o(i.HAL_UART_IRQHandler)
    HAL_UART_Init                            0x08022305   Thumb Code    98  stm32f4xx_hal_uart.o(i.HAL_UART_Init)
    HAL_UART_MspInit                         0x08022369   Thumb Code   258  usart.o(i.HAL_UART_MspInit)
    HAL_UART_Receive                         0x08022485   Thumb Code   190  stm32f4xx_hal_uart.o(i.HAL_UART_Receive)
    HAL_UART_Receive_IT                      0x08022543   Thumb Code    82  stm32f4xx_hal_uart.o(i.HAL_UART_Receive_IT)
    HAL_UART_RxCpltCallback                  0x08022595   Thumb Code   104  main.o(i.HAL_UART_RxCpltCallback)
    HAL_UART_Transmit                        0x08022609   Thumb Code   186  stm32f4xx_hal_uart.o(i.HAL_UART_Transmit)
    HAL_UART_TxCpltCallback                  0x080226c3   Thumb Code     2  stm32f4xx_hal_uart.o(i.HAL_UART_TxCpltCallback)
    HardFault_Handler                        0x080226c5   Thumb Code     2  stm32f4xx_it.o(i.HardFault_Handler)
    MX_GPIO_Init                             0x080226c9   Thumb Code   252  gpio.o(i.MX_GPIO_Init)
    MX_TIM2_Init                             0x080227d5   Thumb Code   100  tim.o(i.MX_TIM2_Init)
    MX_TIM3_Init                             0x0802283d   Thumb Code    96  tim.o(i.MX_TIM3_Init)
    MX_USART1_UART_Init                      0x080228a5   Thumb Code    48  usart.o(i.MX_USART1_UART_Init)
    MX_USART2_UART_Init                      0x080228dd   Thumb Code    48  usart.o(i.MX_USART2_UART_Init)
    MX_USART3_UART_Init                      0x08022915   Thumb Code    48  usart.o(i.MX_USART3_UART_Init)
    MemManage_Handler                        0x0802294d   Thumb Code     2  stm32f4xx_it.o(i.MemManage_Handler)
    NMI_Handler                              0x0802294f   Thumb Code     2  stm32f4xx_it.o(i.NMI_Handler)
    PRINT_CHAR                               0x08022951   Thumb Code   310  function.o(i.PRINT_CHAR)
    PRINT_HEX                                0x08022add   Thumb Code   294  function.o(i.PRINT_HEX)
    PendSV_Handler                           0x08022c85   Thumb Code     2  stm32f4xx_it.o(i.PendSV_Handler)
    SVC_Handler                              0x08022c87   Thumb Code     2  stm32f4xx_it.o(i.SVC_Handler)
    SysTick_Handler                          0x08022c89   Thumb Code     4  stm32f4xx_it.o(i.SysTick_Handler)
    SystemClock_Config                       0x08022c8d   Thumb Code   130  main.o(i.SystemClock_Config)
    SystemInit                               0x08022d19   Thumb Code    20  system_stm32f4xx.o(i.SystemInit)
    TIM2_IRQHandler                          0x08022d35   Thumb Code     6  stm32f4xx_it.o(i.TIM2_IRQHandler)
    TIM3_IRQHandler                          0x08022d41   Thumb Code     6  stm32f4xx_it.o(i.TIM3_IRQHandler)
    TIM_Base_SetConfig                       0x08022d4d   Thumb Code   156  stm32f4xx_hal_tim.o(i.TIM_Base_SetConfig)
    TIM_ETR_SetConfig                        0x08022e15   Thumb Code    20  stm32f4xx_hal_tim.o(i.TIM_ETR_SetConfig)
    USART1_IRQHandler                        0x08023131   Thumb Code     6  stm32f4xx_it.o(i.USART1_IRQHandler)
    USART2_IRQHandler                        0x0802313d   Thumb Code   106  stm32f4xx_it.o(i.USART2_IRQHandler)
    USART3_IRQHandler                        0x080231b9   Thumb Code    98  stm32f4xx_it.o(i.USART3_IRQHandler)
    UsageFault_Handler                       0x08023229   Thumb Code     2  stm32f4xx_it.o(i.UsageFault_Handler)
    __0sprintf                               0x0802322d   Thumb Code    34  printfa.o(i.__0sprintf)
    __1sprintf                               0x0802322d   Thumb Code     0  printfa.o(i.__0sprintf)
    __2sprintf                               0x0802322d   Thumb Code     0  printfa.o(i.__0sprintf)
    __c89sprintf                             0x0802322d   Thumb Code     0  printfa.o(i.__0sprintf)
    sprintf                                  0x0802322d   Thumb Code     0  printfa.o(i.__0sprintf)
    __aeabi_errno_addr                       0x08023275   Thumb Code     4  errno.o(i.__aeabi_errno_addr)
    __rt_errno_addr                          0x08023275   Thumb Code     0  errno.o(i.__aeabi_errno_addr)
    __hardfp_atof                            0x08023281   Thumb Code    44  atof.o(i.__hardfp_atof)
    __read_errno                             0x080232b9   Thumb Code     6  errno.o(i.__read_errno)
    __scatterload_copy                       0x080232c5   Thumb Code    14  handlers.o(i.__scatterload_copy)
    __scatterload_null                       0x080232d3   Thumb Code     2  handlers.o(i.__scatterload_null)
    __scatterload_zeroinit                   0x080232d5   Thumb Code    14  handlers.o(i.__scatterload_zeroinit)
    __set_errno                              0x080232e5   Thumb Code     6  errno.o(i.__set_errno)
    _is_digit                                0x08023475   Thumb Code    14  scanf_fp.o(i._is_digit)
    cmd_IL                                   0x08023bbd   Thumb Code   208  function.o(i.cmd_IL)
    cmd_device_status                        0x08023cc9   Thumb Code   120  function.o(i.cmd_device_status)
    cmd_for_debug                            0x08023da5   Thumb Code   550  function.o(i.cmd_for_debug)
    cmd_help                                 0x0802409d   Thumb Code   220  cmd.o(i.cmd_help)
    cmd_help2                                0x080241ad   Thumb Code   342  cmd.o(i.cmd_help2)
    cmd_log                                  0x08024349   Thumb Code    64  function.o(i.cmd_log)
    cmd_maintain                             0x08024395   Thumb Code   220  function.o(i.cmd_maintain)
    cmd_power                                0x080244d1   Thumb Code    72  function.o(i.cmd_power)
    cmd_reset                                0x08024531   Thumb Code   330  function.o(i.cmd_reset)
    cmd_switch                               0x08024715   Thumb Code    66  function.o(i.cmd_switch)
    cmd_temp                                 0x08024769   Thumb Code   130  function.o(i.cmd_temp)
    cmd_time                                 0x08024825   Thumb Code    66  function.o(i.cmd_time)
    cmd_upgrade                              0x08024871   Thumb Code   126  function.o(i.cmd_upgrade)
    cmd_version                              0x08024915   Thumb Code   362  function.o(i.cmd_version)
    cmd_voltage                              0x08024b31   Thumb Code    70  function.o(i.cmd_voltage)
    debug_adc                                0x08024b81   Thumb Code   424  function.o(i.debug_adc)
    debug_cal                                0x08024dd5   Thumb Code   404  function.o(i.debug_cal)
    debug_check_cali                         0x08024fb5   Thumb Code   104  function.o(i.debug_check_cali)
    debug_crc32                              0x08025049   Thumb Code    74  function.o(i.debug_crc32)
    debug_dac                                0x080250c1   Thumb Code   332  function.o(i.debug_dac)
    debug_dump                               0x08025279   Thumb Code  1800  function.o(i.debug_dump)
    debug_eeprom                             0x08025a55   Thumb Code   192  function.o(i.debug_eeprom)
    debug_get_inter_exp                      0x08025b55   Thumb Code   104  function.o(i.debug_get_inter_exp)
    debug_monitor                            0x08025bfd   Thumb Code   142  function.o(i.debug_monitor)
    debug_pin                                0x08025ce1   Thumb Code   350  function.o(i.debug_pin)
    debug_print_hex                          0x08025ebd   Thumb Code    42  function.o(i.debug_print_hex)
    debug_reset_fw                           0x08025ef5   Thumb Code    40  function.o(i.debug_reset_fw)
    debug_reset_log                          0x08025f2d   Thumb Code    40  function.o(i.debug_reset_log)
    debug_send_hex                           0x08025f65   Thumb Code   814  function.o(i.debug_send_hex)
    debug_switch_io                          0x0802641d   Thumb Code   216  function.o(i.debug_switch_io)
    debug_tag                                0x08026521   Thumb Code   294  function.o(i.debug_tag)
    debug_unlock                             0x08026755   Thumb Code    40  function.o(i.debug_unlock)
    debug_upgrade_bootloader_install         0x08026791   Thumb Code   142  function.o(i.debug_upgrade_bootloader_install)
    debug_upgrade_bootloader_mode            0x0802689d   Thumb Code   104  function.o(i.debug_upgrade_bootloader_mode)
    debug_write_log                          0x08026939   Thumb Code    84  function.o(i.debug_write_log)
    get_log_time                             0x080269a1   Thumb Code    88  function.o(i.get_log_time)
    get_switch                               0x08026a25   Thumb Code    94  function.o(i.get_switch)
    get_voltage                              0x08026ab5   Thumb Code   230  function.o(i.get_voltage)
    get_voltage_threshold                    0x08026bf1   Thumb Code   314  function.o(i.get_voltage_threshold)
    log_content                              0x08026db1   Thumb Code   370  function.o(i.log_content)
    log_packets                              0x08026f6d   Thumb Code   104  function.o(i.log_packets)
    main                                     0x08027009   Thumb Code   552  main.o(i.main)
    process_cmd                              0x08027295   Thumb Code   220  cmd.o(i.process_cmd)
    process_command                          0x080273e1   Thumb Code   638  function.o(i.process_command)
    serial_available                         0x08027821   Thumb Code    30  usart.o(i.serial_available)
    serial_read                              0x08027845   Thumb Code    32  usart.o(i.serial_read)
    serial_tx                                0x08027869   Thumb Code   144  usart.o(i.serial_tx)
    set_log_time                             0x08027901   Thumb Code   176  function.o(i.set_log_time)
    set_switch                               0x08027a05   Thumb Code    48  function.o(i.set_switch)
    upgrade_file                             0x08027a41   Thumb Code   548  function.o(i.upgrade_file)
    upgrade_init                             0x08027d49   Thumb Code    98  function.o(i.upgrade_init)
    upgrade_init_with_size                   0x08027ddd   Thumb Code   168  function.o(i.upgrade_init_with_size)
    upgrade_install                          0x08027ebd   Thumb Code    30  function.o(i.upgrade_install)
    cmd_count                                0x08027f20   Data           4  main.o(.constdata)
    AHBPrescTable                            0x08027f24   Data          16  system_stm32f4xx.o(.constdata)
    APBPrescTable                            0x08027f34   Data           8  system_stm32f4xx.o(.constdata)
    __ctype_table                            0x08027f3c   Data         129  ctype_o.o(.constdata)
    Region$$Table$$Base                      0x08028314   Number         0  anon$$obj.o(Region$$Table)
    Region$$Table$$Limit                     0x08028334   Number         0  anon$$obj.o(Region$$Table)
    block_size                               0x20000000   Data           4  function.o(.data)
    rLen                                     0x20000004   Data           4  function.o(.data)
    cmdlist                                  0x20000408   Data         300  main.o(.data)
    uart1_data                               0x20000534   Data           1  main.o(.data)
    uart1_irq_sel                            0x20000535   Data           1  main.o(.data)
    print_trans_data                         0x20000536   Data           1  main.o(.data)
    usart1_tr                                0x20000d40   Data           4  usart.o(.data)
    uwTickFreq                               0x20000d44   Data           1  stm32f4xx_hal.o(.data)
    uwTickPrio                               0x20000d48   Data           4  stm32f4xx_hal.o(.data)
    uwTick                                   0x20000d4c   Data           4  stm32f4xx_hal.o(.data)
    SystemCoreClock                          0x20000d50   Data           4  system_stm32f4xx.o(.data)
    fw_buf                                   0x20000d5c   Data       98304  function.o(.bss)
    rBuf                                     0x20018d5c   Data        1200  function.o(.bss)
    txBuf                                    0x2001920c   Data        1036  function.o(.bss)
    usart1_tx_buf                            0x20019618   Data         256  main.o(.bss)
    usart2_tx_buf                            0x20019718   Data        1200  main.o(.bss)
    htim2                                    0x20019bc8   Data          64  tim.o(.bss)
    htim3                                    0x20019c08   Data          64  tim.o(.bss)
    huart1                                   0x20019c48   Data          64  usart.o(.bss)
    huart2                                   0x20019c88   Data          64  usart.o(.bss)
    huart3                                   0x20019cc8   Data          64  usart.o(.bss)
    __initial_sp                             0x2001a120   Data           0  startup_stm32f427xx.o(STACK)



==============================================================================

Memory Map of the image

  Image Entry point : 0x080201ad

  Load Region LR_IROM1 (Base: 0x08020000, Size: 0x00009090, Max: 0x001e0000, ABSOLUTE, COMPRESSED[0x0000882c])

    Execution Region ER_IROM1 (Exec base: 0x08020000, Load base: 0x08020000, Size: 0x00008334, Max: 0x001e0000, ABSOLUTE)

    Exec Addr    Load Addr    Size         Type   Attr      Idx    E Section Name        Object

    0x08020000   0x08020000   0x000001ac   Data   RO            3    RESET               startup_stm32f427xx.o
    0x080201ac   0x080201ac   0x00000000   Code   RO         3433  * .ARM.Collect$$$$00000000  mc_w.l(entry.o)
    0x080201ac   0x080201ac   0x00000004   Code   RO         3737    .ARM.Collect$$$$00000001  mc_w.l(entry2.o)
    0x080201b0   0x080201b0   0x00000004   Code   RO         3740    .ARM.Collect$$$$00000004  mc_w.l(entry5.o)
    0x080201b4   0x080201b4   0x00000000   Code   RO         3742    .ARM.Collect$$$$00000008  mc_w.l(entry7b.o)
    0x080201b4   0x080201b4   0x00000000   Code   RO         3744    .ARM.Collect$$$$0000000A  mc_w.l(entry8b.o)
    0x080201b4   0x080201b4   0x00000008   Code   RO         3745    .ARM.Collect$$$$0000000B  mc_w.l(entry9a.o)
    0x080201bc   0x080201bc   0x00000000   Code   RO         3747    .ARM.Collect$$$$0000000D  mc_w.l(entry10a.o)
    0x080201bc   0x080201bc   0x00000000   Code   RO         3749    .ARM.Collect$$$$0000000F  mc_w.l(entry11a.o)
    0x080201bc   0x080201bc   0x00000004   Code   RO         3738    .ARM.Collect$$$$00002712  mc_w.l(entry2.o)
    0x080201c0   0x080201c0   0x00000024   Code   RO            4    .text               startup_stm32f427xx.o
    0x080201e4   0x080201e4   0x00000062   Code   RO         3436    .text               mc_w.l(uldiv.o)
    0x08020246   0x08020246   0x00000024   Code   RO         3438    .text               mc_w.l(memcpya.o)
    0x0802026a   0x0802026a   0x00000024   Code   RO         3440    .text               mc_w.l(memseta.o)
    0x0802028e   0x0802028e   0x0000000e   Code   RO         3442    .text               mc_w.l(strlen.o)
    0x0802029c   0x0802029c   0x0000001c   Code   RO         3444    .text               mc_w.l(strcmp.o)
    0x080202b8   0x080202b8   0x00000012   Code   RO         3446    .text               mc_w.l(strcpy.o)
    0x080202ca   0x080202ca   0x00000002   PAD
    0x080202cc   0x080202cc   0x00000044   Code   RO         3448    .text               mc_w.l(strtok.o)
    0x08020310   0x08020310   0x0000002a   Code   RO         3456    .text               mc_w.l(strcasecmp.o)
    0x0802033a   0x0802033a   0x00000032   Code   RO         3458    .text               mc_w.l(strncasecmp.o)
    0x0802036c   0x0802036c   0x00000038   Code   RO         3721    .text               mc_w.l(__0sscanf.o)
    0x080203a4   0x080203a4   0x0000014c   Code   RO         3723    .text               mc_w.l(_scanf_int.o)
    0x080204f0   0x080204f0   0x000000e0   Code   RO         3725    .text               mc_w.l(_scanf_str.o)
    0x080205d0   0x080205d0   0x00000072   Code   RO         3727    .text               mc_w.l(strtoul.o)
    0x08020642   0x08020642   0x000000de   Code   RO         3729    .text               mf_w.l(ddiv.o)
    0x08020720   0x08020720   0x00000022   Code   RO         3731    .text               mf_w.l(dflti.o)
    0x08020742   0x08020742   0x00000026   Code   RO         3733    .text               mf_w.l(f2d.o)
    0x08020768   0x08020768   0x00000038   Code   RO         3735    .text               mf_w.l(d2f.o)
    0x080207a0   0x080207a0   0x0000002c   Code   RO         3754    .text               mc_w.l(uidiv.o)
    0x080207cc   0x080207cc   0x0000001e   Code   RO         3756    .text               mc_w.l(llshl.o)
    0x080207ea   0x080207ea   0x00000020   Code   RO         3758    .text               mc_w.l(llushr.o)
    0x0802080a   0x0802080a   0x00000002   PAD
    0x0802080c   0x0802080c   0x00000008   Code   RO         3760    .text               mc_w.l(ctype_o.o)
    0x08020814   0x08020814   0x00000012   Code   RO         3782    .text               mc_w.l(isspace_o.o)
    0x08020826   0x08020826   0x0000000c   Code   RO         3788    .text               mc_w.l(tolower.o)
    0x08020832   0x08020832   0x0000001c   Code   RO         3797    .text               mc_w.l(_chval.o)
    0x0802084e   0x0802084e   0x00000002   PAD
    0x08020850   0x08020850   0x00000028   Code   RO         3799    .text               mc_w.l(scanf_char.o)
    0x08020878   0x08020878   0x00000040   Code   RO         3801    .text               mc_w.l(_sgetc.o)
    0x080208b8   0x080208b8   0x0000009e   Code   RO         3803    .text               mc_w.l(_strtoul.o)
    0x08020956   0x08020956   0x00000002   PAD
    0x08020958   0x08020958   0x0000009c   Code   RO         3805    .text               mc_w.l(strtod.o)
    0x080209f4   0x080209f4   0x00000000   Code   RO         3807    .text               mc_w.l(iusefp.o)
    0x080209f4   0x080209f4   0x0000006e   Code   RO         3808    .text               mf_w.l(fepilogue.o)
    0x08020a62   0x08020a62   0x000000ba   Code   RO         3810    .text               mf_w.l(depilogue.o)
    0x08020b1c   0x08020b1c   0x0000014e   Code   RO         3812    .text               mf_w.l(dadd.o)
    0x08020c6a   0x08020c6a   0x000000e4   Code   RO         3814    .text               mf_w.l(dmul.o)
    0x08020d4e   0x08020d4e   0x00000030   Code   RO         3816    .text               mf_w.l(dfixul.o)
    0x08020d7e   0x08020d7e   0x00000002   PAD
    0x08020d80   0x08020d80   0x00000030   Code   RO         3818    .text               mf_w.l(cdrcmple.o)
    0x08020db0   0x08020db0   0x00000024   Code   RO         3820    .text               mc_w.l(init.o)
    0x08020dd4   0x08020dd4   0x00000024   Code   RO         3823    .text               mc_w.l(llsshr.o)
    0x08020df8   0x08020df8   0x0000032c   Code   RO         3827    .text               mc_w.l(_scanf.o)
    0x08021124   0x08021124   0x00000360   Code   RO         3829    .text               mc_w.l(scanf_fp.o)
    0x08021484   0x08021484   0x00000018   Code   RO         3837    .text               mf_w.l(dfltul.o)
    0x0802149c   0x0802149c   0x00000056   Code   RO         3847    .text               mc_w.l(__dczerorl2.o)
    0x080214f2   0x080214f2   0x00000010   Code   RO          168    i.BE32_To_Buffer    function.o
    0x08021502   0x08021502   0x0000000e   Code   RO          169    i.Buffer_To_BE32    function.o
    0x08021510   0x08021510   0x00000002   Code   RO          772    i.BusFault_Handler  stm32f4xx_it.o
    0x08021512   0x08021512   0x00000002   PAD
    0x08021514   0x08021514   0x00000028   Code   RO          171    i.Cal_CRC32         function.o
    0x0802153c   0x0802153c   0x00000002   Code   RO          773    i.DebugMon_Handler  stm32f4xx_it.o
    0x0802153e   0x0802153e   0x00000002   Code   RO          538    i.Error_Handler     main.o
    0x08021540   0x08021540   0x00000024   Code   RO         2367    i.HAL_DMA_Abort_IT  stm32f4xx_hal_dma.o
    0x08021564   0x08021564   0x00000024   Code   RO         2803    i.HAL_Delay         stm32f4xx_hal.o
    0x08021588   0x08021588   0x000001d4   Code   RO         2259    i.HAL_GPIO_Init     stm32f4xx_hal_gpio.o
    0x0802175c   0x0802175c   0x0000000a   Code   RO         2261    i.HAL_GPIO_ReadPin  stm32f4xx_hal_gpio.o
    0x08021766   0x08021766   0x0000000a   Code   RO         2263    i.HAL_GPIO_WritePin  stm32f4xx_hal_gpio.o
    0x08021770   0x08021770   0x0000000c   Code   RO         2811    i.HAL_GetTick       stm32f4xx_hal.o
    0x0802177c   0x0802177c   0x00000010   Code   RO         2817    i.HAL_IncTick       stm32f4xx_hal.o
    0x0802178c   0x0802178c   0x00000034   Code   RO         2818    i.HAL_Init          stm32f4xx_hal.o
    0x080217c0   0x080217c0   0x00000040   Code   RO         2819    i.HAL_InitTick      stm32f4xx_hal.o
    0x08021800   0x08021800   0x00000030   Code   RO          900    i.HAL_MspInit       stm32f4xx_hal_msp.o
    0x08021830   0x08021830   0x0000001a   Code   RO         2666    i.HAL_NVIC_EnableIRQ  stm32f4xx_hal_cortex.o
    0x0802184a   0x0802184a   0x00000002   PAD
    0x0802184c   0x0802184c   0x00000040   Code   RO         2672    i.HAL_NVIC_SetPriority  stm32f4xx_hal_cortex.o
    0x0802188c   0x0802188c   0x00000024   Code   RO         2673    i.HAL_NVIC_SetPriorityGrouping  stm32f4xx_hal_cortex.o
    0x080218b0   0x080218b0   0x00000070   Code   RO         2595    i.HAL_PWREx_EnableOverDrive  stm32f4xx_hal_pwr_ex.o
    0x08021920   0x08021920   0x00000134   Code   RO         1853    i.HAL_RCC_ClockConfig  stm32f4xx_hal_rcc.o
    0x08021a54   0x08021a54   0x00000020   Code   RO         1860    i.HAL_RCC_GetPCLK1Freq  stm32f4xx_hal_rcc.o
    0x08021a74   0x08021a74   0x00000020   Code   RO         1861    i.HAL_RCC_GetPCLK2Freq  stm32f4xx_hal_rcc.o
    0x08021a94   0x08021a94   0x00000064   Code   RO         1862    i.HAL_RCC_GetSysClockFreq  stm32f4xx_hal_rcc.o
    0x08021af8   0x08021af8   0x0000035c   Code   RO         1865    i.HAL_RCC_OscConfig  stm32f4xx_hal_rcc.o
    0x08021e54   0x08021e54   0x00000028   Code   RO         2677    i.HAL_SYSTICK_Config  stm32f4xx_hal_cortex.o
    0x08021e7c   0x08021e7c   0x00000002   Code   RO         1601    i.HAL_TIMEx_BreakCallback  stm32f4xx_hal_tim_ex.o
    0x08021e7e   0x08021e7e   0x00000002   Code   RO         1602    i.HAL_TIMEx_CommutCallback  stm32f4xx_hal_tim_ex.o
    0x08021e80   0x08021e80   0x00000090   Code   RO         1619    i.HAL_TIMEx_MasterConfigSynchronization  stm32f4xx_hal_tim_ex.o
    0x08021f10   0x08021f10   0x00000036   Code   RO          926    i.HAL_TIM_Base_Init  stm32f4xx_hal_tim.o
    0x08021f46   0x08021f46   0x00000002   PAD
    0x08021f48   0x08021f48   0x00000060   Code   RO          641    i.HAL_TIM_Base_MspInit  tim.o
    0x08021fa8   0x08021fa8   0x000000d6   Code   RO          935    i.HAL_TIM_ConfigClockSource  stm32f4xx_hal_tim.o
    0x0802207e   0x0802207e   0x00000002   Code   RO          955    i.HAL_TIM_IC_CaptureCallback  stm32f4xx_hal_tim.o
    0x08022080   0x08022080   0x00000166   Code   RO          969    i.HAL_TIM_IRQHandler  stm32f4xx_hal_tim.o
    0x080221e6   0x080221e6   0x00000002   Code   RO          972    i.HAL_TIM_OC_DelayElapsedCallback  stm32f4xx_hal_tim.o
    0x080221e8   0x080221e8   0x00000002   Code   RO          999    i.HAL_TIM_PWM_PulseFinishedCallback  stm32f4xx_hal_tim.o
    0x080221ea   0x080221ea   0x00000002   Code   RO          539    i.HAL_TIM_PeriodElapsedCallback  main.o
    0x080221ec   0x080221ec   0x00000002   Code   RO         1012    i.HAL_TIM_TriggerCallback  stm32f4xx_hal_tim.o
    0x080221ee   0x080221ee   0x00000002   Code   RO         3087    i.HAL_UART_ErrorCallback  stm32f4xx_hal_uart.o
    0x080221f0   0x080221f0   0x00000114   Code   RO         3090    i.HAL_UART_IRQHandler  stm32f4xx_hal_uart.o
    0x08022304   0x08022304   0x00000062   Code   RO         3091    i.HAL_UART_Init     stm32f4xx_hal_uart.o
    0x08022366   0x08022366   0x00000002   PAD
    0x08022368   0x08022368   0x0000011c   Code   RO          689    i.HAL_UART_MspInit  usart.o
    0x08022484   0x08022484   0x000000be   Code   RO         3094    i.HAL_UART_Receive  stm32f4xx_hal_uart.o
    0x08022542   0x08022542   0x00000052   Code   RO         3096    i.HAL_UART_Receive_IT  stm32f4xx_hal_uart.o
    0x08022594   0x08022594   0x00000074   Code   RO          540    i.HAL_UART_RxCpltCallback  main.o
    0x08022608   0x08022608   0x000000ba   Code   RO         3099    i.HAL_UART_Transmit  stm32f4xx_hal_uart.o
    0x080226c2   0x080226c2   0x00000002   Code   RO         3102    i.HAL_UART_TxCpltCallback  stm32f4xx_hal_uart.o
    0x080226c4   0x080226c4   0x00000002   Code   RO          774    i.HardFault_Handler  stm32f4xx_it.o
    0x080226c6   0x080226c6   0x00000002   PAD
    0x080226c8   0x080226c8   0x0000010c   Code   RO          616    i.MX_GPIO_Init      gpio.o
    0x080227d4   0x080227d4   0x00000068   Code   RO          642    i.MX_TIM2_Init      tim.o
    0x0802283c   0x0802283c   0x00000068   Code   RO          643    i.MX_TIM3_Init      tim.o
    0x080228a4   0x080228a4   0x00000038   Code   RO          690    i.MX_USART1_UART_Init  usart.o
    0x080228dc   0x080228dc   0x00000038   Code   RO          691    i.MX_USART2_UART_Init  usart.o
    0x08022914   0x08022914   0x00000038   Code   RO          692    i.MX_USART3_UART_Init  usart.o
    0x0802294c   0x0802294c   0x00000002   Code   RO          775    i.MemManage_Handler  stm32f4xx_it.o
    0x0802294e   0x0802294e   0x00000002   Code   RO          776    i.NMI_Handler       stm32f4xx_it.o
    0x08022950   0x08022950   0x0000018c   Code   RO          173    i.PRINT_CHAR        function.o
    0x08022adc   0x08022adc   0x000001a8   Code   RO          174    i.PRINT_HEX         function.o
    0x08022c84   0x08022c84   0x00000002   Code   RO          777    i.PendSV_Handler    stm32f4xx_it.o
    0x08022c86   0x08022c86   0x00000002   Code   RO          778    i.SVC_Handler       stm32f4xx_it.o
    0x08022c88   0x08022c88   0x00000004   Code   RO          779    i.SysTick_Handler   stm32f4xx_it.o
    0x08022c8c   0x08022c8c   0x0000008c   Code   RO          541    i.SystemClock_Config  main.o
    0x08022d18   0x08022d18   0x0000001c   Code   RO         3393    i.SystemInit        system_stm32f4xx.o
    0x08022d34   0x08022d34   0x0000000c   Code   RO          780    i.TIM2_IRQHandler   stm32f4xx_it.o
    0x08022d40   0x08022d40   0x0000000c   Code   RO          781    i.TIM3_IRQHandler   stm32f4xx_it.o
    0x08022d4c   0x08022d4c   0x000000c8   Code   RO         1014    i.TIM_Base_SetConfig  stm32f4xx_hal_tim.o
    0x08022e14   0x08022e14   0x00000014   Code   RO         1025    i.TIM_ETR_SetConfig  stm32f4xx_hal_tim.o
    0x08022e28   0x08022e28   0x00000010   Code   RO         1026    i.TIM_ITRx_SetConfig  stm32f4xx_hal_tim.o
    0x08022e38   0x08022e38   0x00000022   Code   RO         1032    i.TIM_TI1_ConfigInputStage  stm32f4xx_hal_tim.o
    0x08022e5a   0x08022e5a   0x00000024   Code   RO         1034    i.TIM_TI2_ConfigInputStage  stm32f4xx_hal_tim.o
    0x08022e7e   0x08022e7e   0x00000010   Code   RO         3104    i.UART_DMAAbortOnError  stm32f4xx_hal_uart.o
    0x08022e8e   0x08022e8e   0x0000001c   Code   RO         3114    i.UART_EndRxTransfer  stm32f4xx_hal_uart.o
    0x08022eaa   0x08022eaa   0x00000096   Code   RO         3116    i.UART_Receive_IT   stm32f4xx_hal_uart.o
    0x08022f40   0x08022f40   0x00000128   Code   RO         3117    i.UART_SetConfig    stm32f4xx_hal_uart.o
    0x08023068   0x08023068   0x00000062   Code   RO         3118    i.UART_Transmit_IT  stm32f4xx_hal_uart.o
    0x080230ca   0x080230ca   0x00000064   Code   RO         3119    i.UART_WaitOnFlagUntilTimeout  stm32f4xx_hal_uart.o
    0x0802312e   0x0802312e   0x00000002   PAD
    0x08023130   0x08023130   0x0000000c   Code   RO          782    i.USART1_IRQHandler  stm32f4xx_it.o
    0x0802313c   0x0802313c   0x0000007c   Code   RO          783    i.USART2_IRQHandler  stm32f4xx_it.o
    0x080231b8   0x080231b8   0x00000070   Code   RO          784    i.USART3_IRQHandler  stm32f4xx_it.o
    0x08023228   0x08023228   0x00000002   Code   RO          785    i.UsageFault_Handler  stm32f4xx_it.o
    0x0802322a   0x0802322a   0x00000002   PAD
    0x0802322c   0x0802322c   0x00000028   Code   RO         3695    i.__0sprintf        mc_w.l(printfa.o)
    0x08023254   0x08023254   0x00000020   Code   RO         2679    i.__NVIC_SetPriority  stm32f4xx_hal_cortex.o
    0x08023274   0x08023274   0x00000008   Code   RO         3790    i.__aeabi_errno_addr  mc_w.l(errno.o)
    0x0802327c   0x0802327c   0x00000004   PAD
    0x08023280   0x08023280   0x00000038   Code   RO         3427    i.__hardfp_atof     m_wm.l(atof.o)
    0x080232b8   0x080232b8   0x0000000c   Code   RO         3791    i.__read_errno      mc_w.l(errno.o)
    0x080232c4   0x080232c4   0x0000000e   Code   RO         3841    i.__scatterload_copy  mc_w.l(handlers.o)
    0x080232d2   0x080232d2   0x00000002   Code   RO         3842    i.__scatterload_null  mc_w.l(handlers.o)
    0x080232d4   0x080232d4   0x0000000e   Code   RO         3843    i.__scatterload_zeroinit  mc_w.l(handlers.o)
    0x080232e2   0x080232e2   0x00000002   PAD
    0x080232e4   0x080232e4   0x0000000c   Code   RO         3792    i.__set_errno       mc_w.l(errno.o)
    0x080232f0   0x080232f0   0x00000184   Code   RO         3700    i._fp_digits        mc_w.l(printfa.o)
    0x08023474   0x08023474   0x0000000e   Code   RO         3831    i._is_digit         mc_w.l(scanf_fp.o)
    0x08023482   0x08023482   0x00000002   PAD
    0x08023484   0x08023484   0x000006dc   Code   RO         3701    i._printf_core      mc_w.l(printfa.o)
    0x08023b60   0x08023b60   0x00000024   Code   RO         3702    i._printf_post_padding  mc_w.l(printfa.o)
    0x08023b84   0x08023b84   0x0000002e   Code   RO         3703    i._printf_pre_padding  mc_w.l(printfa.o)
    0x08023bb2   0x08023bb2   0x0000000a   Code   RO         3705    i._sputc            mc_w.l(printfa.o)
    0x08023bbc   0x08023bbc   0x0000010c   Code   RO          176    i.cmd_IL            function.o
    0x08023cc8   0x08023cc8   0x000000dc   Code   RO          177    i.cmd_device_status  function.o
    0x08023da4   0x08023da4   0x000002f8   Code   RO          178    i.cmd_for_debug     function.o
    0x0802409c   0x0802409c   0x00000110   Code   RO           13    i.cmd_help          cmd.o
    0x080241ac   0x080241ac   0x0000019c   Code   RO           14    i.cmd_help2         cmd.o
    0x08024348   0x08024348   0x0000004c   Code   RO          179    i.cmd_log           function.o
    0x08024394   0x08024394   0x0000013c   Code   RO          180    i.cmd_maintain      function.o
    0x080244d0   0x080244d0   0x00000060   Code   RO          181    i.cmd_power         function.o
    0x08024530   0x08024530   0x000001e4   Code   RO          182    i.cmd_reset         function.o
    0x08024714   0x08024714   0x00000054   Code   RO          183    i.cmd_switch        function.o
    0x08024768   0x08024768   0x000000bc   Code   RO          184    i.cmd_temp          function.o
    0x08024824   0x08024824   0x0000004c   Code   RO          185    i.cmd_time          function.o
    0x08024870   0x08024870   0x000000a4   Code   RO          186    i.cmd_upgrade       function.o
    0x08024914   0x08024914   0x0000021c   Code   RO          187    i.cmd_version       function.o
    0x08024b30   0x08024b30   0x00000050   Code   RO          188    i.cmd_voltage       function.o
    0x08024b80   0x08024b80   0x00000254   Code   RO          189    i.debug_adc         function.o
    0x08024dd4   0x08024dd4   0x000001e0   Code   RO          190    i.debug_cal         function.o
    0x08024fb4   0x08024fb4   0x00000094   Code   RO          191    i.debug_check_cali  function.o
    0x08025048   0x08025048   0x00000078   Code   RO          192    i.debug_crc32       function.o
    0x080250c0   0x080250c0   0x000001b8   Code   RO          193    i.debug_dac         function.o
    0x08025278   0x08025278   0x000007dc   Code   RO          194    i.debug_dump        function.o
    0x08025a54   0x08025a54   0x00000100   Code   RO          195    i.debug_eeprom      function.o
    0x08025b54   0x08025b54   0x000000a8   Code   RO          196    i.debug_get_inter_exp  function.o
    0x08025bfc   0x08025bfc   0x000000e4   Code   RO          197    i.debug_monitor     function.o
    0x08025ce0   0x08025ce0   0x000001dc   Code   RO          198    i.debug_pin         function.o
    0x08025ebc   0x08025ebc   0x00000038   Code   RO          199    i.debug_print_hex   function.o
    0x08025ef4   0x08025ef4   0x00000038   Code   RO          200    i.debug_reset_fw    function.o
    0x08025f2c   0x08025f2c   0x00000038   Code   RO          201    i.debug_reset_log   function.o
    0x08025f64   0x08025f64   0x000004b8   Code   RO          202    i.debug_send_hex    function.o
    0x0802641c   0x0802641c   0x00000104   Code   RO          203    i.debug_switch_io   function.o
    0x08026520   0x08026520   0x00000234   Code   RO          204    i.debug_tag         function.o
    0x08026754   0x08026754   0x0000003c   Code   RO          205    i.debug_unlock      function.o
    0x08026790   0x08026790   0x0000010c   Code   RO          206    i.debug_upgrade_bootloader_install  function.o
    0x0802689c   0x0802689c   0x0000009c   Code   RO          207    i.debug_upgrade_bootloader_mode  function.o
    0x08026938   0x08026938   0x00000068   Code   RO          208    i.debug_write_log   function.o
    0x080269a0   0x080269a0   0x00000084   Code   RO          209    i.get_log_time      function.o
    0x08026a24   0x08026a24   0x00000090   Code   RO          210    i.get_switch        function.o
    0x08026ab4   0x08026ab4   0x0000013c   Code   RO          211    i.get_voltage       function.o
    0x08026bf0   0x08026bf0   0x000001c0   Code   RO          212    i.get_voltage_threshold  function.o
    0x08026db0   0x08026db0   0x000001bc   Code   RO          213    i.log_content       function.o
    0x08026f6c   0x08026f6c   0x0000009c   Code   RO          214    i.log_packets       function.o
    0x08027008   0x08027008   0x0000028c   Code   RO          542    i.main              main.o
    0x08027294   0x08027294   0x0000014c   Code   RO           15    i.process_cmd       cmd.o
    0x080273e0   0x080273e0   0x000003b4   Code   RO          215    i.process_command   function.o
    0x08027794   0x08027794   0x0000000e   Code   RO          543    i.rb_init           main.o
    0x080277a2   0x080277a2   0x00000010   Code   RO          693    i.rb_is_empty       usart.o
    0x080277b2   0x080277b2   0x00000010   Code   RO          786    i.rb_is_empty       stm32f4xx_it.o
    0x080277c2   0x080277c2   0x00000040   Code   RO          787    i.rb_push_insert    stm32f4xx_it.o
    0x08027802   0x08027802   0x0000001c   Code   RO          788    i.rb_remove         stm32f4xx_it.o
    0x0802781e   0x0802781e   0x00000002   PAD
    0x08027820   0x08027820   0x00000024   Code   RO          694    i.serial_available  usart.o
    0x08027844   0x08027844   0x00000024   Code   RO          695    i.serial_read       usart.o
    0x08027868   0x08027868   0x00000098   Code   RO          696    i.serial_tx         usart.o
    0x08027900   0x08027900   0x00000104   Code   RO          216    i.set_log_time      function.o
    0x08027a04   0x08027a04   0x0000003c   Code   RO          217    i.set_switch        function.o
    0x08027a40   0x08027a40   0x00000308   Code   RO          219    i.upgrade_file      function.o
    0x08027d48   0x08027d48   0x00000094   Code   RO          220    i.upgrade_init      function.o
    0x08027ddc   0x08027ddc   0x000000e0   Code   RO          221    i.upgrade_init_with_size  function.o
    0x08027ebc   0x08027ebc   0x0000002c   Code   RO          222    i.upgrade_install   function.o
    0x08027ee8   0x08027ee8   0x00000036   Data   RO          224    .constdata          function.o
    0x08027f1e   0x08027f1e   0x00000002   PAD
    0x08027f20   0x08027f20   0x00000004   Data   RO          546    .constdata          main.o
    0x08027f24   0x08027f24   0x00000010   Data   RO         3394    .constdata          system_stm32f4xx.o
    0x08027f34   0x08027f34   0x00000008   Data   RO         3395    .constdata          system_stm32f4xx.o
    0x08027f3c   0x08027f3c   0x00000081   Data   RO         3761    .constdata          mc_w.l(ctype_o.o)
    0x08027fbd   0x08027fbd   0x00000003   PAD
    0x08027fc0   0x08027fc0   0x00000004   Data   RO         3762    .constdata          mc_w.l(ctype_o.o)
    0x08027fc4   0x08027fc4   0x00000044   Data   RO          227    .conststring        function.o
    0x08028008   0x08028008   0x0000030b   Data   RO          547    .conststring        main.o
    0x08028313   0x08028313   0x00000001   PAD
    0x08028314   0x08028314   0x00000020   Data   RO         3839    Region$$Table       anon$$obj.o


    Execution Region RW_IRAM1 (Exec base: 0x20000000, Load base: 0x08028334, Size: 0x0001a120, Max: 0x00030000, ABSOLUTE, COMPRESSED[0x000004f8])

    Exec Addr    Load Addr    Size         Type   Attr      Idx    E Section Name        Object

    0x20000000   COMPRESSED   0x00000408   Data   RW          230    .data               function.o
    0x20000408   COMPRESSED   0x0000012c   Data   RW          549    .data               main.o
    0x20000534   COMPRESSED   0x00000003   Data   RW          550    .data               main.o
    0x20000537   COMPRESSED   0x00000001   PAD
    0x20000538   COMPRESSED   0x00000808   Data   RW          700    .data               usart.o
    0x20000d40   COMPRESSED   0x00000004   Data   RW          701    .data               usart.o
    0x20000d44   COMPRESSED   0x0000000c   Data   RW         2825    .data               stm32f4xx_hal.o
    0x20000d50   COMPRESSED   0x00000004   Data   RW         3396    .data               system_stm32f4xx.o
    0x20000d54   COMPRESSED   0x00000004   Data   RW         3449    .data               mc_w.l(strtok.o)
    0x20000d58   COMPRESSED   0x00000004   Data   RW         3793    .data               mc_w.l(errno.o)
    0x20000d5c        -       0x000188bc   Zero   RW          223    .bss                function.o
    0x20019618        -       0x00000100   Zero   RW          544    .bss                main.o
    0x20019718        -       0x000004b0   Zero   RW          545    .bss                main.o
    0x20019bc8        -       0x00000080   Zero   RW          644    .bss                tim.o
    0x20019c48        -       0x000000c0   Zero   RW          697    .bss                usart.o
    0x20019d08        -       0x0000000c   Zero   RW          698    .bss                usart.o
    0x20019d14        -       0x0000000c   Zero   RW          699    .bss                usart.o
    0x20019d20        -       0x00000400   Zero   RW            1    STACK               startup_stm32f427xx.o


==============================================================================

Image component sizes


      Code (inc. data)   RO Data    RW Data    ZI Data      Debug   Object Name

      1016        234          0          0          0     737473   cmd.o
     16054       4668        122       1032     100540      43131   function.o
       268         16          0          0          0       1075   gpio.o
       926        122        783        303       1456       7201   main.o
        36          8        428          0       1024        864   startup_stm32f427xx.o
       180         28          0         12          0       9773   stm32f4xx_hal.o
       198         14          0          0          0      34115   stm32f4xx_hal_cortex.o
        36          0          0          0          0       1267   stm32f4xx_hal_dma.o
       488         54          0          0          0       3183   stm32f4xx_hal_gpio.o
        48          6          0          0          0        886   stm32f4xx_hal_msp.o
       112         14          0          0          0       1344   stm32f4xx_hal_pwr_ex.o
      1332         82          0          0          0       5396   stm32f4xx_hal_rcc.o
       940         44          0          0          0       9733   stm32f4xx_hal_tim.o
       148         28          0          0          0       2565   stm32f4xx_hal_tim_ex.o
      1524         16          0          0          0      11306   stm32f4xx_hal_uart.o
       400         50          0          0          0       9778   stm32f4xx_it.o
        28          8         24          4          0       1219   system_stm32f4xx.o
       304         22          0          0        128       2503   tim.o
       692         68          0       2060        216       7723   usart.o

    ----------------------------------------------------------------------
     24746       5482       1392       3412     103364     890535   Object Totals
         0          0         32          0          0          0   (incl. Generated)
        16          0          3          1          0          0   (incl. Padding)

    ----------------------------------------------------------------------

      Code (inc. data)   RO Data    RW Data    ZI Data      Debug   Library Member Name

        56         12          0          0          0        132   atof.o
        56          8          0          0          0         84   __0sscanf.o
        86          0          0          0          0          0   __dczerorl2.o
        28          0          0          0          0         68   _chval.o
       812          4          0          0          0        112   _scanf.o
       332          0          0          0          0         96   _scanf_int.o
       224          0          0          0          0         96   _scanf_str.o
        64          0          0          0          0         84   _sgetc.o
       158          0          0          0          0         92   _strtoul.o
         8          4        133          0          0         68   ctype_o.o
         0          0          0          0          0          0   entry.o
         0          0          0          0          0          0   entry10a.o
         0          0          0          0          0          0   entry11a.o
         8          4          0          0          0          0   entry2.o
         4          0          0          0          0          0   entry5.o
         0          0          0          0          0          0   entry7b.o
         0          0          0          0          0          0   entry8b.o
         8          4          0          0          0          0   entry9a.o
        32         16          0          4          0        204   errno.o
        30          0          0          0          0          0   handlers.o
        36          8          0          0          0         68   init.o
        18          0          0          0          0         76   isspace_o.o
         0          0          0          0          0          0   iusefp.o
        30          0          0          0          0         68   llshl.o
        36          0          0          0          0         68   llsshr.o
        32          0          0          0          0         68   llushr.o
        36          0          0          0          0         68   memcpya.o
        36          0          0          0          0        108   memseta.o
      2276         86          0          0          0        520   printfa.o
        40          8          0          0          0         84   scanf_char.o
       878         12          0          0          0        216   scanf_fp.o
        42          0          0          0          0         84   strcasecmp.o
        28          0          0          0          0         76   strcmp.o
        18          0          0          0          0         68   strcpy.o
        14          0          0          0          0         68   strlen.o
        50          0          0          0          0         84   strncasecmp.o
       156         12          0          0          0        120   strtod.o
        68          6          0          4          0         80   strtok.o
       114          0          0          0          0         92   strtoul.o
        12          0          0          0          0         68   tolower.o
        44          0          0          0          0         80   uidiv.o
        98          0          0          0          0         92   uldiv.o
        48          0          0          0          0         68   cdrcmple.o
        56          0          0          0          0         88   d2f.o
       334          0          0          0          0        148   dadd.o
       222          0          0          0          0        100   ddiv.o
       186          0          0          0          0        176   depilogue.o
        48          0          0          0          0         68   dfixul.o
        34          0          0          0          0         76   dflti.o
        24          0          0          0          0         76   dfltul.o
       228          0          0          0          0         96   dmul.o
        38          0          0          0          0         68   f2d.o
       110          0          0          0          0        168   fepilogue.o

    ----------------------------------------------------------------------
      7314        188        136          8          0       4424   Library Totals
        18          4          3          0          0          0   (incl. Padding)

    ----------------------------------------------------------------------

      Code (inc. data)   RO Data    RW Data    ZI Data      Debug   Library Name

        56         12          0          0          0        132   m_wm.l
      5912        172        133          8          0       3160   mc_w.l
      1328          0          0          0          0       1132   mf_w.l

    ----------------------------------------------------------------------
      7314        188        136          8          0       4424   Library Totals

    ----------------------------------------------------------------------

==============================================================================


      Code (inc. data)   RO Data    RW Data    ZI Data      Debug   

     32060       5670       1528       3420     103364     879703   Grand Totals
     32060       5670       1528       1272     103364     879703   ELF Image Totals (compressed)
     32060       5670       1528       1272          0          0   ROM Totals

==============================================================================

    Total RO  Size (Code + RO Data)                33588 (  32.80kB)
    Total RW  Size (RW Data + ZI Data)            106784 ( 104.28kB)
    Total ROM Size (Code + RO Data + RW Data)      34860 (  34.04kB)

==============================================================================

