<html>
<body>
<pre>
<h1>µVision Build Log</h1>
<h2>Tool Versions:</h2>
IDE-Version: ¦ÌVision V5.29.0.0
Copyright (C) 2019 ARM Ltd and ARM Germany GmbH. All rights reserved.
License Information: Fen Hui, onet, LIC=03CQD-8YLZI-VC5J3-AAF4L-T35T9-STMGT
 
Tool Versions:
Toolchain:       MDK-ARM Plus  Version: 5.29.0.0
Toolchain Path:  C:\Keil_v5\ARM\ARMCC\Bin
C Compiler:      Armcc.exe V5.06 update 6 (build 750)
Assembler:       Armasm.exe V5.06 update 6 (build 750)
Linker/Locator:  ArmLink.exe V5.06 update 6 (build 750)
Library Manager: ArmAr.exe V5.06 update 6 (build 750)
Hex Converter:   FromElf.exe V5.06 update 6 (build 750)
CPU DLL:         SARMCM3.DLL V5.29.0.0
Dialog DLL:      DCM.DLL V1.17.3.0
Target DLL:      STLink\ST-LINKIII-KEIL_SWO.dll V3.0.7.0
Dialog DLL:      TCM.DLL V1.36.5.0
 
<h2>Project:</h2>
D:\Work\stm32_project\OSW1x64\OSW1x64\1x64OSW_std\MDK-ARM\1x64OSW.uvprojx
Project File Date:  08/31/2020

<h2>Output:</h2>
*** Using Compiler 'V5.06 update 6 (build 750)', folder: 'C:\Keil_v5\ARM\ARMCC\Bin'
Build target '1x64OSW'
assembling startup_stm32f427xx.s...
compiling flash_if.c...
compiling command.c...
compiling main.c...
compiling gpio.c...
compiling adc.c...
compiling common.c...
compiling functions.c...
compiling iwdg.c...
compiling rtc.c...
compiling dma.c...
compiling i2c.c...
compiling usart.c...
compiling spi.c...
compiling freertos.c...
compiling stm32f4xx_hal_rcc_ex.c...
compiling stm32f4xx_hal_timebase_tim.c...
compiling stm32f4xx_hal_adc_ex.c...
compiling stm32f4xx_hal_msp.c...
compiling stm32f4xx_hal_adc.c...
compiling stm32f4xx_hal_rcc.c...
compiling stm32f4xx_it.c...
compiling stm32f4xx_hal_flash_ex.c...
compiling stm32f4xx_hal_dma.c...
compiling stm32f4xx_hal_flash.c...
compiling stm32f4xx_hal_flash_ramfunc.c...
compiling stm32f4xx_hal_dma_ex.c...
compiling stm32f4xx_hal_pwr.c...
compiling stm32f4xx_hal_gpio.c...
compiling stm32f4xx_hal_pwr_ex.c...
compiling stm32f4xx_hal_cortex.c...
compiling stm32f4xx_hal_i2c_ex.c...
compiling stm32f4xx_hal_iwdg.c...
compiling stm32f4xx_hal_exti.c...
compiling stm32f4xx_hal.c...
compiling stm32f4xx_hal_i2c.c...
compiling stm32f4xx_hal_tim_ex.c...
compiling stm32f4xx_hal_rtc.c...
compiling stm32f4xx_hal_rtc_ex.c...
compiling croutine.c...
compiling system_stm32f4xx.c...
compiling stm32f4xx_hal_uart.c...
compiling stm32f4xx_hal_tim.c...
compiling event_groups.c...
compiling list.c...
compiling stm32f4xx_hal_spi.c...
compiling stream_buffer.c...
compiling queue.c...
compiling timers.c...
compiling heap_4.c...
compiling tasks.c...
compiling port.c...
compiling cmsis_os2.c...
linking...
Program Size: Code=49296 RO-data=1312 RW-data=1504 ZI-data=24240  
FromELF: creating hex file...
After Build - User command #2: fromelf --bin -o "1x64OSW\1x64OSW.bin" "1x64OSW\1x64OSW.axf"
"1x64OSW\1x64OSW.axf" - 0 Error(s), 0 Warning(s).

<h2>Software Packages used:</h2>

Package Vendor: ARM
                http://www.keil.com/pack/ARM.CMSIS.5.6.0.pack
                ARM.CMSIS.5.6.0
                CMSIS (Cortex Microcontroller Software Interface Standard)
   * Component: CORE Version: 5.3.0

Package Vendor: Keil
                http://www.keil.com/pack/Keil.STM32F4xx_DFP.2.14.0.pack
                Keil.STM32F4xx_DFP.2.14.0
                STMicroelectronics STM32F4 Series Device Support, Drivers and Examples

<h2>Collection of Component include folders:</h2>
  .\RTE\_1x64OSW
  C:\Users\bjfh9\AppData\Local\Arm\Packs\ARM\CMSIS\5.6.0\CMSIS\Core\Include
  C:\Users\bjfh9\AppData\Local\Arm\Packs\Keil\STM32F4xx_DFP\2.14.0\Drivers\CMSIS\Device\ST\STM32F4xx\Include

<h2>Collection of Component Files used:</h2>

   * Component: ARM::CMSIS:CORE:5.3.0
Build Time Elapsed:  00:01:05
</pre>
</body>
</html>
