Component: ARM Compiler 5.06 update 6 (build 750) Tool: armlink [4d35ed]

==============================================================================

Section Cross References

    startup_stm32f427xx.o(RESET) refers to startup_stm32f427xx.o(STACK) for __initial_sp
    startup_stm32f427xx.o(RESET) refers to startup_stm32f427xx.o(.text) for Reset_Handler
    startup_stm32f427xx.o(RESET) refers to stm32f4xx_it.o(i.NMI_Handler) for NMI_Handler
    startup_stm32f427xx.o(RESET) refers to stm32f4xx_it.o(i.HardFault_Handler) for HardFault_Handler
    startup_stm32f427xx.o(RESET) refers to stm32f4xx_it.o(i.MemManage_Handler) for MemManage_Handler
    startup_stm32f427xx.o(RESET) refers to stm32f4xx_it.o(i.BusFault_Handler) for BusFault_Handler
    startup_stm32f427xx.o(RESET) refers to stm32f4xx_it.o(i.UsageFault_Handler) for UsageFault_Handler
    startup_stm32f427xx.o(RESET) refers to port.o(.emb_text) for SVC_Handler
    startup_stm32f427xx.o(RESET) refers to stm32f4xx_it.o(i.DebugMon_Handler) for DebugMon_Handler
    startup_stm32f427xx.o(RESET) refers to port.o(i.SysTick_Handler) for SysTick_Handler
    startup_stm32f427xx.o(RESET) refers to stm32f4xx_it.o(i.FLASH_IRQHandler) for FLASH_IRQHandler
    startup_stm32f427xx.o(RESET) refers to stm32f4xx_it.o(i.EXTI0_IRQHandler) for EXTI0_IRQHandler
    startup_stm32f427xx.o(RESET) refers to stm32f4xx_it.o(i.TIM1_TRG_COM_TIM11_IRQHandler) for TIM1_TRG_COM_TIM11_IRQHandler
    startup_stm32f427xx.o(RESET) refers to stm32f4xx_it.o(i.USART1_IRQHandler) for USART1_IRQHandler
    startup_stm32f427xx.o(RESET) refers to stm32f4xx_it.o(i.EXTI15_10_IRQHandler) for EXTI15_10_IRQHandler
    startup_stm32f427xx.o(RESET) refers to stm32f4xx_it.o(i.DMA2_Stream2_IRQHandler) for DMA2_Stream2_IRQHandler
    startup_stm32f427xx.o(.text) refers to system_stm32f4xx.o(i.SystemInit) for SystemInit
    startup_stm32f427xx.o(.text) refers to entry.o(.ARM.Collect$$$$00000000) for __main
    common.o(i.Cal_CRC16) refers to common.o(i.UpdateCRC16) for UpdateCRC16
    common.o(i.Cal_CRC32) refers to common.o(.data) for .data
    common.o(i.I2cEepromRead) refers to stm32f4xx_hal_i2c.o(i.HAL_I2C_Mem_Read) for HAL_I2C_Mem_Read
    common.o(i.I2cEepromRead) refers to i2c.o(.bss) for hi2c2
    common.o(i.I2cEepromWrite) refers to stm32f4xx_hal_gpio.o(i.HAL_GPIO_WritePin) for HAL_GPIO_WritePin
    common.o(i.I2cEepromWrite) refers to stm32f4xx_hal_i2c.o(i.HAL_I2C_Mem_Write) for HAL_I2C_Mem_Write
    common.o(i.I2cEepromWrite) refers to cmsis_os2.o(i.osDelay) for osDelay
    common.o(i.I2cEepromWrite) refers to i2c.o(.bss) for hi2c2
    common.o(i.Is_Value_Approximate) refers to dflti.o(.text) for __aeabi_i2d
    common.o(i.Is_Value_Approximate) refers to dmul.o(.text) for __aeabi_dmul
    common.o(i.Is_Value_Approximate) refers to dadd.o(.text) for __aeabi_dsub
    common.o(i.Is_Value_Approximate) refers to cdrcmple.o(.text) for __aeabi_cdrcmple
    common.o(i.Is_Value_Approximate) refers to cdcmple.o(.text) for __aeabi_cdcmple
    common.o(i.PRINT_HEX) refers to cmsis_os2.o(i.osDelay) for osDelay
    common.o(i.RTOS_ADC7828_Read) refers to cmsis_os2.o(i.osMutexAcquire) for osMutexAcquire
    common.o(i.RTOS_ADC7828_Read) refers to printfa.o(i.__0sprintf) for __2sprintf
    common.o(i.RTOS_ADC7828_Read) refers to strlen.o(.text) for strlen
    common.o(i.RTOS_ADC7828_Read) refers to functions.o(i.Throw_Log) for Throw_Log
    common.o(i.RTOS_ADC7828_Read) refers to stm32f4xx_hal_i2c.o(i.HAL_I2C_Mem_Read) for HAL_I2C_Mem_Read
    common.o(i.RTOS_ADC7828_Read) refers to cmsis_os2.o(i.osMutexRelease) for osMutexRelease
    common.o(i.RTOS_ADC7828_Read) refers to freertos.o(.data) for i2c1Mutex
    common.o(i.RTOS_ADC7828_Read) refers to common.o(.bss) for .bss
    common.o(i.RTOS_ADC7828_Read) refers to i2c.o(.bss) for hi2c1
    common.o(i.RTOS_ADC7953_Read) refers to common.o(i.RTOS_ADC7953_SPI4_Read) for RTOS_ADC7953_SPI4_Read
    common.o(i.RTOS_ADC7953_Read) refers to common.o(i.RTOS_ADC7953_SPI5_Read) for RTOS_ADC7953_SPI5_Read
    common.o(i.RTOS_ADC7953_SPI4_Read) refers to cmsis_os2.o(i.osMutexAcquire) for osMutexAcquire
    common.o(i.RTOS_ADC7953_SPI4_Read) refers to printfa.o(i.__0sprintf) for __2sprintf
    common.o(i.RTOS_ADC7953_SPI4_Read) refers to strlen.o(.text) for strlen
    common.o(i.RTOS_ADC7953_SPI4_Read) refers to functions.o(i.Throw_Log) for Throw_Log
    common.o(i.RTOS_ADC7953_SPI4_Read) refers to stm32f4xx_hal_gpio.o(i.HAL_GPIO_WritePin) for HAL_GPIO_WritePin
    common.o(i.RTOS_ADC7953_SPI4_Read) refers to stm32f4xx_hal_spi.o(i.HAL_SPI_TransmitReceive) for HAL_SPI_TransmitReceive
    common.o(i.RTOS_ADC7953_SPI4_Read) refers to cmsis_os2.o(i.osMutexRelease) for osMutexRelease
    common.o(i.RTOS_ADC7953_SPI4_Read) refers to functions.o(i.Set_Flag) for Set_Flag
    common.o(i.RTOS_ADC7953_SPI4_Read) refers to functions.o(i.Is_Flag_Set) for Is_Flag_Set
    common.o(i.RTOS_ADC7953_SPI4_Read) refers to functions.o(i.Clear_Flag) for Clear_Flag
[...]
    Cmd_LOG_Number                           0x2000141d   Thumb Code    88  command.o(i.Cmd_LOG_Number)
    Cmd_Maintain                             0x20001485   Thumb Code   178  command.o(i.Cmd_Maintain)
    Cmd_Process                              0x20001541   Thumb Code    90  command.o(i.Cmd_Process)
    Cmd_Set_Switch                           0x200015c9   Thumb Code   278  command.o(i.Cmd_Set_Switch)
    Cmd_Set_Time                             0x200017b5   Thumb Code   196  command.o(i.Cmd_Set_Time)
    Cmd_Softreset                            0x20001885   Thumb Code    32  command.o(i.Cmd_Softreset)
    Cmd_Upgrade_Data                         0x200018b1   Thumb Code   466  command.o(i.Cmd_Upgrade_Data)
    Cmd_Upgrade_Init                         0x20001b89   Thumb Code    94  command.o(i.Cmd_Upgrade_Init)
    Cmd_Upgrade_Install                      0x20001c19   Thumb Code   242  command.o(i.Cmd_Upgrade_Install)
    Cmd_Voltage                              0x20001e05   Thumb Code   440  command.o(i.Cmd_Voltage)
    Cmd_Voltage_Threshold                    0x20001ff9   Thumb Code   378  command.o(i.Cmd_Voltage_Threshold)
    DMA2_Stream2_IRQHandler                  0x2000218d   Thumb Code     6  stm32f4xx_it.o(i.DMA2_Stream2_IRQHandler)
    DebugMon_Handler                         0x2000223d   Thumb Code     2  stm32f4xx_it.o(i.DebugMon_Handler)
    EXTI0_IRQHandler                         0x2000223f   Thumb Code     6  stm32f4xx_it.o(i.EXTI0_IRQHandler)
    EXTI15_10_IRQHandler                     0x20002245   Thumb Code     8  stm32f4xx_it.o(i.EXTI15_10_IRQHandler)
    Error_Handler                            0x2000224d   Thumb Code     2  main.o(i.Error_Handler)
    FLASH_Erase_Sector                       0x20002251   Thumb Code    80  stm32f4xx_hal_flash_ex.o(i.FLASH_Erase_Sector)
    FLASH_FlushCaches                        0x200022a5   Thumb Code    80  stm32f4xx_hal_flash_ex.o(i.FLASH_FlushCaches)
    FLASH_IRQHandler                         0x200022f9   Thumb Code     4  stm32f4xx_it.o(i.FLASH_IRQHandler)
    FLASH_If_Erase_IT                        0x200022fd   Thumb Code    46  flash_if.o(i.FLASH_If_Erase_IT)
    FLASH_If_Init                            0x2000232d   Thumb Code    20  flash_if.o(i.FLASH_If_Init)
    FLASH_If_Write                           0x20002345   Thumb Code    80  flash_if.o(i.FLASH_If_Write)
    FLASH_WaitForLastOperation               0x200024e9   Thumb Code    72  stm32f4xx_hal_flash.o(i.FLASH_WaitForLastOperation)
    Get_Current_Switch_Channel               0x20002539   Thumb Code   468  functions.o(i.Get_Current_Switch_Channel)
    Get_Index_Of_Channel_Map                 0x200027b1   Thumb Code    54  functions.o(i.Get_Index_Of_Channel_Map)
    Get_Log_Status                           0x200027ed   Thumb Code    50  functions.o(i.Get_Log_Status)
    Get_Switch_Adc                           0x20002821   Thumb Code   104  functions.o(i.Get_Switch_Adc)
    Get_Switch_Channel_By_IO                 0x2000288d   Thumb Code   112  functions.o(i.Get_Switch_Channel_By_IO)
    Get_Threshold_Table                      0x20002901   Thumb Code   164  functions.o(i.Get_Threshold_Table)
    Get_Up_Status                            0x20002a45   Thumb Code    90  functions.o(i.Get_Up_Status)
    HAL_ADC_ConfigChannel                    0x20002aa1   Thumb Code   334  stm32f4xx_hal_adc.o(i.HAL_ADC_ConfigChannel)
    HAL_ADC_Init                             0x20002c05   Thumb Code    84  stm32f4xx_hal_adc.o(i.HAL_ADC_Init)
    HAL_ADC_MspInit                          0x20002c59   Thumb Code    30  adc.o(i.HAL_ADC_MspInit)
    HAL_DMA_Abort                            0x20002c81   Thumb Code   142  stm32f4xx_hal_dma.o(i.HAL_DMA_Abort)
    HAL_DMA_Abort_IT                         0x20002d0f   Thumb Code    36  stm32f4xx_hal_dma.o(i.HAL_DMA_Abort_IT)
    HAL_DMA_IRQHandler                       0x20002d35   Thumb Code   412  stm32f4xx_hal_dma.o(i.HAL_DMA_IRQHandler)
    HAL_DMA_Init                             0x20002ed5   Thumb Code   206  stm32f4xx_hal_dma.o(i.HAL_DMA_Init)
    HAL_DMA_Start_IT                         0x20002fa9   Thumb Code   110  stm32f4xx_hal_dma.o(i.HAL_DMA_Start_IT)
    HAL_Delay                                0x20003019   Thumb Code    32  stm32f4xx_hal.o(i.HAL_Delay)
    HAL_FLASHEx_Erase_IT                     0x2000303d   Thumb Code    96  stm32f4xx_hal_flash_ex.o(i.HAL_FLASHEx_Erase_IT)
    HAL_FLASH_EndOfOperationCallback         0x200030a5   Thumb Code    60  main.o(i.HAL_FLASH_EndOfOperationCallback)
    HAL_FLASH_IRQHandler                     0x200030f5   Thumb Code   196  stm32f4xx_hal_flash.o(i.HAL_FLASH_IRQHandler)
    HAL_FLASH_Lock                           0x200031c1   Thumb Code    14  stm32f4xx_hal_flash.o(i.HAL_FLASH_Lock)
    HAL_FLASH_OperationErrorCallback         0x200031d5   Thumb Code     2  stm32f4xx_hal_flash.o(i.HAL_FLASH_OperationErrorCallback)
    HAL_FLASH_Program                        0x200031d9   Thumb Code   116  stm32f4xx_hal_flash.o(i.HAL_FLASH_Program)
    HAL_FLASH_Unlock                         0x20003255   Thumb Code    32  stm32f4xx_hal_flash.o(i.HAL_FLASH_Unlock)
    HAL_GPIO_EXTI_Callback                   0x20003281   Thumb Code    74  main.o(i.HAL_GPIO_EXTI_Callback)
    HAL_GPIO_EXTI_IRQHandler                 0x200032dd   Thumb Code    18  stm32f4xx_hal_gpio.o(i.HAL_GPIO_EXTI_IRQHandler)
    HAL_GPIO_Init                            0x200032f5   Thumb Code   414  stm32f4xx_hal_gpio.o(i.HAL_GPIO_Init)
    HAL_GPIO_ReadPin                         0x200034c9   Thumb Code    10  stm32f4xx_hal_gpio.o(i.HAL_GPIO_ReadPin)
    HAL_GPIO_WritePin                        0x200034d3   Thumb Code    10  stm32f4xx_hal_gpio.o(i.HAL_GPIO_WritePin)
    HAL_GetTick                              0x200034dd   Thumb Code     6  stm32f4xx_hal.o(i.HAL_GetTick)
    HAL_I2CEx_ConfigAnalogFilter             0x200034e9   Thumb Code    66  stm32f4xx_hal_i2c_ex.o(i.HAL_I2CEx_ConfigAnalogFilter)
    HAL_I2CEx_ConfigDigitalFilter            0x2000352b   Thumb Code    62  stm32f4xx_hal_i2c_ex.o(i.HAL_I2CEx_ConfigDigitalFilter)
    HAL_I2C_Init                             0x20003569   Thumb Code   376  stm32f4xx_hal_i2c.o(i.HAL_I2C_Init)
    HAL_I2C_Mem_Read                         0x200036f1   Thumb Code   490  stm32f4xx_hal_i2c.o(i.HAL_I2C_Mem_Read)
    HAL_I2C_Mem_Write                        0x200038e9   Thumb Code   294  stm32f4xx_hal_i2c.o(i.HAL_I2C_Mem_Write)
    HAL_I2C_MspInit                          0x20003a19   Thumb Code   310  i2c.o(i.HAL_I2C_MspInit)
    HAL_IWDG_Init                            0x20003b65   Thumb Code    82  stm32f4xx_hal_iwdg.o(i.HAL_IWDG_Init)
    HAL_IWDG_Refresh                         0x20003bb7   Thumb Code    12  stm32f4xx_hal_iwdg.o(i.HAL_IWDG_Refresh)
    HAL_IncTick                              0x20003bc5   Thumb Code    12  stm32f4xx_hal.o(i.HAL_IncTick)
    HAL_Init                                 0x20003bd5   Thumb Code    48  stm32f4xx_hal.o(i.HAL_Init)
    HAL_InitTick                             0x20003c09   Thumb Code   100  stm32f4xx_hal_timebase_tim.o(i.HAL_InitTick)
    HAL_MspInit                              0x20003c7d   Thumb Code    70  stm32f4xx_hal_msp.o(i.HAL_MspInit)
    HAL_NVIC_EnableIRQ                       0x20003cc9   Thumb Code    26  stm32f4xx_hal_cortex.o(i.HAL_NVIC_EnableIRQ)
    HAL_NVIC_SetPriority                     0x20003ce5   Thumb Code    60  stm32f4xx_hal_cortex.o(i.HAL_NVIC_SetPriority)
    HAL_NVIC_SetPriorityGrouping             0x20003d25   Thumb Code    26  stm32f4xx_hal_cortex.o(i.HAL_NVIC_SetPriorityGrouping)
    HAL_PWREx_EnableOverDrive                0x20003d49   Thumb Code    98  stm32f4xx_hal_pwr_ex.o(i.HAL_PWREx_EnableOverDrive)
    HAL_RCCEx_PeriphCLKConfig                0x20003db9   Thumb Code   560  stm32f4xx_hal_rcc_ex.o(i.HAL_RCCEx_PeriphCLKConfig)
    HAL_RCC_ClockConfig                      0x2000400d   Thumb Code   288  stm32f4xx_hal_rcc.o(i.HAL_RCC_ClockConfig)
    HAL_RCC_GetClockConfig                   0x20004141   Thumb Code    54  stm32f4xx_hal_rcc.o(i.HAL_RCC_GetClockConfig)
    HAL_RCC_GetPCLK1Freq                     0x20004181   Thumb Code    20  stm32f4xx_hal_rcc.o(i.HAL_RCC_GetPCLK1Freq)
    HAL_RCC_GetPCLK2Freq                     0x200041a1   Thumb Code    20  stm32f4xx_hal_rcc.o(i.HAL_RCC_GetPCLK2Freq)
    HAL_RCC_GetSysClockFreq                  0x200041c1   Thumb Code    88  stm32f4xx_hal_rcc.o(i.HAL_RCC_GetSysClockFreq)
    HAL_RCC_OscConfig                        0x20004225   Thumb Code   834  stm32f4xx_hal_rcc.o(i.HAL_RCC_OscConfig)
    HAL_RTC_GetDate                          0x20004581   Thumb Code    62  stm32f4xx_hal_rtc.o(i.HAL_RTC_GetDate)
    HAL_RTC_GetTime                          0x200045c5   Thumb Code    82  stm32f4xx_hal_rtc.o(i.HAL_RTC_GetTime)
    HAL_RTC_Init                             0x2000461d   Thumb Code   166  stm32f4xx_hal_rtc.o(i.HAL_RTC_Init)
    HAL_RTC_MspInit                          0x200046c9   Thumb Code    16  rtc.o(i.HAL_RTC_MspInit)
    HAL_RTC_SetDate                          0x200046e1   Thumb Code   194  stm32f4xx_hal_rtc.o(i.HAL_RTC_SetDate)
    HAL_RTC_SetTime                          0x200047a9   Thumb Code   230  stm32f4xx_hal_rtc.o(i.HAL_RTC_SetTime)
    HAL_RTC_WaitForSynchro                   0x20004895   Thumb Code    54  stm32f4xx_hal_rtc.o(i.HAL_RTC_WaitForSynchro)
    HAL_SPI_Init                             0x200048cb   Thumb Code   128  stm32f4xx_hal_spi.o(i.HAL_SPI_Init)
    HAL_SPI_MspInit                          0x2000494d   Thumb Code   278  spi.o(i.HAL_SPI_MspInit)
    HAL_SPI_Transmit                         0x20004a81   Thumb Code   348  stm32f4xx_hal_spi.o(i.HAL_SPI_Transmit)
    HAL_SPI_TransmitReceive                  0x20004bdd   Thumb Code   482  stm32f4xx_hal_spi.o(i.HAL_SPI_TransmitReceive)
    HAL_TIMEx_BreakCallback                  0x20004dbf   Thumb Code     2  stm32f4xx_hal_tim_ex.o(i.HAL_TIMEx_BreakCallback)
    HAL_TIMEx_CommutCallback                 0x20004dc1   Thumb Code     2  stm32f4xx_hal_tim_ex.o(i.HAL_TIMEx_CommutCallback)
    HAL_TIM_Base_Init                        0x20004dc3   Thumb Code    54  stm32f4xx_hal_tim.o(i.HAL_TIM_Base_Init)
    HAL_TIM_Base_MspInit                     0x20004df9   Thumb Code     2  stm32f4xx_hal_tim.o(i.HAL_TIM_Base_MspInit)
    HAL_TIM_Base_Start_IT                    0x20004dfb   Thumb Code    34  stm32f4xx_hal_tim.o(i.HAL_TIM_Base_Start_IT)
    HAL_TIM_IC_CaptureCallback               0x20004e1d   Thumb Code     2  stm32f4xx_hal_tim.o(i.HAL_TIM_IC_CaptureCallback)
    HAL_TIM_IRQHandler                       0x20004e1f   Thumb Code   358  stm32f4xx_hal_tim.o(i.HAL_TIM_IRQHandler)
    HAL_TIM_OC_DelayElapsedCallback          0x20004f85   Thumb Code     2  stm32f4xx_hal_tim.o(i.HAL_TIM_OC_DelayElapsedCallback)
    HAL_TIM_PWM_PulseFinishedCallback        0x20004f87   Thumb Code     2  stm32f4xx_hal_tim.o(i.HAL_TIM_PWM_PulseFinishedCallback)
    HAL_TIM_PeriodElapsedCallback            0x20004f89   Thumb Code    14  main.o(i.HAL_TIM_PeriodElapsedCallback)
    HAL_TIM_TriggerCallback                  0x20004f9d   Thumb Code     2  stm32f4xx_hal_tim.o(i.HAL_TIM_TriggerCallback)
    HAL_UART_DMAStop                         0x20004f9f   Thumb Code    88  stm32f4xx_hal_uart.o(i.HAL_UART_DMAStop)
    HAL_UART_ErrorCallback                   0x20004ff7   Thumb Code     2  stm32f4xx_hal_uart.o(i.HAL_UART_ErrorCallback)
    HAL_UART_IRQHandler                      0x20004ff9   Thumb Code   270  stm32f4xx_hal_uart.o(i.HAL_UART_IRQHandler)
    HAL_UART_Init                            0x2000510d   Thumb Code    98  stm32f4xx_hal_uart.o(i.HAL_UART_Init)
    HAL_UART_MspInit                         0x20005171   Thumb Code   220  usart.o(i.HAL_UART_MspInit)
    HAL_UART_Receive_DMA                     0x20005269   Thumb Code   138  stm32f4xx_hal_uart.o(i.HAL_UART_Receive_DMA)
    HAL_UART_Receive_IT                      0x20005301   Thumb Code    82  stm32f4xx_hal_uart.o(i.HAL_UART_Receive_IT)
    HAL_UART_RxCpltCallback                  0x20005355   Thumb Code    18  usart.o(i.HAL_UART_RxCpltCallback)
    HAL_UART_RxHalfCpltCallback              0x20005371   Thumb Code     2  stm32f4xx_hal_uart.o(i.HAL_UART_RxHalfCpltCallback)
    HAL_UART_Transmit                        0x20005373   Thumb Code   186  stm32f4xx_hal_uart.o(i.HAL_UART_Transmit)
    HAL_UART_TxCpltCallback                  0x2000542d   Thumb Code     2  stm32f4xx_hal_uart.o(i.HAL_UART_TxCpltCallback)
    HardFault_Handler                        0x2000542f   Thumb Code     2  stm32f4xx_it.o(i.HardFault_Handler)
    I2cEepromRead                            0x20005801   Thumb Code    26  common.o(i.I2cEepromRead)
    I2cEepromWrite                           0x20005821   Thumb Code   112  common.o(i.I2cEepromWrite)
    Init_Run_Status                          0x20005899   Thumb Code    18  functions.o(i.Init_Run_Status)
    Is_Flag_Set                              0x200058b5   Thumb Code    14  functions.o(i.Is_Flag_Set)
    Is_Value_Approximate                     0x200058c5   Thumb Code   110  common.o(i.Is_Value_Approximate)
    Log_Read                                 0x20005945   Thumb Code    18  functions.o(i.Log_Read)
    Log_Write                                0x20005957   Thumb Code   102  functions.o(i.Log_Write)
    Log_Write_byte                           0x200059bd   Thumb Code    72  functions.o(i.Log_Write_byte)
    MX_ADC1_Init                             0x20005a09   Thumb Code    88  adc.o(i.MX_ADC1_Init)
    MX_DMA_Init                              0x20005a71   Thumb Code    40  dma.o(i.MX_DMA_Init)
    MX_FREERTOS_Init                         0x20005a9d   Thumb Code   204  freertos.o(i.MX_FREERTOS_Init)
    MX_GPIO_Init                             0x20005b8d   Thumb Code   396  gpio.o(i.MX_GPIO_Init)
    MX_I2C1_Init                             0x20005d39   Thumb Code    78  i2c.o(i.MX_I2C1_Init)
    MX_I2C2_Init                             0x20005d95   Thumb Code    78  i2c.o(i.MX_I2C2_Init)
    MX_IWDG_Init                             0x20005df1   Thumb Code    36  iwdg.o(i.MX_IWDG_Init)
    MX_RTC_Init                              0x20005e1d   Thumb Code    44  rtc.o(i.MX_RTC_Init)
    MX_SPI1_Init                             0x20005e51   Thumb Code    62  spi.o(i.MX_SPI1_Init)
    MX_SPI4_Init                             0x20005e99   Thumb Code    62  spi.o(i.MX_SPI4_Init)
    MX_SPI5_Init                             0x20005ee1   Thumb Code    62  spi.o(i.MX_SPI5_Init)
    MX_USART1_UART_Init                      0x20005f29   Thumb Code    48  usart.o(i.MX_USART1_UART_Init)
    MX_USART3_UART_Init                      0x20005f61   Thumb Code    48  usart.o(i.MX_USART3_UART_Init)
    MemManage_Handler                        0x20005f99   Thumb Code     2  stm32f4xx_it.o(i.MemManage_Handler)
    NMI_Handler                              0x20005f9b   Thumb Code     2  stm32f4xx_it.o(i.NMI_Handler)
    OSW_Init                                 0x20005f9d   Thumb Code   838  main.o(i.OSW_Init)
    PRINT_HEX                                0x20006461   Thumb Code    22  common.o(i.PRINT_HEX)
    RTC_Bcd2ToByte                           0x20006477   Thumb Code    18  stm32f4xx_hal_rtc.o(i.RTC_Bcd2ToByte)
    RTC_ByteToBcd2                           0x20006489   Thumb Code    22  stm32f4xx_hal_rtc.o(i.RTC_ByteToBcd2)
    RTC_EnterInitMode                        0x200064a1   Thumb Code    58  stm32f4xx_hal_rtc.o(i.RTC_EnterInitMode)
    RTOS_ADC7828_Read                        0x200064dd   Thumb Code   142  common.o(i.RTOS_ADC7828_Read)
    RTOS_ADC7953_Read                        0x200065c1   Thumb Code    16  common.o(i.RTOS_ADC7953_Read)
    RTOS_ADC7953_SPI4_Read                   0x200065d1   Thumb Code   356  common.o(i.RTOS_ADC7953_SPI4_Read)
    RTOS_ADC7953_SPI5_Read                   0x200067f1   Thumb Code   348  common.o(i.RTOS_ADC7953_SPI5_Read)
    RTOS_DAC5535_Write                       0x20006a05   Thumb Code   146  common.o(i.RTOS_DAC5535_Write)
    RTOS_EEPROM_Read                         0x20006af1   Thumb Code   138  common.o(i.RTOS_EEPROM_Read)
    RTOS_EEPROM_Write                        0x20006bd9   Thumb Code   138  common.o(i.RTOS_EEPROM_Write)
    Reset_Log_Status                         0x20006cc1   Thumb Code    22  functions.o(i.Reset_Log_Status)
    Reset_Switch                             0x20006cd9   Thumb Code    54  functions.o(i.Reset_Switch)
    Set_Alarm                                0x20006e09   Thumb Code    46  functions.o(i.Set_Alarm)
    Set_Flag                                 0x20006e41   Thumb Code    12  functions.o(i.Set_Flag)
    Set_Switch                               0x20006e4d   Thumb Code   212  functions.o(i.Set_Switch)
    Set_Switch_Ready                         0x20006f29   Thumb Code    48  functions.o(i.Set_Switch_Ready)
    StartDefaultTask                         0x20006f61   Thumb Code     8  freertos.o(i.StartDefaultTask)
    SysTick_Handler                          0x20006f69   Thumb Code    38  port.o(i.SysTick_Handler)
    SystemClock_Config                       0x20006f95   Thumb Code   160  main.o(i.SystemClock_Config)
    SystemInit                               0x2000703d   Thumb Code    20  system_stm32f4xx.o(i.SystemInit)
    TIM1_TRG_COM_TIM11_IRQHandler            0x20007055   Thumb Code     6  stm32f4xx_it.o(i.TIM1_TRG_COM_TIM11_IRQHandler)
    TIM_Base_SetConfig                       0x20007061   Thumb Code   156  stm32f4xx_hal_tim.o(i.TIM_Base_SetConfig)
    Throw_Log                                0x20007129   Thumb Code   130  functions.o(i.Throw_Log)
    USART1_IRQHandler                        0x2000752d   Thumb Code     6  stm32f4xx_it.o(i.USART1_IRQHandler)
    Uart_Respond                             0x20007539   Thumb Code   148  command.o(i.Uart_Respond)
    Update_Log_Status                        0x20007605   Thumb Code    36  functions.o(i.Update_Log_Status)
    Update_Up_Status                         0x20007629   Thumb Code    84  functions.o(i.Update_Up_Status)
    UsageFault_Handler                       0x2000767d   Thumb Code     2  stm32f4xx_it.o(i.UsageFault_Handler)
    __0sprintf                               0x20007681   Thumb Code    34  printfa.o(i.__0sprintf)
    __1sprintf                               0x20007681   Thumb Code     0  printfa.o(i.__0sprintf)
    __2sprintf                               0x20007681   Thumb Code     0  printfa.o(i.__0sprintf)
    __c89sprintf                             0x20007681   Thumb Code     0  printfa.o(i.__0sprintf)
    sprintf                                  0x20007681   Thumb Code     0  printfa.o(i.__0sprintf)
    __aeabi_errno_addr                       0x200076c9   Thumb Code     4  errno.o(i.__aeabi_errno_addr)
    __rt_errno_addr                          0x200076c9   Thumb Code     0  errno.o(i.__aeabi_errno_addr)
    __hardfp_log                             0x200076d1   Thumb Code   872  log.o(i.__hardfp_log)
    __kernel_poly                            0x20007a95   Thumb Code   248  poly.o(i.__kernel_poly)
    __mathlib_dbl_divzero                    0x20007b91   Thumb Code    28  dunder.o(i.__mathlib_dbl_divzero)
    __mathlib_dbl_infnan                     0x20007bc1   Thumb Code    20  dunder.o(i.__mathlib_dbl_infnan)
    __mathlib_dbl_invalid                    0x20007bd9   Thumb Code    24  dunder.o(i.__mathlib_dbl_invalid)
    __scatterload_copy                       0x20007bf9   Thumb Code    14  handlers.o(i.__scatterload_copy)
    __scatterload_null                       0x20007c07   Thumb Code     2  handlers.o(i.__scatterload_null)
    __scatterload_zeroinit                   0x20007c09   Thumb Code    14  handlers.o(i.__scatterload_zeroinit)
    __set_errno                              0x20007c19   Thumb Code     6  errno.o(i.__set_errno)
    cmdProcessTask                           0x200084e1   Thumb Code   110  freertos.o(i.cmdProcessTask)
    debug_cal_dump                           0x20008591   Thumb Code   706  functions.o(i.debug_cal_dump)
    debug_cal_il                             0x20008865   Thumb Code    42  functions.o(i.debug_cal_il)
    debug_cal_switch                         0x2000888f   Thumb Code   122  functions.o(i.debug_cal_switch)
    debug_cal_threshold                      0x20008909   Thumb Code   460  functions.o(i.debug_cal_threshold)
    debug_eeprom                             0x20008ae1   Thumb Code    28  functions.o(i.debug_eeprom)
    debug_pin                                0x20008b01   Thumb Code    50  functions.o(i.debug_pin)
    debug_sw_adc                             0x20008b41   Thumb Code   134  functions.o(i.debug_sw_adc)
    debug_sw_dac                             0x20008bd1   Thumb Code    22  functions.o(i.debug_sw_dac)
    debug_tag                                0x20008be7   Thumb Code    94  functions.o(i.debug_tag)
    debug_vol_adc                            0x20008c45   Thumb Code    36  functions.o(i.debug_vol_adc)
    debug_write_log                          0x20008c6d   Thumb Code    68  functions.o(i.debug_write_log)
    get_32_from_eeprom                       0x20008cb9   Thumb Code    20  common.o(i.get_32_from_eeprom)
    isrTask                                  0x20008ccd   Thumb Code   222  freertos.o(i.isrTask)
    logTask                                  0x20008e0d   Thumb Code   326  freertos.o(i.logTask)
    main                                     0x20008f6d   Thumb Code   108  main.o(i.main)
    monitorTask                              0x20008fe5   Thumb Code  1502  freertos.o(i.monitorTask)
    my_abs                                   0x200095fd   Thumb Code    44  common.o(i.my_abs)
    osDelay                                  0x2000962d   Thumb Code    46  cmsis_os2.o(i.osDelay)
    osKernelInitialize                       0x20009661   Thumb Code    50  cmsis_os2.o(i.osKernelInitialize)
    osKernelStart                            0x20009699   Thumb Code    58  cmsis_os2.o(i.osKernelStart)
    osMessageQueueGet                        0x200096d9   Thumb Code   116  cmsis_os2.o(i.osMessageQueueGet)
    osMessageQueueGetCount                   0x20009755   Thumb Code    40  cmsis_os2.o(i.osMessageQueueGetCount)
    osMessageQueueNew                        0x20009781   Thumb Code   110  cmsis_os2.o(i.osMessageQueueNew)
    osMessageQueuePut                        0x200097f5   Thumb Code   120  cmsis_os2.o(i.osMessageQueuePut)
    osMutexAcquire                           0x20009875   Thumb Code   104  cmsis_os2.o(i.osMutexAcquire)
    osMutexNew                               0x200098e1   Thumb Code   124  cmsis_os2.o(i.osMutexNew)
    osMutexRelease                           0x20009961   Thumb Code    88  cmsis_os2.o(i.osMutexRelease)
    osSemaphoreAcquire                       0x200099bd   Thumb Code   108  cmsis_os2.o(i.osSemaphoreAcquire)
    osSemaphoreNew                           0x20009a31   Thumb Code   172  cmsis_os2.o(i.osSemaphoreNew)
    osSemaphoreRelease                       0x20009ae1   Thumb Code   102  cmsis_os2.o(i.osSemaphoreRelease)
    osThreadNew                              0x20009b51   Thumb Code   160  cmsis_os2.o(i.osThreadNew)
    pvPortMalloc                             0x2000a351   Thumb Code   210  heap_4.o(i.pvPortMalloc)
    pvTaskIncrementMutexHeldCount            0x2000a429   Thumb Code    18  tasks.o(i.pvTaskIncrementMutexHeldCount)
    pxPortInitialiseStack                    0x2000a441   Thumb Code    40  port.o(i.pxPortInitialiseStack)
    set_sw_dac                               0x2000a46d   Thumb Code   168  functions.o(i.set_sw_dac)
    switch_endian                            0x2000a519   Thumb Code     4  common.o(i.switch_endian)
    uartProcessTask                          0x2000a51d   Thumb Code   486  freertos.o(i.uartProcessTask)
    ulTaskNotifyTake                         0x2000a7b1   Thumb Code    96  tasks.o(i.ulTaskNotifyTake)
    uxListRemove                             0x2000a819   Thumb Code    38  list.o(i.uxListRemove)
    uxQueueMessagesWaiting                   0x2000a83f   Thumb Code    36  queue.o(i.uxQueueMessagesWaiting)
    uxQueueMessagesWaitingFromISR            0x2000a863   Thumb Code    22  queue.o(i.uxQueueMessagesWaitingFromISR)
    vApplicationGetIdleTaskMemory            0x2000a879   Thumb Code    16  cmsis_os2.o(i.vApplicationGetIdleTaskMemory)
    vApplicationGetTimerTaskMemory           0x2000a88d   Thumb Code    18  cmsis_os2.o(i.vApplicationGetTimerTaskMemory)
    vListInitialise                          0x2000a8a5   Thumb Code    22  list.o(i.vListInitialise)
    vListInitialiseItem                      0x2000a8bb   Thumb Code     6  list.o(i.vListInitialiseItem)
    vListInsert                              0x2000a8c1   Thumb Code    48  list.o(i.vListInsert)
    vListInsertEnd                           0x2000a8f1   Thumb Code    24  list.o(i.vListInsertEnd)
    vPortEnterCritical                       0x2000a909   Thumb Code    54  port.o(i.vPortEnterCritical)
    vPortExitCritical                        0x2000a949   Thumb Code    34  port.o(i.vPortExitCritical)
    vPortFree                                0x2000a971   Thumb Code    88  heap_4.o(i.vPortFree)
    vPortSetupTimerInterrupt                 0x2000a9cd   Thumb Code    32  port.o(i.vPortSetupTimerInterrupt)
    vPortValidateInterruptPriority           0x2000a9f1   Thumb Code    74  port.o(i.vPortValidateInterruptPriority)
    vQueueAddToRegistry                      0x2000aa45   Thumb Code    34  queue.o(i.vQueueAddToRegistry)
    vQueueDelete                             0x2000aa6d   Thumb Code    46  queue.o(i.vQueueDelete)
    vQueueUnregisterQueue                    0x2000aa9d   Thumb Code    36  queue.o(i.vQueueUnregisterQueue)
    vQueueWaitForMessageRestricted           0x2000aac5   Thumb Code    68  queue.o(i.vQueueWaitForMessageRestricted)
    vTaskDelay                               0x2000ab09   Thumb Code    66  tasks.o(i.vTaskDelay)
    vTaskInternalSetTimeOutState             0x2000ab55   Thumb Code    12  tasks.o(i.vTaskInternalSetTimeOutState)
    vTaskMissedYield                         0x2000ab65   Thumb Code     8  tasks.o(i.vTaskMissedYield)
    vTaskPlaceOnEventList                    0x2000ab71   Thumb Code    44  tasks.o(i.vTaskPlaceOnEventList)
    vTaskPlaceOnEventListRestricted          0x2000aba1   Thumb Code    52  tasks.o(i.vTaskPlaceOnEventListRestricted)
    vTaskPriorityDisinheritAfterTimeout      0x2000abd9   Thumb Code   134  tasks.o(i.vTaskPriorityDisinheritAfterTimeout)
    vTaskStartScheduler                      0x2000ac69   Thumb Code   118  tasks.o(i.vTaskStartScheduler)
    vTaskSuspendAll                          0x2000acf1   Thumb Code    10  tasks.o(i.vTaskSuspendAll)
    vTaskSwitchContext                       0x2000ad01   Thumb Code    90  tasks.o(i.vTaskSwitchContext)
    watchdogTask                             0x2000ad65   Thumb Code    18  freertos.o(i.watchdogTask)
    write_32_to_eeprom                       0x2000ad7d   Thumb Code    16  common.o(i.write_32_to_eeprom)
    xPortStartScheduler                      0x2000ad8d   Thumb Code   222  port.o(i.xPortStartScheduler)
    xQueueCreateCountingSemaphore            0x2000ae81   Thumb Code    58  queue.o(i.xQueueCreateCountingSemaphore)
    xQueueCreateCountingSemaphoreStatic      0x2000aebb   Thumb Code    64  queue.o(i.xQueueCreateCountingSemaphoreStatic)
    xQueueCreateMutex                        0x2000aefb   Thumb Code    22  queue.o(i.xQueueCreateMutex)
    xQueueCreateMutexStatic                  0x2000af11   Thumb Code    26  queue.o(i.xQueueCreateMutexStatic)
    xQueueGenericCreate                      0x2000af2b   Thumb Code    72  queue.o(i.xQueueGenericCreate)
    xQueueGenericCreateStatic                0x2000af73   Thumb Code   102  queue.o(i.xQueueGenericCreateStatic)
    xQueueGenericReset                       0x2000afd9   Thumb Code   132  queue.o(i.xQueueGenericReset)
    xQueueGenericSend                        0x2000b061   Thumb Code   346  queue.o(i.xQueueGenericSend)
    xQueueGenericSendFromISR                 0x2000b1c1   Thumb Code   188  queue.o(i.xQueueGenericSendFromISR)
    xQueueGiveFromISR                        0x2000b27d   Thumb Code   156  queue.o(i.xQueueGiveFromISR)
    xQueueGiveMutexRecursive                 0x2000b319   Thumb Code    62  queue.o(i.xQueueGiveMutexRecursive)
    xQueueReceive                            0x2000b359   Thumb Code   308  queue.o(i.xQueueReceive)
    xQueueReceiveFromISR                     0x2000b491   Thumb Code   154  queue.o(i.xQueueReceiveFromISR)
    xQueueSemaphoreTake                      0x2000b52d   Thumb Code   372  queue.o(i.xQueueSemaphoreTake)
    xQueueTakeMutexRecursive                 0x2000b6a5   Thumb Code    64  queue.o(i.xQueueTakeMutexRecursive)
    xTaskCheckForTimeOut                     0x2000b6e5   Thumb Code   112  tasks.o(i.xTaskCheckForTimeOut)
    xTaskCreate                              0x2000b759   Thumb Code    90  tasks.o(i.xTaskCreate)
    xTaskCreateStatic                        0x2000b7b3   Thumb Code    86  tasks.o(i.xTaskCreateStatic)
    xTaskGenericNotify                       0x2000b809   Thumb Code   188  tasks.o(i.xTaskGenericNotify)
    xTaskGetCurrentTaskHandle                0x2000b8d1   Thumb Code     6  tasks.o(i.xTaskGetCurrentTaskHandle)
    xTaskGetSchedulerState                   0x2000b8dd   Thumb Code    22  tasks.o(i.xTaskGetSchedulerState)
    xTaskGetTickCount                        0x2000b8f9   Thumb Code     6  tasks.o(i.xTaskGetTickCount)
    xTaskIncrementTick                       0x2000b905   Thumb Code   190  tasks.o(i.xTaskIncrementTick)
    xTaskPriorityDisinherit                  0x2000b9cd   Thumb Code   118  tasks.o(i.xTaskPriorityDisinherit)
    xTaskPriorityInherit                     0x2000ba4d   Thumb Code   112  tasks.o(i.xTaskPriorityInherit)
    xTaskRemoveFromEventList                 0x2000bac5   Thumb Code    98  tasks.o(i.xTaskRemoveFromEventList)
    xTaskResumeAll                           0x2000bb35   Thumb Code   182  tasks.o(i.xTaskResumeAll)
    xTimerCreateTimerTask                    0x2000bbf9   Thumb Code    78  timers.o(i.xTimerCreateTimerTask)
    xTimerGenericCommand                     0x2000bc59   Thumb Code    98  timers.o(i.xTimerGenericCommand)
    file_flash_addr                          0x2000bcc0   Data          48  main.o(.constdata)
    file_flash_end                           0x2000bcf0   Data           4  main.o(.constdata)
    file_flash_count                         0x2000bcf4   Data           1  main.o(.constdata)
    Thread_Mutex_attr                        0x2000bcf8   Data          16  freertos.o(.constdata)
    cmdProcessTask_attributes                0x2000bd08   Data          36  freertos.o(.constdata)
    uartProcessTask_attributes               0x2000bd2c   Data          36  freertos.o(.constdata)
    watchdogTask_attributes                  0x2000bd50   Data          36  freertos.o(.constdata)
    isrTask_attributes                       0x2000bd74   Data          36  freertos.o(.constdata)
    logTask_attributes                       0x2000bd98   Data          36  freertos.o(.constdata)
    monTask_attributes                       0x2000bdbc   Data          36  freertos.o(.constdata)
    defaultTask_attributes                   0x2000bde0   Data          36  freertos.o(.constdata)
    AHBPrescTable                            0x2000be0c   Data          16  system_stm32f4xx.o(.constdata)
    APBPrescTable                            0x2000be1c   Data           8  system_stm32f4xx.o(.constdata)
    __mathlib_zero                           0x2000be60   Data           8  qnan.o(.constdata)
    __ctype_table                            0x2000be68   Data         129  ctype_o.o(.constdata)
    Region$$Table$$Base                      0x2000c020   Number         0  anon$$obj.o(Region$$Table)
    Region$$Table$$Limit                     0x2000c040   Number         0  anon$$obj.o(Region$$Table)
    pn                                       0x20018400   Data           4  command.o(.data)
    supplier_id                              0x20018404   Data           4  command.o(.data)
    hw_version                               0x20018408   Data           4  command.o(.data)
    fw_version                               0x2001840c   Data           4  command.o(.data)
    command_list                             0x20018410   Data         144  command.o(.data)
    channel_map_count                        0x200184a0   Data           4  functions.o(.data)
    channel_map                              0x200184a4   Data          36  functions.o(.data)
    switch_map                               0x200184c8   Data          63  functions.o(.data)
    reset_flag                               0x20018507   Data           1  main.o(.data)
    flash_in_use                             0x20018508   Data           1  main.o(.data)
    uart_sync                                0x2001850c   Data           2  freertos.o(.data)
    uartProcessSemaphore                     0x20018510   Data           4  freertos.o(.data)
    cmdProcessSemaphore                      0x20018514   Data           4  freertos.o(.data)
    logEraseSemaphore                        0x20018518   Data           4  freertos.o(.data)
    mid_LogMsg                               0x2001851c   Data           4  freertos.o(.data)
    mid_ISR                                  0x20018520   Data           4  freertos.o(.data)
    i2c1Mutex                                0x20018524   Data           4  freertos.o(.data)
    i2c2Mutex                                0x20018528   Data           4  freertos.o(.data)
    spi1Mutex                                0x2001852c   Data           4  freertos.o(.data)
    spi4Mutex                                0x20018530   Data           4  freertos.o(.data)
    spi5Mutex                                0x20018534   Data           4  freertos.o(.data)
    cmdProcessTaskHandle                     0x20018538   Data           4  freertos.o(.data)
    uartProcessTaskHandle                    0x2001853c   Data           4  freertos.o(.data)
    watchdogTaskHandle                       0x20018540   Data           4  freertos.o(.data)
    isrTaskHandle                            0x20018544   Data           4  freertos.o(.data)
    logTaskHandle                            0x20018548   Data           4  freertos.o(.data)
    monTaskHandle                            0x2001854c   Data           4  freertos.o(.data)
    defaultTaskHandle                        0x20018550   Data           4  freertos.o(.data)
    uwTickFreq                               0x20018554   Data           1  stm32f4xx_hal.o(.data)
    uwTickPrio                               0x20018558   Data           4  stm32f4xx_hal.o(.data)
    uwTick                                   0x2001855c   Data           4  stm32f4xx_hal.o(.data)
    SystemCoreClock                          0x20018560   Data           4  system_stm32f4xx.o(.data)
    pxCurrentTCB                             0x20018564   Data           4  tasks.o(.data)
    debug_buf                                0x200185e0   Data        1024  common.o(.bss)
    trans_buf                                0x200189e0   Data        1212  command.o(.bss)
    resp_buf                                 0x20018e9c   Data        1216  command.o(.bss)
    up_state                                 0x2001935c   Data          36  command.o(.bss)
    upgrade_status                           0x20019380   Data          24  main.o(.bss)
    log_file_state                           0x20019398   Data          16  main.o(.bss)
    hadc1                                    0x200193a8   Data          72  adc.o(.bss)
    hi2c1                                    0x200193f0   Data          84  i2c.o(.bss)
    hi2c2                                    0x20019444   Data          84  i2c.o(.bss)
    hiwdg                                    0x20019498   Data          12  iwdg.o(.bss)
    hrtc                                     0x200194a4   Data          32  rtc.o(.bss)
    hspi1                                    0x200194c4   Data          88  spi.o(.bss)
    hspi4                                    0x2001951c   Data          88  spi.o(.bss)
    hspi5                                    0x20019574   Data          88  spi.o(.bss)
    huart1                                   0x200195cc   Data          64  usart.o(.bss)
    huart3                                   0x2001960c   Data          64  usart.o(.bss)
    hdma_usart1_rx                           0x2001964c   Data          96  usart.o(.bss)
    htim11                                   0x200196ac   Data          64  stm32f4xx_hal_timebase_tim.o(.bss)
    pFlash                                   0x200196ec   Data          32  stm32f4xx_hal_flash.o(.bss)
    xQueueRegistry                           0x2001970c   Data          64  queue.o(.bss)
    __initial_sp                             0x2001e3e0   Data           0  startup_stm32f427xx.o(STACK)
    run_status                               0x2002fc00   Data         176  main.o(.ARM.__AT_0x2002FC00)



==============================================================================

Memory Map of the image

  Image Entry point : 0x200001ad

  Load Region LR_IROM2 (Base: 0x20000000, Size: 0x0000c620, Max: 0x00018000, ABSOLUTE, COMPRESSED[0x0000c530])

    Execution Region ER_IROM2 (Exec base: 0x20000000, Load base: 0x20000000, Size: 0x0000c040, Max: 0x00018000, ABSOLUTE)

    Exec Addr    Load Addr    Size         Type   Attr      Idx    E Section Name        Object

    0x20000000   0x20000000   0x000001ac   Data   RO            3    RESET               startup_stm32f427xx.o
    0x200001ac   0x200001ac   0x00000000   Code   RO         7043  * .ARM.Collect$$$$00000000  mc_w.l(entry.o)
    0x200001ac   0x200001ac   0x00000004   Code   RO         7362    .ARM.Collect$$$$00000001  mc_w.l(entry2.o)
    0x200001b0   0x200001b0   0x00000004   Code   RO         7365    .ARM.Collect$$$$00000004  mc_w.l(entry5.o)
    0x200001b4   0x200001b4   0x00000000   Code   RO         7367    .ARM.Collect$$$$00000008  mc_w.l(entry7b.o)
    0x200001b4   0x200001b4   0x00000000   Code   RO         7369    .ARM.Collect$$$$0000000A  mc_w.l(entry8b.o)
    0x200001b4   0x200001b4   0x00000008   Code   RO         7370    .ARM.Collect$$$$0000000B  mc_w.l(entry9a.o)
    0x200001bc   0x200001bc   0x00000000   Code   RO         7372    .ARM.Collect$$$$0000000D  mc_w.l(entry10a.o)
    0x200001bc   0x200001bc   0x00000000   Code   RO         7374    .ARM.Collect$$$$0000000F  mc_w.l(entry11a.o)
    0x200001bc   0x200001bc   0x00000004   Code   RO         7363    .ARM.Collect$$$$00002712  mc_w.l(entry2.o)
    0x200001c0   0x200001c0   0x000000be   Code   RO         6952    .emb_text           port.o
    0x2000027e   0x2000027e   0x00000002   PAD
    0x20000280   0x20000280   0x00000024   Code   RO            4    .text               startup_stm32f427xx.o
    0x200002a4   0x200002a4   0x00000062   Code   RO         7046    .text               mc_w.l(uldiv.o)
    0x20000306   0x20000306   0x00000024   Code   RO         7048    .text               mc_w.l(memcpya.o)
    0x2000032a   0x2000032a   0x00000024   Code   RO         7052    .text               mc_w.l(memseta.o)
    0x2000034e   0x2000034e   0x0000000e   Code   RO         7054    .text               mc_w.l(strlen.o)
    0x2000035c   0x2000035c   0x0000001c   Code   RO         7056    .text               mc_w.l(strcmp.o)
    0x20000378   0x20000378   0x00000012   Code   RO         7058    .text               mc_w.l(strcpy.o)
    0x2000038a   0x2000038a   0x0000001e   Code   RO         7060    .text               mc_w.l(strncmp.o)
    0x200003a8   0x200003a8   0x00000072   Code   RO         7325    .text               mc_w.l(strtoul.o)
    0x2000041a   0x2000041a   0x0000014e   Code   RO         7327    .text               mf_w.l(dadd.o)
    0x20000568   0x20000568   0x000000e4   Code   RO         7329    .text               mf_w.l(dmul.o)
    0x2000064c   0x2000064c   0x000000de   Code   RO         7331    .text               mf_w.l(ddiv.o)
    0x2000072a   0x2000072a   0x00000022   Code   RO         7333    .text               mf_w.l(dflti.o)
    0x2000074c   0x2000074c   0x0000001a   Code   RO         7335    .text               mf_w.l(dfltui.o)
    0x20000766   0x20000766   0x0000003e   Code   RO         7337    .text               mf_w.l(dfixi.o)
    0x200007a4   0x200007a4   0x00000032   Code   RO         7339    .text               mf_w.l(dfixui.o)
    0x200007d6   0x200007d6   0x00000002   PAD
    0x200007d8   0x200007d8   0x00000030   Code   RO         7341    .text               mf_w.l(cdcmple.o)
    0x20000808   0x20000808   0x00000030   Code   RO         7343    .text               mf_w.l(cdrcmple.o)
    0x20000838   0x20000838   0x0000002c   Code   RO         7379    .text               mc_w.l(uidiv.o)
    0x20000864   0x20000864   0x0000001e   Code   RO         7381    .text               mc_w.l(llshl.o)
    0x20000882   0x20000882   0x00000020   Code   RO         7383    .text               mc_w.l(llushr.o)
    0x200008a2   0x200008a2   0x00000024   Code   RO         7385    .text               mc_w.l(llsshr.o)
    0x200008c6   0x200008c6   0x00000002   PAD
    0x200008c8   0x200008c8   0x00000008   Code   RO         7387    .text               mc_w.l(ctype_o.o)
    0x200008d0   0x200008d0   0x0000009e   Code   RO         7422    .text               mc_w.l(_strtoul.o)
    0x2000096e   0x2000096e   0x00000000   Code   RO         7424    .text               mc_w.l(iusefp.o)
    0x2000096e   0x2000096e   0x000000ba   Code   RO         7425    .text               mf_w.l(depilogue.o)
    0x20000a28   0x20000a28   0x00000030   Code   RO         7429    .text               mf_w.l(dfixul.o)
    0x20000a58   0x20000a58   0x00000024   Code   RO         7431    .text               mc_w.l(init.o)
    0x20000a7c   0x20000a7c   0x0000001c   Code   RO         7434    .text               mc_w.l(_chval.o)
    0x20000a98   0x20000a98   0x00000056   Code   RO         7445    .text               mc_w.l(__dczerorl2.o)
    0x20000aee   0x20000aee   0x00000002   PAD
    0x20000af0   0x20000af0   0x00000128   Code   RO         1461    i.ADC_Init          stm32f4xx_hal_adc.o
    0x20000c18   0x20000c18   0x00000010   Code   RO           13    i.BE32_To_Buffer    common.o
    0x20000c28   0x20000c28   0x0000000e   Code   RO           14    i.Buffer_To_BE32    common.o
    0x20000c36   0x20000c36   0x00000002   Code   RO         1301    i.BusFault_Handler  stm32f4xx_it.o
    0x20000c38   0x20000c38   0x00000028   Code   RO           16    i.Cal_CRC32         common.o
    0x20000c60   0x20000c60   0x000000c0   Code   RO          574    i.Cal_Temp          functions.o
    0x20000d20   0x20000d20   0x00000038   Code   RO          803    i.Clear_Alarm       functions.o
    0x20000d58   0x20000d58   0x0000000c   Code   RO          575    i.Clear_Flag        functions.o
    0x20000d64   0x20000d64   0x00000016   Code   RO          576    i.Clear_Switch_Dac  functions.o
    0x20000d7a   0x20000d7a   0x00000002   PAD
    0x20000d7c   0x20000d7c   0x00000038   Code   RO          792    i.Clear_Switch_Ready  functions.o
    0x20000db4   0x20000db4   0x00000030   Code   RO          405    i.Cmd_Device_Status  command.o
    0x20000de4   0x20000de4   0x000001e0   Code   RO          406    i.Cmd_For_Debug     command.o
    0x20000fc4   0x20000fc4   0x00000034   Code   RO          407    i.Cmd_Get_IL        command.o
    0x20000ff8   0x20000ff8   0x00000034   Code   RO          408    i.Cmd_Get_Switch    command.o
    0x2000102c   0x2000102c   0x00000110   Code   RO          409    i.Cmd_Get_Temperature  command.o
    0x2000113c   0x2000113c   0x00000080   Code   RO          410    i.Cmd_Get_Time      command.o
    0x200011bc   0x200011bc   0x000000b0   Code   RO          411    i.Cmd_Get_Version   command.o
    0x2000126c   0x2000126c   0x000001b0   Code   RO          412    i.Cmd_LOG_Content   command.o
    0x2000141c   0x2000141c   0x00000068   Code   RO          413    i.Cmd_LOG_Number    command.o
    0x20001484   0x20001484   0x000000bc   Code   RO          414    i.Cmd_Maintain      command.o
    0x20001540   0x20001540   0x00000088   Code   RO          415    i.Cmd_Process       command.o
    0x200015c8   0x200015c8   0x000001ec   Code   RO          416    i.Cmd_Set_Switch    command.o
    0x200017b4   0x200017b4   0x000000d0   Code   RO          417    i.Cmd_Set_Time      command.o
    0x20001884   0x20001884   0x0000002c   Code   RO          418    i.Cmd_Softreset     command.o
    0x200018b0   0x200018b0   0x000002d8   Code   RO          419    i.Cmd_Upgrade_Data  command.o
    0x20001b88   0x20001b88   0x00000090   Code   RO          420    i.Cmd_Upgrade_Init  command.o
    0x20001c18   0x20001c18   0x000001ec   Code   RO          421    i.Cmd_Upgrade_Install  command.o
    0x20001e04   0x20001e04   0x000001f4   Code   RO          422    i.Cmd_Voltage       command.o
    0x20001ff8   0x20001ff8   0x00000194   Code   RO          423    i.Cmd_Voltage_Threshold  command.o
    0x2000218c   0x2000218c   0x0000000c   Code   RO         1302    i.DMA2_Stream2_IRQHandler  stm32f4xx_it.o
    0x20002198   0x20002198   0x00000028   Code   RO         2244    i.DMA_CalcBaseAndBitshift  stm32f4xx_hal_dma.o
    0x200021c0   0x200021c0   0x00000054   Code   RO         2245    i.DMA_CheckFifoParam  stm32f4xx_hal_dma.o
    0x20002214   0x20002214   0x00000028   Code   RO         2246    i.DMA_SetConfig     stm32f4xx_hal_dma.o
    0x2000223c   0x2000223c   0x00000002   Code   RO         1303    i.DebugMon_Handler  stm32f4xx_it.o
    0x2000223e   0x2000223e   0x00000006   Code   RO         1304    i.EXTI0_IRQHandler  stm32f4xx_it.o
    0x20002244   0x20002244   0x00000008   Code   RO         1305    i.EXTI15_10_IRQHandler  stm32f4xx_it.o
    0x2000224c   0x2000224c   0x00000002   Code   RO          825    i.Error_Handler     main.o
    0x2000224e   0x2000224e   0x00000002   PAD
    0x20002250   0x20002250   0x00000054   Code   RO         2019    i.FLASH_Erase_Sector  stm32f4xx_hal_flash_ex.o
    0x200022a4   0x200022a4   0x00000054   Code   RO         2020    i.FLASH_FlushCaches  stm32f4xx_hal_flash_ex.o
    0x200022f8   0x200022f8   0x00000004   Code   RO         1306    i.FLASH_IRQHandler  stm32f4xx_it.o
    0x200022fc   0x200022fc   0x0000002e   Code   RO          360    i.FLASH_If_Erase_IT  flash_if.o
    0x2000232a   0x2000232a   0x00000002   PAD
    0x2000232c   0x2000232c   0x00000018   Code   RO          361    i.FLASH_If_Init     flash_if.o
    0x20002344   0x20002344   0x00000054   Code   RO          362    i.FLASH_If_Write    flash_if.o
    0x20002398   0x20002398   0x00000040   Code   RO         2021    i.FLASH_MassErase   stm32f4xx_hal_flash_ex.o
    0x200023d8   0x200023d8   0x00000020   Code   RO         1901    i.FLASH_Program_Byte  stm32f4xx_hal_flash.o
    0x200023f8   0x200023f8   0x0000002c   Code   RO         1902    i.FLASH_Program_DoubleWord  stm32f4xx_hal_flash.o
    0x20002424   0x20002424   0x00000024   Code   RO         1903    i.FLASH_Program_HalfWord  stm32f4xx_hal_flash.o
    0x20002448   0x20002448   0x00000024   Code   RO         1904    i.FLASH_Program_Word  stm32f4xx_hal_flash.o
    0x2000246c   0x2000246c   0x0000007c   Code   RO         1905    i.FLASH_SetErrorCode  stm32f4xx_hal_flash.o
    0x200024e8   0x200024e8   0x00000050   Code   RO         1906    i.FLASH_WaitForLastOperation  stm32f4xx_hal_flash.o
    0x20002538   0x20002538   0x00000278   Code   RO          577    i.Get_Current_Switch_Channel  functions.o
    0x200027b0   0x200027b0   0x0000003c   Code   RO          578    i.Get_Index_Of_Channel_Map  functions.o
    0x200027ec   0x200027ec   0x00000032   Code   RO          579    i.Get_Log_Status    functions.o
    0x2000281e   0x2000281e   0x00000002   PAD
    0x20002820   0x20002820   0x0000006c   Code   RO          580    i.Get_Switch_Adc    functions.o
    0x2000288c   0x2000288c   0x00000074   Code   RO          581    i.Get_Switch_Channel_By_IO  functions.o
    0x20002900   0x20002900   0x00000144   Code   RO          582    i.Get_Threshold_Table  functions.o
    0x20002a44   0x20002a44   0x0000005a   Code   RO          583    i.Get_Up_Status     functions.o
    0x20002a9e   0x20002a9e   0x00000002   PAD
    0x20002aa0   0x20002aa0   0x00000164   Code   RO         1463    i.HAL_ADC_ConfigChannel  stm32f4xx_hal_adc.o
    0x20002c04   0x20002c04   0x00000054   Code   RO         1472    i.HAL_ADC_Init      stm32f4xx_hal_adc.o
    0x20002c58   0x20002c58   0x00000028   Code   RO          927    i.HAL_ADC_MspInit   adc.o
    0x20002c80   0x20002c80   0x0000008e   Code   RO         2247    i.HAL_DMA_Abort     stm32f4xx_hal_dma.o
    0x20002d0e   0x20002d0e   0x00000024   Code   RO         2248    i.HAL_DMA_Abort_IT  stm32f4xx_hal_dma.o
    0x20002d32   0x20002d32   0x00000002   PAD
    0x20002d34   0x20002d34   0x000001a0   Code   RO         2252    i.HAL_DMA_IRQHandler  stm32f4xx_hal_dma.o
    0x20002ed4   0x20002ed4   0x000000d4   Code   RO         2253    i.HAL_DMA_Init      stm32f4xx_hal_dma.o
    0x20002fa8   0x20002fa8   0x0000006e   Code   RO         2257    i.HAL_DMA_Start_IT  stm32f4xx_hal_dma.o
    0x20003016   0x20003016   0x00000002   PAD
    0x20003018   0x20003018   0x00000024   Code   RO         2684    i.HAL_Delay         stm32f4xx_hal.o
    0x2000303c   0x2000303c   0x00000068   Code   RO         2027    i.HAL_FLASHEx_Erase_IT  stm32f4xx_hal_flash_ex.o
    0x200030a4   0x200030a4   0x00000050   Code   RO          826    i.HAL_FLASH_EndOfOperationCallback  main.o
    0x200030f4   0x200030f4   0x000000cc   Code   RO         1909    i.HAL_FLASH_IRQHandler  stm32f4xx_hal_flash.o
    0x200031c0   0x200031c0   0x00000014   Code   RO         1910    i.HAL_FLASH_Lock    stm32f4xx_hal_flash.o
    0x200031d4   0x200031d4   0x00000002   Code   RO         1914    i.HAL_FLASH_OperationErrorCallback  stm32f4xx_hal_flash.o
    0x200031d6   0x200031d6   0x00000002   PAD
    0x200031d8   0x200031d8   0x0000007c   Code   RO         1915    i.HAL_FLASH_Program  stm32f4xx_hal_flash.o
    0x20003254   0x20003254   0x0000002c   Code   RO         1917    i.HAL_FLASH_Unlock  stm32f4xx_hal_flash.o
    0x20003280   0x20003280   0x0000005c   Code   RO          827    i.HAL_GPIO_EXTI_Callback  main.o
    0x200032dc   0x200032dc   0x00000018   Code   RO         2139    i.HAL_GPIO_EXTI_IRQHandler  stm32f4xx_hal_gpio.o
    0x200032f4   0x200032f4   0x000001d4   Code   RO         2140    i.HAL_GPIO_Init     stm32f4xx_hal_gpio.o
    0x200034c8   0x200034c8   0x0000000a   Code   RO         2142    i.HAL_GPIO_ReadPin  stm32f4xx_hal_gpio.o
    0x200034d2   0x200034d2   0x0000000a   Code   RO         2144    i.HAL_GPIO_WritePin  stm32f4xx_hal_gpio.o
    0x200034dc   0x200034dc   0x0000000c   Code   RO         2692    i.HAL_GetTick       stm32f4xx_hal.o
    0x200034e8   0x200034e8   0x00000042   Code   RO         3374    i.HAL_I2CEx_ConfigAnalogFilter  stm32f4xx_hal_i2c_ex.o
    0x2000352a   0x2000352a   0x0000003e   Code   RO         3375    i.HAL_I2CEx_ConfigDigitalFilter  stm32f4xx_hal_i2c_ex.o
    0x20003568   0x20003568   0x00000188   Code   RO         2958    i.HAL_I2C_Init      stm32f4xx_hal_i2c.o
    0x200036f0   0x200036f0   0x000001f8   Code   RO         2976    i.HAL_I2C_Mem_Read  stm32f4xx_hal_i2c.o
    0x200038e8   0x200038e8   0x00000130   Code   RO         2979    i.HAL_I2C_Mem_Write  stm32f4xx_hal_i2c.o
    0x20003a18   0x20003a18   0x0000014c   Code   RO         1073    i.HAL_I2C_MspInit   i2c.o
    0x20003b64   0x20003b64   0x00000052   Code   RO         3404    i.HAL_IWDG_Init     stm32f4xx_hal_iwdg.o
    0x20003bb6   0x20003bb6   0x0000000c   Code   RO         3405    i.HAL_IWDG_Refresh  stm32f4xx_hal_iwdg.o
    0x20003bc2   0x20003bc2   0x00000002   PAD
    0x20003bc4   0x20003bc4   0x00000010   Code   RO         2698    i.HAL_IncTick       stm32f4xx_hal.o
    0x20003bd4   0x20003bd4   0x00000034   Code   RO         2699    i.HAL_Init          stm32f4xx_hal.o
    0x20003c08   0x20003c08   0x00000074   Code   RO         1419    i.HAL_InitTick      stm32f4xx_hal_timebase_tim.o
    0x20003c7c   0x20003c7c   0x0000004c   Code   RO         1395    i.HAL_MspInit       stm32f4xx_hal_msp.o
    0x20003cc8   0x20003cc8   0x0000001a   Code   RO         2547    i.HAL_NVIC_EnableIRQ  stm32f4xx_hal_cortex.o
    0x20003ce2   0x20003ce2   0x00000002   PAD
    0x20003ce4   0x20003ce4   0x00000040   Code   RO         2553    i.HAL_NVIC_SetPriority  stm32f4xx_hal_cortex.o
    0x20003d24   0x20003d24   0x00000024   Code   RO         2554    i.HAL_NVIC_SetPriorityGrouping  stm32f4xx_hal_cortex.o
    0x20003d48   0x20003d48   0x00000070   Code   RO         2476    i.HAL_PWREx_EnableOverDrive  stm32f4xx_hal_pwr_ex.o
    0x20003db8   0x20003db8   0x00000254   Code   RO         1841    i.HAL_RCCEx_PeriphCLKConfig  stm32f4xx_hal_rcc_ex.o
    0x2000400c   0x2000400c   0x00000134   Code   RO         1734    i.HAL_RCC_ClockConfig  stm32f4xx_hal_rcc.o
    0x20004140   0x20004140   0x00000040   Code   RO         1738    i.HAL_RCC_GetClockConfig  stm32f4xx_hal_rcc.o
    0x20004180   0x20004180   0x00000020   Code   RO         1741    i.HAL_RCC_GetPCLK1Freq  stm32f4xx_hal_rcc.o
    0x200041a0   0x200041a0   0x00000020   Code   RO         1742    i.HAL_RCC_GetPCLK2Freq  stm32f4xx_hal_rcc.o
    0x200041c0   0x200041c0   0x00000064   Code   RO         1743    i.HAL_RCC_GetSysClockFreq  stm32f4xx_hal_rcc.o
    0x20004224   0x20004224   0x0000035c   Code   RO         1746    i.HAL_RCC_OscConfig  stm32f4xx_hal_rcc.o
    0x20004580   0x20004580   0x00000044   Code   RO         3439    i.HAL_RTC_GetDate   stm32f4xx_hal_rtc.o
    0x200045c4   0x200045c4   0x00000058   Code   RO         3441    i.HAL_RTC_GetTime   stm32f4xx_hal_rtc.o
    0x2000461c   0x2000461c   0x000000ac   Code   RO         3442    i.HAL_RTC_Init      stm32f4xx_hal_rtc.o
    0x200046c8   0x200046c8   0x00000018   Code   RO         1151    i.HAL_RTC_MspInit   rtc.o
    0x200046e0   0x200046e0   0x000000c8   Code   RO         3448    i.HAL_RTC_SetDate   stm32f4xx_hal_rtc.o
    0x200047a8   0x200047a8   0x000000ec   Code   RO         3449    i.HAL_RTC_SetTime   stm32f4xx_hal_rtc.o
    0x20004894   0x20004894   0x00000036   Code   RO         3450    i.HAL_RTC_WaitForSynchro  stm32f4xx_hal_rtc.o
    0x200048ca   0x200048ca   0x00000080   Code   RO         3810    i.HAL_SPI_Init      stm32f4xx_hal_spi.o
    0x2000494a   0x2000494a   0x00000002   PAD
    0x2000494c   0x2000494c   0x00000134   Code   RO         1193    i.HAL_SPI_MspInit   spi.o
    0x20004a80   0x20004a80   0x0000015c   Code   RO         3818    i.HAL_SPI_Transmit  stm32f4xx_hal_spi.o
    0x20004bdc   0x20004bdc   0x000001e2   Code   RO         3819    i.HAL_SPI_TransmitReceive  stm32f4xx_hal_spi.o
    0x20004dbe   0x20004dbe   0x00000002   Code   RO         4798    i.HAL_TIMEx_BreakCallback  stm32f4xx_hal_tim_ex.o
    0x20004dc0   0x20004dc0   0x00000002   Code   RO         4799    i.HAL_TIMEx_CommutCallback  stm32f4xx_hal_tim_ex.o
    0x20004dc2   0x20004dc2   0x00000036   Code   RO         4123    i.HAL_TIM_Base_Init  stm32f4xx_hal_tim.o
    0x20004df8   0x20004df8   0x00000002   Code   RO         4125    i.HAL_TIM_Base_MspInit  stm32f4xx_hal_tim.o
    0x20004dfa   0x20004dfa   0x00000022   Code   RO         4128    i.HAL_TIM_Base_Start_IT  stm32f4xx_hal_tim.o
    0x20004e1c   0x20004e1c   0x00000002   Code   RO         4152    i.HAL_TIM_IC_CaptureCallback  stm32f4xx_hal_tim.o
    0x20004e1e   0x20004e1e   0x00000166   Code   RO         4166    i.HAL_TIM_IRQHandler  stm32f4xx_hal_tim.o
    0x20004f84   0x20004f84   0x00000002   Code   RO         4169    i.HAL_TIM_OC_DelayElapsedCallback  stm32f4xx_hal_tim.o
    0x20004f86   0x20004f86   0x00000002   Code   RO         4196    i.HAL_TIM_PWM_PulseFinishedCallback  stm32f4xx_hal_tim.o
    0x20004f88   0x20004f88   0x00000014   Code   RO          828    i.HAL_TIM_PeriodElapsedCallback  main.o
    0x20004f9c   0x20004f9c   0x00000002   Code   RO         4209    i.HAL_TIM_TriggerCallback  stm32f4xx_hal_tim.o
    0x20004f9e   0x20004f9e   0x00000058   Code   RO         5068    i.HAL_UART_DMAStop  stm32f4xx_hal_uart.o
    0x20004ff6   0x20004ff6   0x00000002   Code   RO         5070    i.HAL_UART_ErrorCallback  stm32f4xx_hal_uart.o
    0x20004ff8   0x20004ff8   0x00000114   Code   RO         5073    i.HAL_UART_IRQHandler  stm32f4xx_hal_uart.o
    0x2000510c   0x2000510c   0x00000062   Code   RO         5074    i.HAL_UART_Init     stm32f4xx_hal_uart.o
    0x2000516e   0x2000516e   0x00000002   PAD
    0x20005170   0x20005170   0x000000f8   Code   RO         1247    i.HAL_UART_MspInit  usart.o
    0x20005268   0x20005268   0x00000098   Code   RO         5078    i.HAL_UART_Receive_DMA  stm32f4xx_hal_uart.o
    0x20005300   0x20005300   0x00000052   Code   RO         5079    i.HAL_UART_Receive_IT  stm32f4xx_hal_uart.o
    0x20005352   0x20005352   0x00000002   PAD
    0x20005354   0x20005354   0x0000001c   Code   RO         1248    i.HAL_UART_RxCpltCallback  usart.o
    0x20005370   0x20005370   0x00000002   Code   RO         5081    i.HAL_UART_RxHalfCpltCallback  stm32f4xx_hal_uart.o
    0x20005372   0x20005372   0x000000ba   Code   RO         5082    i.HAL_UART_Transmit  stm32f4xx_hal_uart.o
    0x2000542c   0x2000542c   0x00000002   Code   RO         5085    i.HAL_UART_TxCpltCallback  stm32f4xx_hal_uart.o
    0x2000542e   0x2000542e   0x00000002   Code   RO         1307    i.HardFault_Handler  stm32f4xx_it.o
    0x20005430   0x20005430   0x0000002e   Code   RO         3000    i.I2C_IsAcknowledgeFailed  stm32f4xx_hal_i2c.o
    0x2000545e   0x2000545e   0x00000002   PAD
    0x20005460   0x20005460   0x000000fc   Code   RO         3010    i.I2C_RequestMemoryRead  stm32f4xx_hal_i2c.o
    0x2000555c   0x2000555c   0x000000a8   Code   RO         3011    i.I2C_RequestMemoryWrite  stm32f4xx_hal_i2c.o
    0x20005604   0x20005604   0x0000004c   Code   RO         3014    i.I2C_WaitOnBTFFlagUntilTimeout  stm32f4xx_hal_i2c.o
    0x20005650   0x20005650   0x00000068   Code   RO         3015    i.I2C_WaitOnFlagUntilTimeout  stm32f4xx_hal_i2c.o
    0x200056b8   0x200056b8   0x00000096   Code   RO         3016    i.I2C_WaitOnMasterAddressFlagUntilTimeout  stm32f4xx_hal_i2c.o
    0x2000574e   0x2000574e   0x00000066   Code   RO         3017    i.I2C_WaitOnRXNEFlagUntilTimeout  stm32f4xx_hal_i2c.o
    0x200057b4   0x200057b4   0x0000004c   Code   RO         3018    i.I2C_WaitOnTXEFlagUntilTimeout  stm32f4xx_hal_i2c.o
    0x20005800   0x20005800   0x00000020   Code   RO           17    i.I2cEepromRead     common.o
    0x20005820   0x20005820   0x00000078   Code   RO           18    i.I2cEepromWrite    common.o
    0x20005898   0x20005898   0x0000001c   Code   RO          584    i.Init_Run_Status   functions.o
    0x200058b4   0x200058b4   0x0000000e   Code   RO          585    i.Is_Flag_Set       functions.o
    0x200058c2   0x200058c2   0x00000002   PAD
    0x200058c4   0x200058c4   0x00000080   Code   RO           19    i.Is_Value_Approximate  common.o
    0x20005944   0x20005944   0x00000012   Code   RO          586    i.Log_Read          functions.o
    0x20005956   0x20005956   0x00000066   Code   RO          587    i.Log_Write         functions.o
    0x200059bc   0x200059bc   0x0000004c   Code   RO          588    i.Log_Write_byte    functions.o
    0x20005a08   0x20005a08   0x00000068   Code   RO          928    i.MX_ADC1_Init      adc.o
    0x20005a70   0x20005a70   0x0000002c   Code   RO          968    i.MX_DMA_Init       dma.o
    0x20005a9c   0x20005a9c   0x000000f0   Code   RO          992    i.MX_FREERTOS_Init  freertos.o
    0x20005b8c   0x20005b8c   0x000001ac   Code   RO          902    i.MX_GPIO_Init      gpio.o
    0x20005d38   0x20005d38   0x0000005c   Code   RO         1074    i.MX_I2C1_Init      i2c.o
    0x20005d94   0x20005d94   0x0000005c   Code   RO         1075    i.MX_I2C2_Init      i2c.o
    0x20005df0   0x20005df0   0x0000002c   Code   RO         1120    i.MX_IWDG_Init      iwdg.o
    0x20005e1c   0x20005e1c   0x00000034   Code   RO         1152    i.MX_RTC_Init       rtc.o
    0x20005e50   0x20005e50   0x00000048   Code   RO         1194    i.MX_SPI1_Init      spi.o
    0x20005e98   0x20005e98   0x00000048   Code   RO         1195    i.MX_SPI4_Init      spi.o
    0x20005ee0   0x20005ee0   0x00000048   Code   RO         1196    i.MX_SPI5_Init      spi.o
    0x20005f28   0x20005f28   0x00000038   Code   RO         1249    i.MX_USART1_UART_Init  usart.o
    0x20005f60   0x20005f60   0x00000038   Code   RO         1250    i.MX_USART3_UART_Init  usart.o
    0x20005f98   0x20005f98   0x00000002   Code   RO         1308    i.MemManage_Handler  stm32f4xx_it.o
    0x20005f9a   0x20005f9a   0x00000002   Code   RO         1309    i.NMI_Handler       stm32f4xx_it.o
    0x20005f9c   0x20005f9c   0x000004c4   Code   RO          829    i.OSW_Init          main.o
    0x20006460   0x20006460   0x00000016   Code   RO           20    i.PRINT_HEX         common.o
    0x20006476   0x20006476   0x00000012   Code   RO         3451    i.RTC_Bcd2ToByte    stm32f4xx_hal_rtc.o
    0x20006488   0x20006488   0x00000016   Code   RO         3452    i.RTC_ByteToBcd2    stm32f4xx_hal_rtc.o
    0x2000649e   0x2000649e   0x00000002   PAD
    0x200064a0   0x200064a0   0x0000003a   Code   RO         3453    i.RTC_EnterInitMode  stm32f4xx_hal_rtc.o
    0x200064da   0x200064da   0x00000002   PAD
    0x200064dc   0x200064dc   0x000000e4   Code   RO           21    i.RTOS_ADC7828_Read  common.o
    0x200065c0   0x200065c0   0x00000010   Code   RO           22    i.RTOS_ADC7953_Read  common.o
    0x200065d0   0x200065d0   0x00000220   Code   RO           23    i.RTOS_ADC7953_SPI4_Read  common.o
    0x200067f0   0x200067f0   0x00000214   Code   RO           24    i.RTOS_ADC7953_SPI5_Read  common.o
    0x20006a04   0x20006a04   0x000000ec   Code   RO           25    i.RTOS_DAC5535_Write  common.o
    0x20006af0   0x20006af0   0x000000e8   Code   RO           26    i.RTOS_EEPROM_Read  common.o
    0x20006bd8   0x20006bd8   0x000000e8   Code   RO           27    i.RTOS_EEPROM_Write  common.o
    0x20006cc0   0x20006cc0   0x00000016   Code   RO          589    i.Reset_Log_Status  functions.o
    0x20006cd6   0x20006cd6   0x00000002   PAD
    0x20006cd8   0x20006cd8   0x00000044   Code   RO          590    i.Reset_Switch      functions.o
    0x20006d1c   0x20006d1c   0x00000058   Code   RO         3848    i.SPI_EndRxTxTransaction  stm32f4xx_hal_spi.o
    0x20006d74   0x20006d74   0x00000094   Code   RO         3853    i.SPI_WaitFlagStateUntilTimeout  stm32f4xx_hal_spi.o
    0x20006e08   0x20006e08   0x00000038   Code   RO          797    i.Set_Alarm         functions.o
    0x20006e40   0x20006e40   0x0000000c   Code   RO          591    i.Set_Flag          functions.o
    0x20006e4c   0x20006e4c   0x000000dc   Code   RO          592    i.Set_Switch        functions.o
    0x20006f28   0x20006f28   0x00000038   Code   RO          809    i.Set_Switch_Ready  functions.o
    0x20006f60   0x20006f60   0x00000008   Code   RO          993    i.StartDefaultTask  freertos.o
    0x20006f68   0x20006f68   0x0000002c   Code   RO         6953    i.SysTick_Handler   port.o
    0x20006f94   0x20006f94   0x000000a8   Code   RO          830    i.SystemClock_Config  main.o
    0x2000703c   0x2000703c   0x00000018   Code   RO         5376    i.SystemInit        system_stm32f4xx.o
    0x20007054   0x20007054   0x0000000c   Code   RO         1310    i.TIM1_TRG_COM_TIM11_IRQHandler  stm32f4xx_it.o
    0x20007060   0x20007060   0x000000c8   Code   RO         4211    i.TIM_Base_SetConfig  stm32f4xx_hal_tim.o
    0x20007128   0x20007128   0x000000b0   Code   RO          593    i.Throw_Log         functions.o
    0x200071d8   0x200071d8   0x00000010   Code   RO         5087    i.UART_DMAAbortOnError  stm32f4xx_hal_uart.o
    0x200071e8   0x200071e8   0x0000004a   Code   RO         5088    i.UART_DMAError     stm32f4xx_hal_uart.o
    0x20007232   0x20007232   0x0000003c   Code   RO         5089    i.UART_DMAReceiveCplt  stm32f4xx_hal_uart.o
    0x2000726e   0x2000726e   0x0000000a   Code   RO         5091    i.UART_DMARxHalfCplt  stm32f4xx_hal_uart.o
    0x20007278   0x20007278   0x0000001c   Code   RO         5097    i.UART_EndRxTransfer  stm32f4xx_hal_uart.o
    0x20007294   0x20007294   0x00000012   Code   RO         5098    i.UART_EndTxTransfer  stm32f4xx_hal_uart.o
    0x200072a6   0x200072a6   0x00000096   Code   RO         5099    i.UART_Receive_IT   stm32f4xx_hal_uart.o
    0x2000733c   0x2000733c   0x00000128   Code   RO         5100    i.UART_SetConfig    stm32f4xx_hal_uart.o
    0x20007464   0x20007464   0x00000062   Code   RO         5101    i.UART_Transmit_IT  stm32f4xx_hal_uart.o
    0x200074c6   0x200074c6   0x00000064   Code   RO         5102    i.UART_WaitOnFlagUntilTimeout  stm32f4xx_hal_uart.o
    0x2000752a   0x2000752a   0x00000002   PAD
    0x2000752c   0x2000752c   0x0000000c   Code   RO         1311    i.USART1_IRQHandler  stm32f4xx_it.o
    0x20007538   0x20007538   0x000000cc   Code   RO          424    i.Uart_Respond      command.o
    0x20007604   0x20007604   0x00000024   Code   RO          594    i.Update_Log_Status  functions.o
    0x20007628   0x20007628   0x00000054   Code   RO          595    i.Update_Up_Status  functions.o
    0x2000767c   0x2000767c   0x00000002   Code   RO         1312    i.UsageFault_Handler  stm32f4xx_it.o
    0x2000767e   0x2000767e   0x00000002   PAD
    0x20007680   0x20007680   0x00000028   Code   RO         7299    i.__0sprintf        mc_w.l(printfa.o)
    0x200076a8   0x200076a8   0x00000020   Code   RO         2560    i.__NVIC_SetPriority  stm32f4xx_hal_cortex.o
    0x200076c8   0x200076c8   0x00000008   Code   RO         7415    i.__aeabi_errno_addr  mc_w.l(errno.o)
    0x200076d0   0x200076d0   0x000003c4   Code   RO         7029    i.__hardfp_log      m_wm.l(log.o)
    0x20007a94   0x20007a94   0x000000f8   Code   RO         7359    i.__kernel_poly     m_wm.l(poly.o)
    0x20007b8c   0x20007b8c   0x00000004   PAD
    0x20007b90   0x20007b90   0x00000030   Code   RO         7345    i.__mathlib_dbl_divzero  m_wm.l(dunder.o)
    0x20007bc0   0x20007bc0   0x00000014   Code   RO         7346    i.__mathlib_dbl_infnan  m_wm.l(dunder.o)
    0x20007bd4   0x20007bd4   0x00000004   PAD
    0x20007bd8   0x20007bd8   0x00000020   Code   RO         7348    i.__mathlib_dbl_invalid  m_wm.l(dunder.o)
    0x20007bf8   0x20007bf8   0x0000000e   Code   RO         7439    i.__scatterload_copy  mc_w.l(handlers.o)
    0x20007c06   0x20007c06   0x00000002   Code   RO         7440    i.__scatterload_null  mc_w.l(handlers.o)
    0x20007c08   0x20007c08   0x0000000e   Code   RO         7441    i.__scatterload_zeroinit  mc_w.l(handlers.o)
    0x20007c16   0x20007c16   0x00000002   PAD
    0x20007c18   0x20007c18   0x0000000c   Code   RO         7417    i.__set_errno       mc_w.l(errno.o)
    0x20007c24   0x20007c24   0x00000184   Code   RO         7304    i._fp_digits        mc_w.l(printfa.o)
    0x20007da8   0x20007da8   0x000006dc   Code   RO         7305    i._printf_core      mc_w.l(printfa.o)
    0x20008484   0x20008484   0x00000024   Code   RO         7306    i._printf_post_padding  mc_w.l(printfa.o)
    0x200084a8   0x200084a8   0x0000002e   Code   RO         7307    i._printf_pre_padding  mc_w.l(printfa.o)
    0x200084d6   0x200084d6   0x0000000a   Code   RO         7309    i._sputc            mc_w.l(printfa.o)
    0x200084e0   0x200084e0   0x000000b0   Code   RO          994    i.cmdProcessTask    freertos.o
    0x20008590   0x20008590   0x000002d4   Code   RO          596    i.debug_cal_dump    functions.o
    0x20008864   0x20008864   0x0000002a   Code   RO          597    i.debug_cal_il      functions.o
    0x2000888e   0x2000888e   0x0000007a   Code   RO          598    i.debug_cal_switch  functions.o
    0x20008908   0x20008908   0x000001d8   Code   RO          599    i.debug_cal_threshold  functions.o
    0x20008ae0   0x20008ae0   0x00000020   Code   RO          600    i.debug_eeprom      functions.o
    0x20008b00   0x20008b00   0x00000040   Code   RO          601    i.debug_pin         functions.o
    0x20008b40   0x20008b40   0x00000090   Code   RO          602    i.debug_sw_adc      functions.o
    0x20008bd0   0x20008bd0   0x00000016   Code   RO          603    i.debug_sw_dac      functions.o
    0x20008be6   0x20008be6   0x0000005e   Code   RO          604    i.debug_tag         functions.o
    0x20008c44   0x20008c44   0x00000028   Code   RO          605    i.debug_vol_adc     functions.o
    0x20008c6c   0x20008c6c   0x0000004c   Code   RO          606    i.debug_write_log   functions.o
    0x20008cb8   0x20008cb8   0x00000014   Code   RO           29    i.get_32_from_eeprom  common.o
    0x20008ccc   0x20008ccc   0x00000140   Code   RO          995    i.isrTask           freertos.o
    0x20008e0c   0x20008e0c   0x00000160   Code   RO          996    i.logTask           freertos.o
    0x20008f6c   0x20008f6c   0x00000078   Code   RO          831    i.main              main.o
    0x20008fe4   0x20008fe4   0x00000618   Code   RO          997    i.monitorTask       freertos.o
    0x200095fc   0x200095fc   0x00000030   Code   RO           31    i.my_abs            common.o
    0x2000962c   0x2000962c   0x00000034   Code   RO         6482    i.osDelay           cmsis_os2.o
    0x20009660   0x20009660   0x00000038   Code   RO         6496    i.osKernelInitialize  cmsis_os2.o
    0x20009698   0x20009698   0x00000040   Code   RO         6499    i.osKernelStart     cmsis_os2.o
    0x200096d8   0x200096d8   0x0000007c   Code   RO         6502    i.osMessageQueueGet  cmsis_os2.o
    0x20009754   0x20009754   0x0000002c   Code   RO         6504    i.osMessageQueueGetCount  cmsis_os2.o
    0x20009780   0x20009780   0x00000074   Code   RO         6507    i.osMessageQueueNew  cmsis_os2.o
    0x200097f4   0x200097f4   0x00000080   Code   RO         6508    i.osMessageQueuePut  cmsis_os2.o
    0x20009874   0x20009874   0x0000006c   Code   RO         6510    i.osMutexAcquire    cmsis_os2.o
    0x200098e0   0x200098e0   0x00000080   Code   RO         6513    i.osMutexNew        cmsis_os2.o
    0x20009960   0x20009960   0x0000005c   Code   RO         6514    i.osMutexRelease    cmsis_os2.o
    0x200099bc   0x200099bc   0x00000074   Code   RO         6515    i.osSemaphoreAcquire  cmsis_os2.o
    0x20009a30   0x20009a30   0x000000b0   Code   RO         6518    i.osSemaphoreNew    cmsis_os2.o
    0x20009ae0   0x20009ae0   0x00000070   Code   RO         6519    i.osSemaphoreRelease  cmsis_os2.o
    0x20009b50   0x20009b50   0x000000a4   Code   RO         6533    i.osThreadNew       cmsis_os2.o
    0x20009bf4   0x20009bf4   0x0000005c   Code   RO         5978    i.prvAddCurrentTaskToDelayedList  tasks.o
    0x20009c50   0x20009c50   0x000000d0   Code   RO         5979    i.prvAddNewTaskToReadyList  tasks.o
    0x20009d20   0x20009d20   0x00000058   Code   RO         6328    i.prvCheckForValidListAndQueue  timers.o
    0x20009d78   0x20009d78   0x00000026   Code   RO         5581    i.prvCopyDataFromQueue  queue.o
    0x20009d9e   0x20009d9e   0x0000006c   Code   RO         5582    i.prvCopyDataToQueue  queue.o
    0x20009e0a   0x20009e0a   0x00000034   Code   RO         5980    i.prvDeleteTCB      tasks.o
    0x20009e3e   0x20009e3e   0x00000002   PAD
    0x20009e40   0x20009e40   0x0000004c   Code   RO         6903    i.prvHeapInit       heap_4.o
    0x20009e8c   0x20009e8c   0x00000060   Code   RO         5981    i.prvIdleTask       tasks.o
    0x20009eec   0x20009eec   0x00000016   Code   RO         5583    i.prvInitialiseMutex  queue.o
    0x20009f02   0x20009f02   0x00000002   PAD
    0x20009f04   0x20009f04   0x00000022   Code   RO         5584    i.prvInitialiseNewQueue  queue.o
    0x20009f26   0x20009f26   0x0000009c   Code   RO         5982    i.prvInitialiseNewTask  tasks.o
    0x20009fc2   0x20009fc2   0x00000002   PAD
    0x20009fc4   0x20009fc4   0x0000004c   Code   RO         6904    i.prvInsertBlockIntoFreeList  heap_4.o
    0x2000a010   0x2000a010   0x00000038   Code   RO         6330    i.prvInsertTimerInActiveList  timers.o
    0x2000a048   0x2000a048   0x0000001c   Code   RO         5585    i.prvIsQueueEmpty   queue.o
    0x2000a064   0x2000a064   0x000000cc   Code   RO         6331    i.prvProcessReceivedCommands  timers.o
    0x2000a130   0x2000a130   0x000000b4   Code   RO         6332    i.prvProcessTimerOrBlockTask  timers.o
    0x2000a1e4   0x2000a1e4   0x00000020   Code   RO         5984    i.prvResetNextTaskUnblockTime  tasks.o
    0x2000a204   0x2000a204   0x00000028   Code   RO         6333    i.prvSampleTimeNow  timers.o
    0x2000a22c   0x2000a22c   0x0000006c   Code   RO         6334    i.prvSwitchTimerLists  timers.o
    0x2000a298   0x2000a298   0x00000028   Code   RO         6954    i.prvTaskExitError  port.o
    0x2000a2c0   0x2000a2c0   0x00000024   Code   RO         6335    i.prvTimerTask      timers.o
    0x2000a2e4   0x2000a2e4   0x0000006a   Code   RO         5586    i.prvUnlockQueue    queue.o
    0x2000a34e   0x2000a34e   0x00000002   PAD
    0x2000a350   0x2000a350   0x000000d8   Code   RO         6905    i.pvPortMalloc      heap_4.o
    0x2000a428   0x2000a428   0x00000018   Code   RO         5987    i.pvTaskIncrementMutexHeldCount  tasks.o
    0x2000a440   0x2000a440   0x0000002c   Code   RO         6955    i.pxPortInitialiseStack  port.o
    0x2000a46c   0x2000a46c   0x000000ac   Code   RO          607    i.set_sw_dac        functions.o
    0x2000a518   0x2000a518   0x00000004   Code   RO           32    i.switch_endian     common.o
    0x2000a51c   0x2000a51c   0x00000294   Code   RO          998    i.uartProcessTask   freertos.o
    0x2000a7b0   0x2000a7b0   0x00000068   Code   RO         5988    i.ulTaskNotifyTake  tasks.o
    0x2000a818   0x2000a818   0x00000026   Code   RO         5541    i.uxListRemove      list.o
    0x2000a83e   0x2000a83e   0x00000024   Code   RO         5589    i.uxQueueMessagesWaiting  queue.o
    0x2000a862   0x2000a862   0x00000016   Code   RO         5590    i.uxQueueMessagesWaitingFromISR  queue.o
    0x2000a878   0x2000a878   0x00000014   Code   RO         6545    i.vApplicationGetIdleTaskMemory  cmsis_os2.o
    0x2000a88c   0x2000a88c   0x00000018   Code   RO         6546    i.vApplicationGetTimerTaskMemory  cmsis_os2.o
    0x2000a8a4   0x2000a8a4   0x00000016   Code   RO         5542    i.vListInitialise   list.o
    0x2000a8ba   0x2000a8ba   0x00000006   Code   RO         5543    i.vListInitialiseItem  list.o
    0x2000a8c0   0x2000a8c0   0x00000030   Code   RO         5544    i.vListInsert       list.o
    0x2000a8f0   0x2000a8f0   0x00000018   Code   RO         5545    i.vListInsertEnd    list.o
    0x2000a908   0x2000a908   0x00000040   Code   RO         6957    i.vPortEnterCritical  port.o
    0x2000a948   0x2000a948   0x00000028   Code   RO         6958    i.vPortExitCritical  port.o
    0x2000a970   0x2000a970   0x0000005c   Code   RO         6906    i.vPortFree         heap_4.o
    0x2000a9cc   0x2000a9cc   0x00000024   Code   RO         6959    i.vPortSetupTimerInterrupt  port.o
    0x2000a9f0   0x2000a9f0   0x00000054   Code   RO         6960    i.vPortValidateInterruptPriority  port.o
    0x2000aa44   0x2000aa44   0x00000028   Code   RO         5592    i.vQueueAddToRegistry  queue.o
    0x2000aa6c   0x2000aa6c   0x0000002e   Code   RO         5593    i.vQueueDelete      queue.o
    0x2000aa9a   0x2000aa9a   0x00000002   PAD
    0x2000aa9c   0x2000aa9c   0x00000028   Code   RO         5595    i.vQueueUnregisterQueue  queue.o
    0x2000aac4   0x2000aac4   0x00000044   Code   RO         5596    i.vQueueWaitForMessageRestricted  queue.o
    0x2000ab08   0x2000ab08   0x0000004c   Code   RO         5996    i.vTaskDelay        tasks.o
    0x2000ab54   0x2000ab54   0x00000010   Code   RO         6001    i.vTaskInternalSetTimeOutState  tasks.o
    0x2000ab64   0x2000ab64   0x0000000c   Code   RO         6002    i.vTaskMissedYield  tasks.o
    0x2000ab70   0x2000ab70   0x00000030   Code   RO         6004    i.vTaskPlaceOnEventList  tasks.o
    0x2000aba0   0x2000aba0   0x00000038   Code   RO         6005    i.vTaskPlaceOnEventListRestricted  tasks.o
    0x2000abd8   0x2000abd8   0x00000090   Code   RO         6007    i.vTaskPriorityDisinheritAfterTimeout  tasks.o
    0x2000ac68   0x2000ac68   0x00000088   Code   RO         6013    i.vTaskStartScheduler  tasks.o
    0x2000acf0   0x2000acf0   0x00000010   Code   RO         6015    i.vTaskSuspendAll   tasks.o
    0x2000ad00   0x2000ad00   0x00000064   Code   RO         6016    i.vTaskSwitchContext  tasks.o
    0x2000ad64   0x2000ad64   0x00000018   Code   RO          999    i.watchdogTask      freertos.o
    0x2000ad7c   0x2000ad7c   0x00000010   Code   RO           33    i.write_32_to_eeprom  common.o
    0x2000ad8c   0x2000ad8c   0x000000f4   Code   RO         6961    i.xPortStartScheduler  port.o
    0x2000ae80   0x2000ae80   0x0000003a   Code   RO         5597    i.xQueueCreateCountingSemaphore  queue.o
    0x2000aeba   0x2000aeba   0x00000040   Code   RO         5598    i.xQueueCreateCountingSemaphoreStatic  queue.o
    0x2000aefa   0x2000aefa   0x00000016   Code   RO         5599    i.xQueueCreateMutex  queue.o
    0x2000af10   0x2000af10   0x0000001a   Code   RO         5600    i.xQueueCreateMutexStatic  queue.o
    0x2000af2a   0x2000af2a   0x00000048   Code   RO         5601    i.xQueueGenericCreate  queue.o
    0x2000af72   0x2000af72   0x00000066   Code   RO         5602    i.xQueueGenericCreateStatic  queue.o
    0x2000afd8   0x2000afd8   0x00000088   Code   RO         5603    i.xQueueGenericReset  queue.o
    0x2000b060   0x2000b060   0x00000160   Code   RO         5604    i.xQueueGenericSend  queue.o
    0x2000b1c0   0x2000b1c0   0x000000bc   Code   RO         5605    i.xQueueGenericSendFromISR  queue.o
    0x2000b27c   0x2000b27c   0x0000009c   Code   RO         5608    i.xQueueGiveFromISR  queue.o
    0x2000b318   0x2000b318   0x0000003e   Code   RO         5609    i.xQueueGiveMutexRecursive  queue.o
    0x2000b356   0x2000b356   0x00000002   PAD
    0x2000b358   0x2000b358   0x00000138   Code   RO         5614    i.xQueueReceive     queue.o
    0x2000b490   0x2000b490   0x0000009a   Code   RO         5615    i.xQueueReceiveFromISR  queue.o
    0x2000b52a   0x2000b52a   0x00000002   PAD
    0x2000b52c   0x2000b52c   0x00000178   Code   RO         5616    i.xQueueSemaphoreTake  queue.o
    0x2000b6a4   0x2000b6a4   0x00000040   Code   RO         5617    i.xQueueTakeMutexRecursive  queue.o
    0x2000b6e4   0x2000b6e4   0x00000074   Code   RO         6017    i.xTaskCheckForTimeOut  tasks.o
    0x2000b758   0x2000b758   0x0000005a   Code   RO         6018    i.xTaskCreate       tasks.o
    0x2000b7b2   0x2000b7b2   0x00000056   Code   RO         6019    i.xTaskCreateStatic  tasks.o
    0x2000b808   0x2000b808   0x000000c8   Code   RO         6020    i.xTaskGenericNotify  tasks.o
    0x2000b8d0   0x2000b8d0   0x0000000c   Code   RO         6022    i.xTaskGetCurrentTaskHandle  tasks.o
    0x2000b8dc   0x2000b8dc   0x0000001c   Code   RO         6023    i.xTaskGetSchedulerState  tasks.o
    0x2000b8f8   0x2000b8f8   0x0000000c   Code   RO         6024    i.xTaskGetTickCount  tasks.o
    0x2000b904   0x2000b904   0x000000c8   Code   RO         6026    i.xTaskIncrementTick  tasks.o
    0x2000b9cc   0x2000b9cc   0x00000080   Code   RO         6029    i.xTaskPriorityDisinherit  tasks.o
    0x2000ba4c   0x2000ba4c   0x00000078   Code   RO         6030    i.xTaskPriorityInherit  tasks.o
    0x2000bac4   0x2000bac4   0x00000070   Code   RO         6031    i.xTaskRemoveFromEventList  tasks.o
    0x2000bb34   0x2000bb34   0x000000c4   Code   RO         6032    i.xTaskResumeAll    tasks.o
    0x2000bbf8   0x2000bbf8   0x00000060   Code   RO         6342    i.xTimerCreateTimerTask  timers.o
    0x2000bc58   0x2000bc58   0x00000068   Code   RO         6343    i.xTimerGenericCommand  timers.o
    0x2000bcc0   0x2000bcc0   0x00000030   Data   RO          834    .constdata          main.o
    0x2000bcf0   0x2000bcf0   0x00000004   Data   RO          835    .constdata          main.o
    0x2000bcf4   0x2000bcf4   0x00000001   Data   RO          836    .constdata          main.o
    0x2000bcf5   0x2000bcf5   0x00000003   PAD
    0x2000bcf8   0x2000bcf8   0x0000010c   Data   RO         1000    .constdata          freertos.o
    0x2000be04   0x2000be04   0x00000008   Data   RO         2259    .constdata          stm32f4xx_hal_dma.o
    0x2000be0c   0x2000be0c   0x00000010   Data   RO         5377    .constdata          system_stm32f4xx.o
    0x2000be1c   0x2000be1c   0x00000008   Data   RO         5378    .constdata          system_stm32f4xx.o
    0x2000be24   0x2000be24   0x00000004   PAD
    0x2000be28   0x2000be28   0x00000038   Data   RO         7032    .constdata          m_wm.l(log.o)
    0x2000be60   0x2000be60   0x00000008   Data   RO         7361    .constdata          m_wm.l(qnan.o)
    0x2000be68   0x2000be68   0x00000081   Data   RO         7388    .constdata          mc_w.l(ctype_o.o)
    0x2000bee9   0x2000bee9   0x00000003   PAD
    0x2000beec   0x2000beec   0x00000004   Data   RO         7389    .constdata          mc_w.l(ctype_o.o)
    0x2000bef0   0x2000bef0   0x0000006d   Data   RO          426    .conststring        command.o
    0x2000bf5d   0x2000bf5d   0x00000003   PAD
    0x2000bf60   0x2000bf60   0x000000be   Data   RO         1001    .conststring        freertos.o
    0x2000c01e   0x2000c01e   0x00000002   PAD
    0x2000c020   0x2000c020   0x00000020   Data   RO         7437    Region$$Table       anon$$obj.o


    Execution Region RW_IRAM1 (Exec base: 0x20018000, Load base: 0x2000c040, Size: 0x000063e0, Max: 0x00017c00, ABSOLUTE, COMPRESSED[0x000004f0])

    Exec Addr    Load Addr    Size         Type   Attr      Idx    E Section Name        Object

    0x20018000   COMPRESSED   0x00000400   Data   RW           37    .data               common.o
    0x20018400   COMPRESSED   0x000000a0   Data   RW          427    .data               command.o
    0x200184a0   COMPRESSED   0x00000067   Data   RW          608    .data               functions.o
    0x20018507   COMPRESSED   0x00000002   Data   RW          837    .data               main.o
    0x20018509   COMPRESSED   0x00000003   PAD
    0x2001850c   COMPRESSED   0x00000048   Data   RW         1002    .data               freertos.o
    0x20018554   COMPRESSED   0x0000000c   Data   RW         2706    .data               stm32f4xx_hal.o
    0x20018560   COMPRESSED   0x00000004   Data   RW         5379    .data               system_stm32f4xx.o
    0x20018564   COMPRESSED   0x0000003c   Data   RW         6035    .data               tasks.o
    0x200185a0   COMPRESSED   0x00000014   Data   RW         6351    .data               timers.o
    0x200185b4   COMPRESSED   0x00000004   Data   RW         6548    .data               cmsis_os2.o
    0x200185b8   COMPRESSED   0x00000018   Data   RW         6911    .data               heap_4.o
    0x200185d0   COMPRESSED   0x0000000c   Data   RW         6962    .data               port.o
    0x200185dc   COMPRESSED   0x00000004   Data   RW         7418    .data               mc_w.l(errno.o)
    0x200185e0        -       0x00000400   Zero   RW           36    .bss                common.o
    0x200189e0        -       0x000009a0   Zero   RW          425    .bss                command.o
    0x20019380        -       0x00000028   Zero   RW          833    .bss                main.o
    0x200193a8        -       0x00000048   Zero   RW          929    .bss                adc.o
    0x200193f0        -       0x000000a8   Zero   RW         1076    .bss                i2c.o
    0x20019498        -       0x0000000c   Zero   RW         1121    .bss                iwdg.o
    0x200194a4        -       0x00000020   Zero   RW         1153    .bss                rtc.o
    0x200194c4        -       0x00000108   Zero   RW         1197    .bss                spi.o
    0x200195cc        -       0x000000e0   Zero   RW         1251    .bss                usart.o
    0x200196ac        -       0x00000040   Zero   RW         1422    .bss                stm32f4xx_hal_timebase_tim.o
    0x200196ec        -       0x00000020   Zero   RW         1918    .bss                stm32f4xx_hal_flash.o
    0x2001970c        -       0x00000040   Zero   RW         5618    .bss                queue.o
    0x2001974c        -       0x000004c4   Zero   RW         6034    .bss                tasks.o
    0x20019c10        -       0x00000118   Zero   RW         6350    .bss                timers.o
    0x20019d28        -       0x000006b8   Zero   RW         6547    .bss                cmsis_os2.o
    0x2001a3e0        -       0x00003c00   Zero   RW         6910    .bss                heap_4.o
    0x2001dfe0        -       0x00000400   Zero   RW            1    STACK               startup_stm32f427xx.o


    Execution Region RW_IRAM2 (Exec base: 0x2002fc00, Load base: 0x2000c530, Size: 0x000000b0, Max: 0x00000400, ABSOLUTE, UNINIT)

    Exec Addr    Load Addr    Size         Type   Attr      Idx    E Section Name        Object

    0x2002fc00        -       0x000000b0   Zero   RW          832    .ARM.__AT_0x2002FC00  main.o


==============================================================================

Image component sizes


      Code (inc. data)   RO Data    RW Data    ZI Data      Debug   Object Name

       144         26          0          0         72       1581   adc.o
      1524         92          0          4       1720      29957   cmsis_os2.o
      5284       1260        109        160       2464      51190   command.o
      2480        776          0       1024       1024     819839   common.o
        44          4          0          0          0        778   dma.o
         0          0          0          0          0      20156   event_groups.o
       154          8          0          0          0       2301   flash_if.o
      3340        868        458         72          0       8200   freertos.o
      4690        620          0        103          0      27836   functions.o
       428         32          0          0          0       1175   gpio.o
       460         24          0         24      15360       4851   heap_4.o
       516         50          0          0        168       2610   i2c.o
        44          8          0          0         12        731   iwdg.o
       138          0          0          0          0       3622   list.o
      1702        446         53          2        216       6022   main.o
       786         82          0         12          0      11741   port.o
      2732         28          0          0         64      32173   queue.o
        76         16          0          0         32       1487   rtc.o
       524         60          0          0        264       3119   spi.o
        36          8        428          0       1024        848   startup_stm32f427xx.o
       116         18          0         12          0       8954   stm32f4xx_hal.o
       736         34          0          0          0       2939   stm32f4xx_hal_adc.o
       158         14          0          0          0      33222   stm32f4xx_hal_cortex.o
      1080         16          8          0          0       7466   stm32f4xx_hal_dma.o
       746         74          0          0         32       8132   stm32f4xx_hal_flash.o
       336         22          0          0          0       4261   stm32f4xx_hal_flash_ex.o
       512         60          0          0          0       3758   stm32f4xx_hal_gpio.o
      2174         52          0          0          0      13038   stm32f4xx_hal_i2c.o
       128          0          0          0          0       1895   stm32f4xx_hal_i2c_ex.o
        94          0          0          0          0       1791   stm32f4xx_hal_iwdg.o
        76          6          0          0          0        878   stm32f4xx_hal_msp.o
       112         14          0          0          0       1312   stm32f4xx_hal_pwr_ex.o
      1396         92          0          0          0       5973   stm32f4xx_hal_rcc.o
       596         36          0          0          0       1636   stm32f4xx_hal_rcc_ex.o
       916         30          0          0          0       7636   stm32f4xx_hal_rtc.o
      1194          8          0          0          0       6336   stm32f4xx_hal_spi.o
       656         44          0          0          0       7380   stm32f4xx_hal_tim.o
         4          0          0          0          0       1637   stm32f4xx_hal_tim_ex.o
       116         16          0          0         64       1436   stm32f4xx_hal_timebase_tim.o
      1738         30          0          0          0      14587   stm32f4xx_hal_uart.o
        66         18          0          0          0       5684   stm32f4xx_it.o
         0          0          0          0          0       8888   stream_buffer.o
        24          4         24          4          0       1191   system_stm32f4xx.o
      2668        226          0         60       1220      29637   tasks.o
       912         82          0         20        280      26399   timers.o
       388         54          0          0        224       3179   usart.o

    ----------------------------------------------------------------------
     42100       5358       1124       1500      24240    1239462   Object Totals
         0          0         32          0          0          0   (incl. Generated)
        56          0         12          3          0          0   (incl. Padding)

    ----------------------------------------------------------------------

      Code (inc. data)   RO Data    RW Data    ZI Data      Debug   Library Member Name

       100         28          0          0          0        372   dunder.o
       964         92         56          0          0        316   log.o
       248          0          0          0          0        152   poly.o
         0          0          8          0          0          0   qnan.o
        86          0          0          0          0          0   __dczerorl2.o
        28          0          0          0          0         68   _chval.o
       158          0          0          0          0         92   _strtoul.o
         8          4        133          0          0         68   ctype_o.o
         0          0          0          0          0          0   entry.o
         0          0          0          0          0          0   entry10a.o
         0          0          0          0          0          0   entry11a.o
         8          4          0          0          0          0   entry2.o
         4          0          0          0          0          0   entry5.o
         0          0          0          0          0          0   entry7b.o
         0          0          0          0          0          0   entry8b.o
         8          4          0          0          0          0   entry9a.o
        20         10          0          4          0        136   errno.o
        30          0          0          0          0          0   handlers.o
        36          8          0          0          0         68   init.o
         0          0          0          0          0          0   iusefp.o
        30          0          0          0          0         68   llshl.o
        36          0          0          0          0         68   llsshr.o
        32          0          0          0          0         68   llushr.o
        36          0          0          0          0         68   memcpya.o
        36          0          0          0          0        108   memseta.o
      2276         86          0          0          0        520   printfa.o
        28          0          0          0          0         76   strcmp.o
        18          0          0          0          0         68   strcpy.o
        14          0          0          0          0         68   strlen.o
        30          0          0          0          0         80   strncmp.o
       114          0          0          0          0         92   strtoul.o
        44          0          0          0          0         80   uidiv.o
        98          0          0          0          0         92   uldiv.o
        48          0          0          0          0         68   cdcmple.o
        48          0          0          0          0         68   cdrcmple.o
       334          0          0          0          0        148   dadd.o
       222          0          0          0          0        100   ddiv.o
       186          0          0          0          0        176   depilogue.o
        62          0          0          0          0         80   dfixi.o
        50          0          0          0          0         76   dfixui.o
        48          0          0          0          0         68   dfixul.o
        34          0          0          0          0         76   dflti.o
        26          0          0          0          0         76   dfltui.o
       228          0          0          0          0         96   dmul.o

    ----------------------------------------------------------------------
      5792        236        200          4          0       3760   Library Totals
        16          0          3          0          0          0   (incl. Padding)

    ----------------------------------------------------------------------

      Code (inc. data)   RO Data    RW Data    ZI Data      Debug   Library Name

      1312        120         64          0          0        840   m_wm.l
      3178        116        133          4          0       1888   mc_w.l
      1286          0          0          0          0       1032   mf_w.l

    ----------------------------------------------------------------------
      5792        236        200          4          0       3760   Library Totals

    ----------------------------------------------------------------------

==============================================================================


      Code (inc. data)   RO Data    RW Data    ZI Data      Debug   

     47892       5594       1324       1504      24240    1209246   Grand Totals
     47892       5594       1324       1264      24240    1209246   ELF Image Totals (compressed)
     47892       5594       1324       1264          0          0   ROM Totals

==============================================================================

    Total RO  Size (Code + RO Data)                49216 (  48.06kB)
    Total RW  Size (RW Data + ZI Data)             25744 (  25.14kB)
    Total ROM Size (Code + RO Data + RW Data)      50480 (  49.30kB)

==============================================================================

